[2026-09-03T17:55:02Z] STEERING_OPERATORS start (seed 0, steer seeds 12, mod scenes 16) -> /root/cgs-pilot/artifacts/steering_operators
[2026-09-03T17:55:02Z] arm A: waiting for 'arm A seed 0: slimmed' in /root/cgs-pilot/logs/drive_identity_geometry.log
[2026-09-03T18:04:32Z] still waiting for arm A dump ([2026-09-03T17:31:59Z] arm A seed 0: localization dump FAILED (see /root/cgs-pilot/logs/drive_identi)
[2026-09-03T18:14:32Z] still waiting for arm A dump ([localize] pair drive_seed000007 done (180.5s))
[2026-09-03T18:24:32Z] still waiting for arm A dump ([localize] pair drive_seed000023 done (742.1s))
[2026-09-03T18:34:32Z] still waiting for arm A dump ([localize] pair drive_seed000050 done (1342.2s))
[2026-09-03T18:44:32Z] still waiting for arm A dump ([localize] pair drive_seed000085 done (1953.5s))
[2026-09-03T18:54:33Z] still waiting for arm A dump ([localize] pair drive_seed000112 done (2559.6s))
[2026-09-03T19:04:33Z] still waiting for arm A dump ([localize] pair drive_seed000119 done (2792.7s))
[2026-09-03T19:14:33Z] still waiting for arm A dump ([localize] pair drive_seed000119 done (2792.7s))
[2026-09-03T19:24:33Z] still waiting for arm A dump ([localize] pair drive_seed000119 done (2792.7s))
[2026-09-03T19:25:03Z] arm A: dump copied (809M, 18 sites)
[2026-09-03T19:25:03Z] arm B: waiting for 'arm B seed 0: slimmed' in /root/cgs-pilot/logs/drive_identity_geometry.log
[2026-09-03T19:34:34Z] still waiting for arm B dump ([localize] pair drive_seed000078 done (580.8s))
[2026-09-03T19:44:34Z] still waiting for arm B dump ([localize] pair drive_seed000119 done (744.3s))
[2026-09-03T19:54:34Z] still waiting for arm B dump ([localize] pair drive_seed000119 done (744.3s))
[2026-09-03T20:04:05Z] arm B: dump copied (809M, 18 sites)
[2026-09-03T20:04:05Z] SO_DUMPS_COPIED
[2026-09-03T20:04:05Z] arm A: causal_metric_steer.py fit (solid level 1)
/opt/conda/lib/python3.11/site-packages/numpy/lib/_nanfunctions_impl.py:2019: RuntimeWarning: Degrees of freedom <= 0 for slice.
  var = nanvar(a, axis=axis, dtype=dtype, out=out, ddof=ddof,
[1/18] L00.attn_out (84s)
[2/18] L00.mlp_out (159s)
[3/18] L00.resid_post (228s)
[4/18] L01.attn_out (292s)
[5/18] L01.mlp_out (365s)
[6/18] L01.resid_post (421s)
[7/18] L02.attn_out (482s)
[8/18] L02.mlp_out (549s)
[9/18] L02.resid_post (623s)
[10/18] L03.attn_out (679s)
[11/18] L03.mlp_out (737s)
[12/18] L03.resid_post (790s)
[13/18] L04.attn_out (850s)
[14/18] L04.mlp_out (900s)
[15/18] L04.resid_post (960s)
[16/18] L05.attn_out (1019s)
[17/18] L05.mlp_out (1066s)
[18/18] L05.resid_post (1107s)
[2026-09-03T20:22:32Z] arm A: min-distortion fit done (36 operator files)
[2026-09-03T20:22:32Z] arm B: causal_metric_steer.py fit (solid level 3)
/opt/conda/lib/python3.11/site-packages/numpy/lib/_nanfunctions_impl.py:2019: RuntimeWarning: Degrees of freedom <= 0 for slice.
  var = nanvar(a, axis=axis, dtype=dtype, out=out, ddof=ddof,
[1/18] L00.attn_out (43s)
[2/18] L00.mlp_out (102s)
[3/18] L00.resid_post (160s)
[4/18] L01.attn_out (202s)
[5/18] L01.mlp_out (243s)
[6/18] L01.resid_post (300s)
[7/18] L02.attn_out (340s)
[8/18] L02.mlp_out (382s)
[9/18] L02.resid_post (436s)
[10/18] L03.attn_out (549s)
[11/18] L03.mlp_out (601s)
[12/18] L03.resid_post (660s)
[13/18] L04.attn_out (717s)
[14/18] L04.mlp_out (802s)
[15/18] L04.resid_post (853s)
[16/18] L05.attn_out (911s)
[17/18] L05.mlp_out (969s)
[18/18] L05.resid_post (1010s)
[2026-09-03T20:39:22Z] arm B: min-distortion fit done (36 operator files)
[2026-09-03T20:39:22Z] SO_FIT_MD_DONE
[2026-09-03T20:39:23Z] arm A: modulation_operator.py fit (<= 16 scenes); GPU 9591 MiB, 24576 MiB
Gym has been unmaintained since 2022 and does not support NumPy 2.0 amongst other critical functionality.
Please upgrade to Gymnasium, the maintained drop-in replacement of Gym, or contact the authors of your software and request that they upgrade.
See the migration guide at https://gymnasium.farama.org/introduction/migration_guide/ for additional information.
/opt/conda/lib/python3.11/site-packages/pygame/pkgdata.py:25: DeprecationWarning: pkg_resources is deprecated as an API. See https://setuptools.pypa.io/en/latest/pkg_resources.html
  from pkg_resources import resource_stream, resource_exists
[WARNING ][2026-09-03 20:39:31][Cluster utils       ][_build_dataset_paths     ] JEPAWM_DSET environment variable not set. Dataset paths will need to be provided manually or set the environment variable. See README.md for setup instructions.
[INFO    ][2026-09-03 20:39:31][root                ][_load_model_with_config  ] Using hardcoded dimensions for driving: action_dim=2, proprio_dim=2
[INFO    ][2026-09-03 20:39:31][root                ][_load_model_with_config  ] Preprocessor attributes for driving:
[INFO    ][2026-09-03 20:39:31][root                ][_load_model_with_config  ]   action_mean: tensor([0., 0.])
[INFO    ][2026-09-03 20:39:31][root                ][_load_model_with_config  ]   action_std: tensor([1., 1.])
[INFO    ][2026-09-03 20:39:31][root                ][_load_model_with_config  ]   proprio_mean: tensor([0., 0.])
[INFO    ][2026-09-03 20:39:31][root                ][_load_model_with_config  ]   proprio_std: tensor([1., 1.])
[INFO    ][2026-09-03 20:39:31][root                ][_load_model_with_config  ]   state_mean: tensor([0., 0.])
[INFO    ][2026-09-03 20:39:31][root                ][_load_model_with_config  ]   state_std: tensor([1., 1.])
[WARNING ][2026-09-03 20:39:33][dinov3              ][__init__                 ] Ignored kwargs: {'backbone_weights': '/root/cgs-pilot/checkpoints/dinov3/dinov3_vitl16_pretrain_lvd1689m-7c1da9a5.pth'}
[INFO    ][2026-09-03 20:39:33][dinov3              ][__init__                 ] using base=100 for rope new
[INFO    ][2026-09-03 20:39:33][dinov3              ][__init__                 ] using min_period=None for rope new
[INFO    ][2026-09-03 20:39:33][dinov3              ][__init__                 ] using max_period=None for rope new
[INFO    ][2026-09-03 20:39:33][dinov3              ][__init__                 ] using normalize_coords=separate for rope new
[INFO    ][2026-09-03 20:39:33][dinov3              ][__init__                 ] using shift_coords=None for rope new
[INFO    ][2026-09-03 20:39:33][dinov3              ][__init__                 ] using rescale_coords=2 for rope new
[INFO    ][2026-09-03 20:39:33][dinov3              ][__init__                 ] using jitter_coords=None for rope new
[INFO    ][2026-09-03 20:39:33][dinov3              ][__init__                 ] using dtype=fp32 for rope new
[INFO    ][2026-09-03 20:39:33][dinov3              ][__init__                 ] using mlp layer as FFN
  (base_model): DinoVisionTransformer(
    (patch_embed): PatchEmbed(
      (proj): Conv2d(3, 1024, kernel_size=(16, 16), stride=(16, 16))
      (norm): Identity()
    )
    (rope_embed): RopePositionEmbedding()
    (blocks): ModuleList(
      (0-23): 24 x SelfAttentionBlock(
        (norm1): LayerNorm((1024,), eps=1e-05, elementwise_affine=True)
        (attn): SelfAttention(
          (qkv): LinearKMaskedBias(in_features=1024, out_features=3072, bias=True)
          (attn_drop): Dropout(p=0.0, inplace=False)
          (proj): Linear(in_features=1024, out_features=1024, bias=True)
          (proj_drop): Dropout(p=0.0, inplace=False)
        )
        (ls1): LayerScale()
        (norm2): LayerNorm((1024,), eps=1e-05, elementwise_affine=True)
        (mlp): Mlp(
          (fc1): Linear(in_features=1024, out_features=4096, bias=True)
          (act): GELU(approximate='none')
          (fc2): Linear(in_features=4096, out_features=1024, bias=True)
          (drop): Dropout(p=0.0, inplace=False)
        )
        (ls2): LayerScale()
      )
    )
    (norm): LayerNorm((1024,), eps=1e-05, elementwise_affine=True)
    (head): Identity()
  )
)
[INFO    ][2026-09-03 20:39:40][app.plan_common.models.AdaLN_vit][__init__                 ] 🔧 Initialized 6 AdaLN blocks (scale_factor=10)
  (predictor_embed): Linear(in_features=1024, out_features=512, bias=True)
  (action_encoder): Linear(in_features=2, out_features=512, bias=True)
  (predictor_blocks): ModuleList(
    (0-5): 6 x FWAdaLNBlock(
      (norm1): LayerNorm((512,), eps=1e-06, elementwise_affine=True)
      (attn): RoPEAttention(
        (qkv): Linear(in_features=512, out_features=1536, bias=True)
        (attn_drop): Dropout(p=0.0, inplace=False)
        (proj): Linear(in_features=512, out_features=512, bias=True)
        (proj_drop): Dropout(p=0.0, inplace=False)
      )
      (drop_path): Identity()
      (norm2): LayerNorm((512,), eps=1e-06, elementwise_affine=True)
      (mlp): MLP(
        (fc1): Linear(in_features=512, out_features=2048, bias=True)
        (act): GELU(approximate='none')
        (fc2): Linear(in_features=2048, out_features=512, bias=True)
        (drop): Dropout(p=0.0, inplace=False)
      )
      (adaLN_modulation): Sequential(
        (0): SiLU()
        (1): Linear(in_features=512, out_features=3072, bias=True)
      )
    )
  )
  (predictor_norm): LayerNorm((512,), eps=1e-06, elementwise_affine=True)
  (predictor_proj): Linear(in_features=512, out_features=1024, bias=True)
)
[INFO    ][2026-09-03 20:39:40][root                ][fetch_checkpoint         ] Loading checkpoint from local path: /root/cgs-pilot/artifacts/drive_models/armA_seed0/jepa-latest.pth.tar
[INFO    ][2026-09-03 20:39:41][root                ][load_checkpoint_state_dict] loaded pretrained predictor from epoch 30 with msg: <All keys matched successfully>
[INFO    ][2026-09-03 20:39:41][root                ][__init__                 ] 📉 Loss weights: L2=1.0
[INFO    ][2026-09-03 20:39:41][root                ][_load_model_with_config  ] Loaded encoder and predictor
Traceback (most recent call last):
  File "/root/cgs-pilot/code/cgs_pilot/modulation_operator.py", line 683, in <module>
    main()
  File "/root/cgs-pilot/code/cgs_pilot/modulation_operator.py", line 677, in main
    return fit_from_model(args)
           ^^^^^^^^^^^^^^^^^^^^
  File "/root/cgs-pilot/code/cgs_pilot/modulation_operator.py", line 427, in fit_from_model
    records[pid] = fit_scene(wm, predictor, latents, np.asarray(route, dtype=int), np.asarray(hazard, dtype=int), args.step, solid, blocks, comps, n_spatial)
                   ^^^^^^^^^^^^^^^^^^^^^^^^^^^^^^^^^^^^^^^^^^^^^^^^^^^^^^^^^^^^^^^^^^^^^^^^^^^^^^^^^^^^^^^^^^^^^^^^^^^^^^^^^^^^^^^^^^^^^^^^^^^^^^^^^^^^^^^^^^
  File "/root/cgs-pilot/code/cgs_pilot/modulation_operator.py", line 315, in fit_scene
    tangent[0, -1] = torch.as_tensor(v, dtype=torch.float32, device=z[lv].device)
    ~~~~~~~^^^^^^^
RuntimeError: The expanded size of the tensor (6144) must match the existing size (3072) at non-singleton dimension 0.  Target sizes: [6144].  Tensor sizes: [3072]
[2026-09-03T20:39:47Z] arm A: modulation fit produced no JSON
[2026-09-03T21:35:42Z] STEERING_OPERATORS start (seed 0, steer seeds 12, mod scenes 16) -> /root/cgs-pilot/artifacts/steering_operators
[2026-09-03T21:35:42Z] arm A: dump copy present
[2026-09-03T21:35:42Z] arm B: dump copy present
[2026-09-03T21:35:42Z] SO_DUMPS_COPIED
[2026-09-03T21:35:42Z] arm A: min-distortion fit present
[2026-09-03T21:35:42Z] arm B: min-distortion fit present
[2026-09-03T21:35:42Z] SO_FIT_MD_DONE
[2026-09-03T21:35:42Z] arm A: modulation_operator.py fit (<= 16 scenes); GPU 11711 MiB, 24576 MiB
Gym has been unmaintained since 2022 and does not support NumPy 2.0 amongst other critical functionality.
Please upgrade to Gymnasium, the maintained drop-in replacement of Gym, or contact the authors of your software and request that they upgrade.
See the migration guide at https://gymnasium.farama.org/introduction/migration_guide/ for additional information.
/opt/conda/lib/python3.11/site-packages/pygame/pkgdata.py:25: DeprecationWarning: pkg_resources is deprecated as an API. See https://setuptools.pypa.io/en/latest/pkg_resources.html
  from pkg_resources import resource_stream, resource_exists
[WARNING ][2026-09-03 21:35:53][Cluster utils       ][_build_dataset_paths     ] JEPAWM_DSET environment variable not set. Dataset paths will need to be provided manually or set the environment variable. See README.md for setup instructions.
[INFO    ][2026-09-03 21:35:53][root                ][_load_model_with_config  ] Using hardcoded dimensions for driving: action_dim=2, proprio_dim=2
[INFO    ][2026-09-03 21:35:53][root                ][_load_model_with_config  ] Preprocessor attributes for driving:
[INFO    ][2026-09-03 21:35:53][root                ][_load_model_with_config  ]   action_mean: tensor([0., 0.])
[INFO    ][2026-09-03 21:35:53][root                ][_load_model_with_config  ]   action_std: tensor([1., 1.])
[INFO    ][2026-09-03 21:35:53][root                ][_load_model_with_config  ]   proprio_mean: tensor([0., 0.])
[INFO    ][2026-09-03 21:35:53][root                ][_load_model_with_config  ]   proprio_std: tensor([1., 1.])
[INFO    ][2026-09-03 21:35:53][root                ][_load_model_with_config  ]   state_mean: tensor([0., 0.])
[INFO    ][2026-09-03 21:35:53][root                ][_load_model_with_config  ]   state_std: tensor([1., 1.])
[WARNING ][2026-09-03 21:35:56][dinov3              ][__init__                 ] Ignored kwargs: {'backbone_weights': '/root/cgs-pilot/checkpoints/dinov3/dinov3_vitl16_pretrain_lvd1689m-7c1da9a5.pth'}
[INFO    ][2026-09-03 21:35:56][dinov3              ][__init__                 ] using base=100 for rope new
[INFO    ][2026-09-03 21:35:56][dinov3              ][__init__                 ] using min_period=None for rope new
[INFO    ][2026-09-03 21:35:56][dinov3              ][__init__                 ] using max_period=None for rope new
[INFO    ][2026-09-03 21:35:56][dinov3              ][__init__                 ] using normalize_coords=separate for rope new
[INFO    ][2026-09-03 21:35:56][dinov3              ][__init__                 ] using shift_coords=None for rope new
[INFO    ][2026-09-03 21:35:56][dinov3              ][__init__                 ] using rescale_coords=2 for rope new
[INFO    ][2026-09-03 21:35:56][dinov3              ][__init__                 ] using jitter_coords=None for rope new
[INFO    ][2026-09-03 21:35:56][dinov3              ][__init__                 ] using dtype=fp32 for rope new
[INFO    ][2026-09-03 21:35:56][dinov3              ][__init__                 ] using mlp layer as FFN
  (base_model): DinoVisionTransformer(
    (patch_embed): PatchEmbed(
      (proj): Conv2d(3, 1024, kernel_size=(16, 16), stride=(16, 16))
      (norm): Identity()
    )
    (rope_embed): RopePositionEmbedding()
    (blocks): ModuleList(
      (0-23): 24 x SelfAttentionBlock(
        (norm1): LayerNorm((1024,), eps=1e-05, elementwise_affine=True)
        (attn): SelfAttention(
          (qkv): LinearKMaskedBias(in_features=1024, out_features=3072, bias=True)
          (attn_drop): Dropout(p=0.0, inplace=False)
          (proj): Linear(in_features=1024, out_features=1024, bias=True)
          (proj_drop): Dropout(p=0.0, inplace=False)
        )
        (ls1): LayerScale()
        (norm2): LayerNorm((1024,), eps=1e-05, elementwise_affine=True)
        (mlp): Mlp(
          (fc1): Linear(in_features=1024, out_features=4096, bias=True)
          (act): GELU(approximate='none')
          (fc2): Linear(in_features=4096, out_features=1024, bias=True)
          (drop): Dropout(p=0.0, inplace=False)
        )
        (ls2): LayerScale()
      )
    )
    (norm): LayerNorm((1024,), eps=1e-05, elementwise_affine=True)
    (head): Identity()
  )
)
[INFO    ][2026-09-03 21:36:05][app.plan_common.models.AdaLN_vit][__init__                 ] 🔧 Initialized 6 AdaLN blocks (scale_factor=10)
  (predictor_embed): Linear(in_features=1024, out_features=512, bias=True)
  (action_encoder): Linear(in_features=2, out_features=512, bias=True)
  (predictor_blocks): ModuleList(
    (0-5): 6 x FWAdaLNBlock(
      (norm1): LayerNorm((512,), eps=1e-06, elementwise_affine=True)
      (attn): RoPEAttention(
        (qkv): Linear(in_features=512, out_features=1536, bias=True)
        (attn_drop): Dropout(p=0.0, inplace=False)
        (proj): Linear(in_features=512, out_features=512, bias=True)
        (proj_drop): Dropout(p=0.0, inplace=False)
      )
      (drop_path): Identity()
      (norm2): LayerNorm((512,), eps=1e-06, elementwise_affine=True)
      (mlp): MLP(
        (fc1): Linear(in_features=512, out_features=2048, bias=True)
        (act): GELU(approximate='none')
        (fc2): Linear(in_features=2048, out_features=512, bias=True)
        (drop): Dropout(p=0.0, inplace=False)
      )
      (adaLN_modulation): Sequential(
        (0): SiLU()
        (1): Linear(in_features=512, out_features=3072, bias=True)
      )
    )
  )
  (predictor_norm): LayerNorm((512,), eps=1e-06, elementwise_affine=True)
  (predictor_proj): Linear(in_features=512, out_features=1024, bias=True)
)
[INFO    ][2026-09-03 21:36:05][root                ][fetch_checkpoint         ] Loading checkpoint from local path: /root/cgs-pilot/artifacts/drive_models/armA_seed0/jepa-latest.pth.tar
[INFO    ][2026-09-03 21:36:06][root                ][load_checkpoint_state_dict] loaded pretrained predictor from epoch 30 with msg: <All keys matched successfully>
[INFO    ][2026-09-03 21:36:06][root                ][__init__                 ] 📉 Loss weights: L2=1.0
[INFO    ][2026-09-03 21:36:06][root                ][_load_model_with_config  ] Loaded encoder and predictor
[modop] scene drive_seed000003 (1/16) done (65s)
[modop] scene drive_seed000004 (2/16) done (106s)
[modop] scene drive_seed000007 (3/16) done (161s)
[modop] scene drive_seed000009 (4/16) done (226s)
[modop] scene drive_seed000010 (5/16) done (284s)
[modop] scene drive_seed000014 (6/16) done (346s)
[modop] scene drive_seed000015 (7/16) done (404s)
[modop] scene drive_seed000017 (8/16) done (459s)
[modop] scene drive_seed000018 (9/16) done (519s)
[modop] scene drive_seed000019 (10/16) done (585s)
[modop] scene drive_seed000020 (11/16) done (663s)
[modop] scene drive_seed000021 (12/16) done (723s)
[modop] scene drive_seed000023 (13/16) done (797s)
[modop] scene drive_seed000025 (14/16) done (864s)
[modop] scene drive_seed000026 (15/16) done (932s)
[modop] scene drive_seed000029 (16/16) done (999s)
{
 "L00.adaln": {
  "gate": {
   "solid": 0.98,
   "h0": 0.0,
   "h0prime": 0.442,
   "ghost": 0.445,
   "separation_d": 3.16,
   "gate_hf_mean": 0.221
  },
  "top_slices": [
   [
    "gate_mlp",
    0.0097,
    0.001996007984031936
   ],
   [
    "gate_msa",
    0.003,
    0.001996007984031936
   ],
   [
    "shift_msa",
    0.0015,
    0.001996007984031936
   ]
  ]
 },
 "L01.adaln": {
  "gate": {
   "solid": 0.904,
   "h0": 0.001,
   "h0prime": 0.31,
   "ghost": 0.188,
   "separation_d": 3.393,
   "gate_hf_mean": 0.156
  },
  "top_slices": [
   [
    "gate_mlp",
    0.0106,
    0.001996007984031936
   ],
   [
    "gate_msa",
    0.0072,
    0.001996007984031936
   ],
   [
    "scale_msa",
    0.0008,
    0.001996007984031936
   ]
  ]
 },
 "L02.adaln": {
  "gate": {
   "solid": 0.965,
   "h0": 0.0,
   "h0prime": 0.171,
   "ghost": 0.424,
   "separation_d": 7.036,
   "gate_hf_mean": 0.085
  },
  "top_slices": [
   [
    "gate_msa",
    0.0033,
    0.001996007984031936
   ],
   [
    "gate_mlp",
    0.003,
    0.001996007984031936
   ],
   [
    "shift_msa",
    -0.0008,
    1.0
   ]
  ]
 },
 "L03.adaln": {
  "gate": {
   "solid": 0.944,
   "h0": 0.001,
   "h0prime": 0.129,
   "ghost": 0.691,
   "separation_d": 7.098,
   "gate_hf_mean": 0.065
  },
  "top_slices": [
   [
    "gate_msa",
    0.0035,
    0.001996007984031936
   ],
   [
    "gate_mlp",
    0.0025,
    0.001996007984031936
   ],
   [
    "scale_mlp",
    0.0006,
    0.001996007984031936
   ]
  ]
 },
 "L04.adaln": {
  "gate": {
   "solid": 0.93,
   "h0": 0.0,
   "h0prime": 0.114,
   "ghost": 0.502,
   "separation_d": 7.038,
   "gate_hf_mean": 0.057
  },
  "top_slices": [
   [
    "gate_msa",
    0.0015,
    0.001996007984031936
   ],
   [
    "shift_msa",
    -0.0006,
    1.0
   ],
   [
    "gate_mlp",
    -0.0006,
    1.0
   ]
  ]
 },
 "L05.adaln": {
  "gate": {
   "solid": 0.992,
   "h0": 0.006,
   "h0prime": 0.076,
   "ghost": 0.604,
   "separation_d": 12.916,
   "gate_hf_mean": 0.041
  },
  "top_slices": [
   [
    "gate_msa",
    0.0012,
    0.001996007984031936
   ],
   [
    "gate_mlp",
    0.0012,
    0.001996007984031936
   ],
   [
    "shift_mlp",
    -0.0006,
    1.0
   ]
  ]
 }
}
[2026-09-03T21:53:02Z] arm A: modulation fit done (54 operator files)
[2026-09-03T21:53:02Z] arm B: modulation_operator.py fit (<= 16 scenes); GPU 10730 MiB, 24576 MiB
Gym has been unmaintained since 2022 and does not support NumPy 2.0 amongst other critical functionality.
Please upgrade to Gymnasium, the maintained drop-in replacement of Gym, or contact the authors of your software and request that they upgrade.
See the migration guide at https://gymnasium.farama.org/introduction/migration_guide/ for additional information.
/opt/conda/lib/python3.11/site-packages/pygame/pkgdata.py:25: DeprecationWarning: pkg_resources is deprecated as an API. See https://setuptools.pypa.io/en/latest/pkg_resources.html
  from pkg_resources import resource_stream, resource_exists
[WARNING ][2026-09-03 21:53:19][Cluster utils       ][_build_dataset_paths     ] JEPAWM_DSET environment variable not set. Dataset paths will need to be provided manually or set the environment variable. See README.md for setup instructions.
[INFO    ][2026-09-03 21:53:19][root                ][_load_model_with_config  ] Using hardcoded dimensions for driving: action_dim=2, proprio_dim=2
[INFO    ][2026-09-03 21:53:19][root                ][_load_model_with_config  ] Preprocessor attributes for driving:
[INFO    ][2026-09-03 21:53:19][root                ][_load_model_with_config  ]   action_mean: tensor([0., 0.])
[INFO    ][2026-09-03 21:53:19][root                ][_load_model_with_config  ]   action_std: tensor([1., 1.])
[INFO    ][2026-09-03 21:53:19][root                ][_load_model_with_config  ]   proprio_mean: tensor([0., 0.])
[INFO    ][2026-09-03 21:53:19][root                ][_load_model_with_config  ]   proprio_std: tensor([1., 1.])
[INFO    ][2026-09-03 21:53:19][root                ][_load_model_with_config  ]   state_mean: tensor([0., 0.])
[INFO    ][2026-09-03 21:53:19][root                ][_load_model_with_config  ]   state_std: tensor([1., 1.])
[WARNING ][2026-09-03 21:53:24][dinov3              ][__init__                 ] Ignored kwargs: {'backbone_weights': '/root/cgs-pilot/checkpoints/dinov3/dinov3_vitl16_pretrain_lvd1689m-7c1da9a5.pth'}
[INFO    ][2026-09-03 21:53:24][dinov3              ][__init__                 ] using base=100 for rope new
[INFO    ][2026-09-03 21:53:24][dinov3              ][__init__                 ] using min_period=None for rope new
[INFO    ][2026-09-03 21:53:24][dinov3              ][__init__                 ] using max_period=None for rope new
[INFO    ][2026-09-03 21:53:24][dinov3              ][__init__                 ] using normalize_coords=separate for rope new
[INFO    ][2026-09-03 21:53:24][dinov3              ][__init__                 ] using shift_coords=None for rope new
[INFO    ][2026-09-03 21:53:24][dinov3              ][__init__                 ] using rescale_coords=2 for rope new
[INFO    ][2026-09-03 21:53:24][dinov3              ][__init__                 ] using jitter_coords=None for rope new
[INFO    ][2026-09-03 21:53:24][dinov3              ][__init__                 ] using dtype=fp32 for rope new
[INFO    ][2026-09-03 21:53:24][dinov3              ][__init__                 ] using mlp layer as FFN
  (base_model): DinoVisionTransformer(
    (patch_embed): PatchEmbed(
      (proj): Conv2d(3, 1024, kernel_size=(16, 16), stride=(16, 16))
      (norm): Identity()
    )
    (rope_embed): RopePositionEmbedding()
    (blocks): ModuleList(
      (0-23): 24 x SelfAttentionBlock(
        (norm1): LayerNorm((1024,), eps=1e-05, elementwise_affine=True)
        (attn): SelfAttention(
          (qkv): LinearKMaskedBias(in_features=1024, out_features=3072, bias=True)
          (attn_drop): Dropout(p=0.0, inplace=False)
          (proj): Linear(in_features=1024, out_features=1024, bias=True)
          (proj_drop): Dropout(p=0.0, inplace=False)
        )
        (ls1): LayerScale()
        (norm2): LayerNorm((1024,), eps=1e-05, elementwise_affine=True)
        (mlp): Mlp(
          (fc1): Linear(in_features=1024, out_features=4096, bias=True)
          (act): GELU(approximate='none')
          (fc2): Linear(in_features=4096, out_features=1024, bias=True)
          (drop): Dropout(p=0.0, inplace=False)
        )
        (ls2): LayerScale()
      )
    )
    (norm): LayerNorm((1024,), eps=1e-05, elementwise_affine=True)
    (head): Identity()
  )
)
[INFO    ][2026-09-03 21:53:33][app.plan_common.models.AdaLN_vit][__init__                 ] 🔧 Initialized 6 AdaLN blocks (scale_factor=10)
  (predictor_embed): Linear(in_features=1024, out_features=512, bias=True)
  (action_encoder): Linear(in_features=2, out_features=512, bias=True)
  (predictor_blocks): ModuleList(
    (0-5): 6 x FWAdaLNBlock(
      (norm1): LayerNorm((512,), eps=1e-06, elementwise_affine=True)
      (attn): RoPEAttention(
        (qkv): Linear(in_features=512, out_features=1536, bias=True)
        (attn_drop): Dropout(p=0.0, inplace=False)
        (proj): Linear(in_features=512, out_features=512, bias=True)
        (proj_drop): Dropout(p=0.0, inplace=False)
      )
      (drop_path): Identity()
      (norm2): LayerNorm((512,), eps=1e-06, elementwise_affine=True)
      (mlp): MLP(
        (fc1): Linear(in_features=512, out_features=2048, bias=True)
        (act): GELU(approximate='none')
        (fc2): Linear(in_features=2048, out_features=512, bias=True)
        (drop): Dropout(p=0.0, inplace=False)
      )
      (adaLN_modulation): Sequential(
        (0): SiLU()
        (1): Linear(in_features=512, out_features=3072, bias=True)
      )
    )
  )
  (predictor_norm): LayerNorm((512,), eps=1e-06, elementwise_affine=True)
  (predictor_proj): Linear(in_features=512, out_features=1024, bias=True)
)
[INFO    ][2026-09-03 21:53:33][root                ][fetch_checkpoint         ] Loading checkpoint from local path: /root/cgs-pilot/artifacts/drive_models/armB_seed0/jepa-latest.pth.tar
[INFO    ][2026-09-03 21:53:34][root                ][load_checkpoint_state_dict] loaded pretrained predictor from epoch 30 with msg: <All keys matched successfully>
[INFO    ][2026-09-03 21:53:34][root                ][__init__                 ] 📉 Loss weights: L2=1.0
[INFO    ][2026-09-03 21:53:34][root                ][_load_model_with_config  ] Loaded encoder and predictor
[modop] scene drive_seed000003 (1/16) done (96s)
[modop] scene drive_seed000004 (2/16) done (160s)
[modop] scene drive_seed000007 (3/16) done (237s)
[modop] scene drive_seed000009 (4/16) done (299s)
[modop] scene drive_seed000010 (5/16) done (370s)
[modop] scene drive_seed000014 (6/16) done (430s)
[modop] scene drive_seed000015 (7/16) done (491s)
[modop] scene drive_seed000017 (8/16) done (550s)
[modop] scene drive_seed000018 (9/16) done (618s)
[modop] scene drive_seed000019 (10/16) done (665s)
[modop] scene drive_seed000020 (11/16) done (714s)
[modop] scene drive_seed000021 (12/16) done (779s)
[modop] scene drive_seed000023 (13/16) done (851s)
[modop] scene drive_seed000025 (14/16) done (905s)
[modop] scene drive_seed000026 (15/16) done (964s)
[modop] scene drive_seed000029 (16/16) done (1025s)
{
 "L00.adaln": {
  "gate": {
   "solid": 0.994,
   "h0": 0.0,
   "h0prime": 0.097,
   "ghost": 0.201,
   "separation_d": 14.323,
   "gate_hf_mean": 0.048
  },
  "top_slices": [
   [
    "gate_mlp",
    0.0141,
    0.001996007984031936
   ],
   [
    "gate_msa",
    0.0109,
    0.001996007984031936
   ],
   [
    "shift_msa",
    0.0011,
    0.001996007984031936
   ]
  ]
 },
 "L01.adaln": {
  "gate": {
   "solid": 0.986,
   "h0": 0.0,
   "h0prime": 0.075,
   "ghost": 0.161,
   "separation_d": 17.348,
   "gate_hf_mean": 0.037
  },
  "top_slices": [
   [
    "gate_msa",
    0.0092,
    0.001996007984031936
   ],
   [
    "gate_mlp",
    0.0072,
    0.001996007984031936
   ],
   [
    "shift_mlp",
    0.0011,
    0.001996007984031936
   ]
  ]
 },
 "L02.adaln": {
  "gate": {
   "solid": 0.992,
   "h0": 0.0,
   "h0prime": 0.059,
   "ghost": 0.154,
   "separation_d": 20.622,
   "gate_hf_mean": 0.03
  },
  "top_slices": [
   [
    "gate_msa",
    0.0038,
    0.001996007984031936
   ],
   [
    "shift_msa",
    0.0009,
    0.001996007984031936
   ],
   [
    "gate_mlp",
    0.0009,
    0.001996007984031936
   ]
  ]
 },
 "L03.adaln": {
  "gate": {
   "solid": 0.991,
   "h0": 0.0,
   "h0prime": 0.043,
   "ghost": 0.18,
   "separation_d": 27.191,
   "gate_hf_mean": 0.021
  },
  "top_slices": [
   [
    "gate_msa",
    0.0066,
    0.001996007984031936
   ],
   [
    "gate_mlp",
    0.0012,
    0.001996007984031936
   ],
   [
    "scale_mlp",
    0.0005,
    0.001996007984031936
   ]
  ]
 },
 "L04.adaln": {
  "gate": {
   "solid": 0.992,
   "h0": 0.0,
   "h0prime": 0.044,
   "ghost": 0.068,
   "separation_d": 27.537,
   "gate_hf_mean": 0.022
  },
  "top_slices": [
   [
    "gate_msa",
    -0.0002,
    1.0
   ],
   [
    "gate_mlp",
    0.0002,
    0.017964071856287425
   ],
   [
    "shift_msa",
    0.0001,
    0.029940119760479042
   ]
  ]
 },
 "L05.adaln": {
  "gate": {
   "solid": 0.984,
   "h0": 0.0,
   "h0prime": 0.058,
   "ghost": 0.106,
   "separation_d": 19.92,
   "gate_hf_mean": 0.029
  },
  "top_slices": [
   [
    "gate_mlp",
    0.0006,
    0.001996007984031936
   ],
   [
    "scale_msa",
    0.0001,
    0.001996007984031936
   ],
   [
    "gate_msa",
    0.0001,
    0.001996007984031936
   ]
  ]
 }
}
[2026-09-03T22:11:03Z] arm B: modulation fit done (54 operator files)
[2026-09-03T22:11:03Z] SO_FIT_MOD_DONE
[2026-09-03T22:11:03Z] arm A: steered planner (min_distortion) at band [L03.attn_out L03.mlp_out]
Gym has been unmaintained since 2022 and does not support NumPy 2.0 amongst other critical functionality.
Please upgrade to Gymnasium, the maintained drop-in replacement of Gym, or contact the authors of your software and request that they upgrade.
See the migration guide at https://gymnasium.farama.org/introduction/migration_guide/ for additional information.
/opt/conda/lib/python3.11/site-packages/pygame/pkgdata.py:25: DeprecationWarning: pkg_resources is deprecated as an API. See https://setuptools.pypa.io/en/latest/pkg_resources.html
  from pkg_resources import resource_stream, resource_exists
[WARNING ][2026-09-03 22:11:16][Cluster utils       ][_build_dataset_paths     ] JEPAWM_DSET environment variable not set. Dataset paths will need to be provided manually or set the environment variable. See README.md for setup instructions.
[INFO    ][2026-09-03 22:11:17][root                ][_load_model_with_config  ] Using hardcoded dimensions for driving: action_dim=2, proprio_dim=2
[INFO    ][2026-09-03 22:11:17][root                ][_load_model_with_config  ] Preprocessor attributes for driving:
[INFO    ][2026-09-03 22:11:17][root                ][_load_model_with_config  ]   action_mean: tensor([0., 0.])
[INFO    ][2026-09-03 22:11:17][root                ][_load_model_with_config  ]   action_std: tensor([1., 1.])
[INFO    ][2026-09-03 22:11:17][root                ][_load_model_with_config  ]   proprio_mean: tensor([0., 0.])
[INFO    ][2026-09-03 22:11:17][root                ][_load_model_with_config  ]   proprio_std: tensor([1., 1.])
[INFO    ][2026-09-03 22:11:17][root                ][_load_model_with_config  ]   state_mean: tensor([0., 0.])
[INFO    ][2026-09-03 22:11:17][root                ][_load_model_with_config  ]   state_std: tensor([1., 1.])
[WARNING ][2026-09-03 22:11:19][dinov3              ][__init__                 ] Ignored kwargs: {'backbone_weights': '/root/cgs-pilot/checkpoints/dinov3/dinov3_vitl16_pretrain_lvd1689m-7c1da9a5.pth'}
[INFO    ][2026-09-03 22:11:19][dinov3              ][__init__                 ] using base=100 for rope new
[INFO    ][2026-09-03 22:11:19][dinov3              ][__init__                 ] using min_period=None for rope new
[INFO    ][2026-09-03 22:11:19][dinov3              ][__init__                 ] using max_period=None for rope new
[INFO    ][2026-09-03 22:11:19][dinov3              ][__init__                 ] using normalize_coords=separate for rope new
[INFO    ][2026-09-03 22:11:19][dinov3              ][__init__                 ] using shift_coords=None for rope new
[INFO    ][2026-09-03 22:11:19][dinov3              ][__init__                 ] using rescale_coords=2 for rope new
[INFO    ][2026-09-03 22:11:19][dinov3              ][__init__                 ] using jitter_coords=None for rope new
[INFO    ][2026-09-03 22:11:19][dinov3              ][__init__                 ] using dtype=fp32 for rope new
[INFO    ][2026-09-03 22:11:19][dinov3              ][__init__                 ] using mlp layer as FFN
  (base_model): DinoVisionTransformer(
    (patch_embed): PatchEmbed(
      (proj): Conv2d(3, 1024, kernel_size=(16, 16), stride=(16, 16))
      (norm): Identity()
    )
    (rope_embed): RopePositionEmbedding()
    (blocks): ModuleList(
      (0-23): 24 x SelfAttentionBlock(
        (norm1): LayerNorm((1024,), eps=1e-05, elementwise_affine=True)
        (attn): SelfAttention(
          (qkv): LinearKMaskedBias(in_features=1024, out_features=3072, bias=True)
          (attn_drop): Dropout(p=0.0, inplace=False)
          (proj): Linear(in_features=1024, out_features=1024, bias=True)
          (proj_drop): Dropout(p=0.0, inplace=False)
        )
        (ls1): LayerScale()
        (norm2): LayerNorm((1024,), eps=1e-05, elementwise_affine=True)
        (mlp): Mlp(
          (fc1): Linear(in_features=1024, out_features=4096, bias=True)
          (act): GELU(approximate='none')
          (fc2): Linear(in_features=4096, out_features=1024, bias=True)
          (drop): Dropout(p=0.0, inplace=False)
        )
        (ls2): LayerScale()
      )
    )
    (norm): LayerNorm((1024,), eps=1e-05, elementwise_affine=True)
    (head): Identity()
  )
)
[INFO    ][2026-09-03 22:11:27][app.plan_common.models.AdaLN_vit][__init__                 ] 🔧 Initialized 6 AdaLN blocks (scale_factor=10)
  (predictor_embed): Linear(in_features=1024, out_features=512, bias=True)
  (action_encoder): Linear(in_features=2, out_features=512, bias=True)
  (predictor_blocks): ModuleList(
    (0-5): 6 x FWAdaLNBlock(
      (norm1): LayerNorm((512,), eps=1e-06, elementwise_affine=True)
      (attn): RoPEAttention(
        (qkv): Linear(in_features=512, out_features=1536, bias=True)
        (attn_drop): Dropout(p=0.0, inplace=False)
        (proj): Linear(in_features=512, out_features=512, bias=True)
        (proj_drop): Dropout(p=0.0, inplace=False)
      )
      (drop_path): Identity()
      (norm2): LayerNorm((512,), eps=1e-06, elementwise_affine=True)
      (mlp): MLP(
        (fc1): Linear(in_features=512, out_features=2048, bias=True)
        (act): GELU(approximate='none')
        (fc2): Linear(in_features=2048, out_features=512, bias=True)
        (drop): Dropout(p=0.0, inplace=False)
      )
      (adaLN_modulation): Sequential(
        (0): SiLU()
        (1): Linear(in_features=512, out_features=3072, bias=True)
      )
    )
  )
  (predictor_norm): LayerNorm((512,), eps=1e-06, elementwise_affine=True)
  (predictor_proj): Linear(in_features=512, out_features=1024, bias=True)
)
[INFO    ][2026-09-03 22:11:27][root                ][fetch_checkpoint         ] Loading checkpoint from local path: /root/cgs-pilot/artifacts/drive_models/armA_seed0/jepa-latest.pth.tar
[INFO    ][2026-09-03 22:11:27][root                ][load_checkpoint_state_dict] loaded pretrained predictor from epoch 30 with msg: <All keys matched successfully>
[INFO    ][2026-09-03 22:11:27][root                ][__init__                 ] 📉 Loss weights: L2=1.0
[INFO    ][2026-09-03 22:11:27][root                ][_load_model_with_config  ] Loaded encoder and predictor
Traceback (most recent call last):
  File "/root/cgs-pilot/code/cgs_pilot/steered_planner_ranking.py", line 1152, in <module>
    main()
  File "/root/cgs-pilot/code/cgs_pilot/steered_planner_ranking.py", line 1100, in main
    res = run_analysis(runner, configs, solid, args.equivalence_margin, args.n_boot, args.seed, log=sys.stderr, goals=goals)
          ^^^^^^^^^^^^^^^^^^^^^^^^^^^^^^^^^^^^^^^^^^^^^^^^^^^^^^^^^^^^^^^^^^^^^^^^^^^^^^^^^^^^^^^^^^^^^^^^^^^^^^^^^^^^^^^^^^
  File "/root/cgs-pilot/code/cgs_pilot/steered_planner_ranking.py", line 514, in run_analysis
    pred = runner.predict(pid, c)
           ^^^^^^^^^^^^^^^^^^^^^^
  File "/root/cgs-pilot/code/cgs_pilot/steered_planner_ranking.py", line 829, in predict
    steerer = self._steerer(cfg) if cfg is not None and cfg.kind != "unsteered" else None
              ^^^^^^^^^^^^^^^^^^
  File "/root/cgs-pilot/code/cgs_pilot/steered_planner_ranking.py", line 817, in _steerer
    edits.setdefault(site, []).append((st, index, self._transform(cfg, site, con_site, st, index)))
                                                  ^^^^^^^^^^^^^^^^^^^^^^^^^^^^^^^^^^^^^^^^^^^^^^^
  File "/root/cgs-pilot/code/cgs_pilot/steered_planner_ranking.py", line 722, in _transform
    return self._transform_min_distortion(cfg, site, con_site, step, cg)
           ^^^^^^^^^^^^^^^^^^^^^^^^^^^^^^^^^^^^^^^^^^^^^^^^^^^^^^^^^^^^^
  File "/root/cgs-pilot/code/cgs_pilot/steered_planner_ranking.py", line 766, in _transform_min_distortion
    rec = (torch.as_tensor(op.a["receiver_mean"], dtype=torch.float32, device=self.device), torch.as_tensor(op.a["receiver_var"], dtype=torch.float32, device=self.device))
           ^^^^^
NameError: name 'torch' is not defined
[2026-09-03T22:11:39Z] arm A: min_distortion steering FAILED
[2026-09-03T22:14:52Z] STEERING_OPERATORS start (seed 0, steer seeds 12, mod scenes 16) -> /root/cgs-pilot/artifacts/steering_operators
[2026-09-03T22:14:52Z] arm A: dump copy present
[2026-09-03T22:14:52Z] arm B: dump copy present
[2026-09-03T22:14:52Z] SO_DUMPS_COPIED
[2026-09-03T22:14:52Z] arm A: min-distortion fit present
[2026-09-03T22:14:52Z] arm B: min-distortion fit present
[2026-09-03T22:14:52Z] SO_FIT_MD_DONE
[2026-09-03T22:14:52Z] arm A: modulation fit present
[2026-09-03T22:14:52Z] arm B: modulation fit present
[2026-09-03T22:14:52Z] SO_FIT_MOD_DONE
[2026-09-03T22:14:52Z] arm A: steered planner (min_distortion) at band [L03.attn_out L03.mlp_out]
Gym has been unmaintained since 2022 and does not support NumPy 2.0 amongst other critical functionality.
Please upgrade to Gymnasium, the maintained drop-in replacement of Gym, or contact the authors of your software and request that they upgrade.
See the migration guide at https://gymnasium.farama.org/introduction/migration_guide/ for additional information.
/opt/conda/lib/python3.11/site-packages/pygame/pkgdata.py:25: DeprecationWarning: pkg_resources is deprecated as an API. See https://setuptools.pypa.io/en/latest/pkg_resources.html
  from pkg_resources import resource_stream, resource_exists
[WARNING ][2026-09-03 22:15:10][Cluster utils       ][_build_dataset_paths     ] JEPAWM_DSET environment variable not set. Dataset paths will need to be provided manually or set the environment variable. See README.md for setup instructions.
[INFO    ][2026-09-03 22:15:10][root                ][_load_model_with_config  ] Using hardcoded dimensions for driving: action_dim=2, proprio_dim=2
[INFO    ][2026-09-03 22:15:10][root                ][_load_model_with_config  ] Preprocessor attributes for driving:
[INFO    ][2026-09-03 22:15:10][root                ][_load_model_with_config  ]   action_mean: tensor([0., 0.])
[INFO    ][2026-09-03 22:15:10][root                ][_load_model_with_config  ]   action_std: tensor([1., 1.])
[INFO    ][2026-09-03 22:15:10][root                ][_load_model_with_config  ]   proprio_mean: tensor([0., 0.])
[INFO    ][2026-09-03 22:15:10][root                ][_load_model_with_config  ]   proprio_std: tensor([1., 1.])
[INFO    ][2026-09-03 22:15:10][root                ][_load_model_with_config  ]   state_mean: tensor([0., 0.])
[INFO    ][2026-09-03 22:15:10][root                ][_load_model_with_config  ]   state_std: tensor([1., 1.])
[WARNING ][2026-09-03 22:15:15][dinov3              ][__init__                 ] Ignored kwargs: {'backbone_weights': '/root/cgs-pilot/checkpoints/dinov3/dinov3_vitl16_pretrain_lvd1689m-7c1da9a5.pth'}
[INFO    ][2026-09-03 22:15:15][dinov3              ][__init__                 ] using base=100 for rope new
[INFO    ][2026-09-03 22:15:15][dinov3              ][__init__                 ] using min_period=None for rope new
[INFO    ][2026-09-03 22:15:15][dinov3              ][__init__                 ] using max_period=None for rope new
[INFO    ][2026-09-03 22:15:15][dinov3              ][__init__                 ] using normalize_coords=separate for rope new
[INFO    ][2026-09-03 22:15:15][dinov3              ][__init__                 ] using shift_coords=None for rope new
[INFO    ][2026-09-03 22:15:15][dinov3              ][__init__                 ] using rescale_coords=2 for rope new
[INFO    ][2026-09-03 22:15:15][dinov3              ][__init__                 ] using jitter_coords=None for rope new
[INFO    ][2026-09-03 22:15:15][dinov3              ][__init__                 ] using dtype=fp32 for rope new
[INFO    ][2026-09-03 22:15:15][dinov3              ][__init__                 ] using mlp layer as FFN
  (base_model): DinoVisionTransformer(
    (patch_embed): PatchEmbed(
      (proj): Conv2d(3, 1024, kernel_size=(16, 16), stride=(16, 16))
      (norm): Identity()
    )
    (rope_embed): RopePositionEmbedding()
    (blocks): ModuleList(
      (0-23): 24 x SelfAttentionBlock(
        (norm1): LayerNorm((1024,), eps=1e-05, elementwise_affine=True)
        (attn): SelfAttention(
          (qkv): LinearKMaskedBias(in_features=1024, out_features=3072, bias=True)
          (attn_drop): Dropout(p=0.0, inplace=False)
          (proj): Linear(in_features=1024, out_features=1024, bias=True)
          (proj_drop): Dropout(p=0.0, inplace=False)
        )
        (ls1): LayerScale()
        (norm2): LayerNorm((1024,), eps=1e-05, elementwise_affine=True)
        (mlp): Mlp(
          (fc1): Linear(in_features=1024, out_features=4096, bias=True)
          (act): GELU(approximate='none')
          (fc2): Linear(in_features=4096, out_features=1024, bias=True)
          (drop): Dropout(p=0.0, inplace=False)
        )
        (ls2): LayerScale()
      )
    )
    (norm): LayerNorm((1024,), eps=1e-05, elementwise_affine=True)
    (head): Identity()
  )
)
[INFO    ][2026-09-03 22:15:29][app.plan_common.models.AdaLN_vit][__init__                 ] 🔧 Initialized 6 AdaLN blocks (scale_factor=10)
  (predictor_embed): Linear(in_features=1024, out_features=512, bias=True)
  (action_encoder): Linear(in_features=2, out_features=512, bias=True)
  (predictor_blocks): ModuleList(
    (0-5): 6 x FWAdaLNBlock(
      (norm1): LayerNorm((512,), eps=1e-06, elementwise_affine=True)
      (attn): RoPEAttention(
        (qkv): Linear(in_features=512, out_features=1536, bias=True)
        (attn_drop): Dropout(p=0.0, inplace=False)
        (proj): Linear(in_features=512, out_features=512, bias=True)
        (proj_drop): Dropout(p=0.0, inplace=False)
      )
      (drop_path): Identity()
      (norm2): LayerNorm((512,), eps=1e-06, elementwise_affine=True)
      (mlp): MLP(
        (fc1): Linear(in_features=512, out_features=2048, bias=True)
        (act): GELU(approximate='none')
        (fc2): Linear(in_features=2048, out_features=512, bias=True)
        (drop): Dropout(p=0.0, inplace=False)
      )
      (adaLN_modulation): Sequential(
        (0): SiLU()
        (1): Linear(in_features=512, out_features=3072, bias=True)
      )
    )
  )
  (predictor_norm): LayerNorm((512,), eps=1e-06, elementwise_affine=True)
  (predictor_proj): Linear(in_features=512, out_features=1024, bias=True)
)
[INFO    ][2026-09-03 22:15:29][root                ][fetch_checkpoint         ] Loading checkpoint from local path: /root/cgs-pilot/artifacts/drive_models/armA_seed0/jepa-latest.pth.tar
[INFO    ][2026-09-03 22:15:30][root                ][load_checkpoint_state_dict] loaded pretrained predictor from epoch 30 with msg: <All keys matched successfully>
[INFO    ][2026-09-03 22:15:30][root                ][__init__                 ] 📉 Loss weights: L2=1.0
[INFO    ][2026-09-03 22:15:30][root                ][_load_model_with_config  ] Loaded encoder and predictor
[coast] scene drive_seed000003 done (126.6s)
[coast] scene drive_seed000004 done (256.5s)
[coast] scene drive_seed000007 done (390.3s)
[coast] scene drive_seed000009 done (502.0s)
[coast] scene drive_seed000010 done (614.9s)
[coast] scene drive_seed000014 done (740.1s)
[coast] scene drive_seed000015 done (853.0s)
[coast] scene drive_seed000017 done (979.9s)
[coast] scene drive_seed000018 done (1085.4s)
[coast] scene drive_seed000019 done (1194.7s)
[coast] scene drive_seed000020 done (1303.9s)
[coast] scene drive_seed000021 done (1432.6s)
{
 "n_scenes": 12,
 "n_configs": 33,
 "rows": [
  {
   "goal": "progress",
   "setting": "unsteered",
   "safe_choice_H1_ped": 1.0,
   "safe_choice_H1_obj": 0.0,
   "safe_choice_H0": 0.0,
   "safe_choice_H0prime": 0.0,
   "did_solid_vs_h0": null,
   "selective": null,
   "confirmatory": false
  },
  {
   "goal": "progress",
   "setting": "control:sham strengthen beta=0 [min_distortion, hazard_corridor, band:L03.attn_out+L03.mlp_out]",
   "safe_choice_H1_ped": 1.0,
   "safe_choice_H1_obj": 0.0,
   "safe_choice_H0": 0.0,
   "safe_choice_H0prime": 0.0,
   "did_solid_vs_h0": 0.0,
   "selective": false,
   "confirmatory": false
  },
  {
   "goal": "progress",
   "setting": "steered strengthen beta=0.25 [min_distortion, hazard_corridor, band:L03.attn_out+L03.mlp_out]",
   "safe_choice_H1_ped": 1.0,
   "safe_choice_H1_obj": 0.0,
   "safe_choice_H0": 0.0,
   "safe_choice_H0prime": 0.0,
   "did_solid_vs_h0": 0.0,
   "selective": false,
   "confirmatory": false
  },
  {
   "goal": "progress",
   "setting": "control:random_matched strengthen beta=0.25 [min_distortion, hazard_corridor, band:L03.attn_out+L03.mlp_out]",
   "safe_choice_H1_ped": 1.0,
   "safe_choice_H1_obj": 0.0,
   "safe_choice_H0": 0.0,
   "safe_choice_H0prime": 0.0,
   "did_solid_vs_h0": 0.0,
   "selective": false,
   "confirmatory": false
  },
  {
   "goal": "progress",
   "setting": "control:euclidean_twin strengthen beta=0.25 [min_distortion, hazard_corridor, band:L03.attn_out+L03.mlp_out]",
   "safe_choice_H1_ped": 1.0,
   "safe_choice_H1_obj": 0.0,
   "safe_choice_H0": 0.0,
   "safe_choice_H0prime": 0.0,
   "did_solid_vs_h0": 0.0,
   "selective": false,
   "confirmatory": false
  },
  {
   "goal": "progress",
   "setting": "control:wrong_site strengthen beta=0.25 [min_distortion, hazard_corridor, band:L03.attn_out+L03.mlp_out]",
   "safe_choice_H1_ped": 1.0,
   "safe_choice_H1_obj": 0.0,
   "safe_choice_H0": 0.0,
   "safe_choice_H0prime": 0.0,
   "did_solid_vs_h0": 0.0,
   "selective": false,
   "confirmatory": false
  },
  {
   "goal": "progress",
   "setting": "control:wrong_group strengthen beta=0.25 [min_distortion, background, band:L03.attn_out+L03.mlp_out]",
   "safe_choice_H1_ped": 1.0,
   "safe_choice_H1_obj": 0.0,
   "safe_choice_H0": 0.0,
   "safe_choice_H0prime": 0.0,
   "did_solid_vs_h0": 0.0,
   "selective": false,
   "confirmatory": false
  },
  {
   "goal": "progress",
   "setting": "steered strengthen beta=0.5 [min_distortion, hazard_corridor, band:L03.attn_out+L03.mlp_out]",
   "safe_choice_H1_ped": 1.0,
   "safe_choice_H1_obj": 0.0,
   "safe_choice_H0": 0.0,
   "safe_choice_H0prime": 0.0,
   "did_solid_vs_h0": 0.0,
   "selective": false,
   "confirmatory": false
  },
  {
   "goal": "progress",
   "setting": "control:random_matched strengthen beta=0.5 [min_distortion, hazard_corridor, band:L03.attn_out+L03.mlp_out]",
   "safe_choice_H1_ped": 1.0,
   "safe_choice_H1_obj": 0.0,
   "safe_choice_H0": 0.0,
   "safe_choice_H0prime": 0.0,
   "did_solid_vs_h0": 0.0,
   "selective": false,
   "confirmatory": false
  },
  {
   "goal": "progress",
   "setting": "control:euclidean_twin strengthen beta=0.5 [min_distortion, hazard_corridor, band:L03.attn_out+L03.mlp_out]",
   "safe_choice_H1_ped": 1.0,
   "safe_choice_H1_obj": 0.0,
   "safe_choice_H0": 0.0,
   "safe_choice_H0prime": 0.0,
   "did_solid_vs_h0": 0.0,
   "selective": false,
   "confirmatory": false
  },
  {
   "goal": "progress",
   "setting": "control:wrong_site strengthen beta=0.5 [min_distortion, hazard_corridor, band:L03.attn_out+L03.mlp_out]",
   "safe_choice_H1_ped": 1.0,
   "safe_choice_H1_obj": 0.0,
   "safe_choice_H0": 0.0,
   "safe_choice_H0prime": 0.0,
   "did_solid_vs_h0": 0.0,
   "selective": false,
   "confirmatory": false
  },
  {
   "goal": "progress",
   "setting": "control:wrong_group strengthen beta=0.5 [min_distortion, background, band:L03.attn_out+L03.mlp_out]",
   "safe_choice_H1_ped": 1.0,
   "safe_choice_H1_obj": 0.0,
   "safe_choice_H0": 0.0,
   "safe_choice_H0prime": 0.0,
   "did_solid_vs_h0": 0.0,
   "selective": false,
   "confirmatory": false
  },
  {
   "goal": "progress",
   "setting": "steered strengthen beta=1 [min_distortion, hazard_corridor, band:L03.attn_out+L03.mlp_out]",
   "safe_choice_H1_ped": 1.0,
   "safe_choice_H1_obj": 0.0,
   "safe_choice_H0": 0.0,
   "safe_choice_H0prime": 0.0,
   "did_solid_vs_h0": 0.0,
   "selective": false,
   "confirmatory": false
  },
  {
   "goal": "progress",
   "setting": "control:random_matched strengthen beta=1 [min_distortion, hazard_corridor, band:L03.attn_out+L03.mlp_out]",
   "safe_choice_H1_ped": 1.0,
   "safe_choice_H1_obj": 0.0,
   "safe_choice_H0": 0.0,
   "safe_choice_H0prime": 0.0,
   "did_solid_vs_h0": 0.0,
   "selective": false,
   "confirmatory": false
  },
  {
   "goal": "progress",
   "setting": "control:euclidean_twin strengthen beta=1 [min_distortion, hazard_corridor, band:L03.attn_out+L03.mlp_out]",
   "safe_choice_H1_ped": 1.0,
   "safe_choice_H1_obj": 0.0,
   "safe_choice_H0": 0.0,
   "safe_choice_H0prime": 0.0,
   "did_solid_vs_h0": 0.0,
   "selective": false,
   "confirmatory": false
  },
  {
   "goal": "progress",
   "setting": "control:wrong_site strengthen beta=1 [min_distortion, hazard_corridor, band:L03.attn_out+L03.mlp_out]",
   "safe_choice_H1_ped": 1.0,
   "safe_choice_H1_obj": 0.0,
   "safe_choice_H0": 0.0,
   "safe_choice_H0prime": 0.0,
   "did_solid_vs_h0": 0.0,
   "selective": false,
   "confirmatory": false
  },
  {
   "goal": "progress",
   "setting": "control:wrong_group strengthen beta=1 [min_distortion, background, band:L03.attn_out+L03.mlp_out]",
   "safe_choice_H1_ped": 1.0,
   "safe_choice_H1_obj": 0.0,
   "safe_choice_H0": 0.0,
   "safe_choice_H0prime": 0.0,
   "did_solid_vs_h0": 0.0,
   "selective": false,
   "confirmatory": false
  },
  {
   "goal": "progress",
   "setting": "control:sham suppress beta=0 [min_distortion, hazard_corridor, band:L03.attn_out+L03.mlp_out]",
   "safe_choice_H1_ped": 1.0,
   "safe_choice_H1_obj": 0.0,
   "safe_choice_H0": 0.0,
   "safe_choice_H0prime": 0.0,
   "did_solid_vs_h0": 0.0,
   "selective": false,
   "confirmatory": false
  },
  {
   "goal": "progress",
   "setting": "steered suppress beta=0.25 [min_distortion, hazard_corridor, band:L03.attn_out+L03.mlp_out]",
   "safe_choice_H1_ped": 1.0,
   "safe_choice_H1_obj": 0.0,
   "safe_choice_H0": 0.0,
   "safe_choice_H0prime": 0.0,
   "did_solid_vs_h0": 0.0,
   "selective": false,
   "confirmatory": false
  },
  {
   "goal": "progress",
   "setting": "control:random_matched suppress beta=0.25 [min_distortion, hazard_corridor, band:L03.attn_out+L03.mlp_out]",
   "safe_choice_H1_ped": 1.0,
   "safe_choice_H1_obj": 0.0,
   "safe_choice_H0": 0.0,
   "safe_choice_H0prime": 0.0,
   "did_solid_vs_h0": 0.0,
   "selective": false,
   "confirmatory": false
  },
  {
   "goal": "progress",
   "setting": "control:euclidean_twin suppress beta=0.25 [min_distortion, hazard_corridor, band:L03.attn_out+L03.mlp_out]",
   "safe_choice_H1_ped": 1.0,
   "safe_choice_H1_obj": 0.0,
   "safe_choice_H0": 0.0,
   "safe_choice_H0prime": 0.0,
   "did_solid_vs_h0": 0.0,
   "selective": false,
   "confirmatory": false
  },
  {
   "goal": "progress",
   "setting": "control:wrong_site suppress beta=0.25 [min_distortion, hazard_corridor, band:L03.attn_out+L03.mlp_out]",
   "safe_choice_H1_ped": 1.0,
   "safe_choice_H1_obj": 0.0,
   "safe_choice_H0": 0.0,
   "safe_choice_H0prime": 0.0,
   "did_solid_vs_h0": 0.0,
   "selective": false,
   "confirmatory": false
  },
  {
   "goal": "progress",
   "setting": "control:wrong_group suppress beta=0.25 [min_distortion, background, band:L03.attn_out+L03.mlp_out]",
   "safe_choice_H1_ped": 1.0,
   "safe_choice_H1_obj": 0.0,
   "safe_choice_H0": 0.0,
   "safe_choice_H0prime": 0.0,
   "did_solid_vs_h0": 0.0,
   "selective": false,
   "confirmatory": false
  },
  {
   "goal": "progress",
   "setting": "steered suppress beta=0.5 [min_distortion, hazard_corridor, band:L03.attn_out+L03.mlp_out]",
   "safe_choice_H1_ped": 1.0,
   "safe_choice_H1_obj": 0.0,
   "safe_choice_H0": 0.0,
   "safe_choice_H0prime": 0.0,
   "did_solid_vs_h0": 0.0,
   "selective": false,
   "confirmatory": false
  },
  {
   "goal": "progress",
   "setting": "control:random_matched suppress beta=0.5 [min_distortion, hazard_corridor, band:L03.attn_out+L03.mlp_out]",
   "safe_choice_H1_ped": 1.0,
   "safe_choice_H1_obj": 0.0,
   "safe_choice_H0": 0.0,
   "safe_choice_H0prime": 0.0,
   "did_solid_vs_h0": 0.0,
   "selective": false,
   "confirmatory": false
  },
  {
   "goal": "progress",
   "setting": "control:euclidean_twin suppress beta=0.5 [min_distortion, hazard_corridor, band:L03.attn_out+L03.mlp_out]",
   "safe_choice_H1_ped": 1.0,
   "safe_choice_H1_obj": 0.0,
   "safe_choice_H0": 0.0,
   "safe_choice_H0prime": 0.0,
   "did_solid_vs_h0": 0.0,
   "selective": false,
   "confirmatory": false
  },
  {
   "goal": "progress",
   "setting": "control:wrong_site suppress beta=0.5 [min_distortion, hazard_corridor, band:L03.attn_out+L03.mlp_out]",
   "safe_choice_H1_ped": 1.0,
   "safe_choice_H1_obj": 0.0,
   "safe_choice_H0": 0.0,
   "safe_choice_H0prime": 0.0,
   "did_solid_vs_h0": 0.0,
   "selective": false,
   "confirmatory": false
  },
  {
   "goal": "progress",
   "setting": "control:wrong_group suppress beta=0.5 [min_distortion, background, band:L03.attn_out+L03.mlp_out]",
   "safe_choice_H1_ped": 1.0,
   "safe_choice_H1_obj": 0.0,
   "safe_choice_H0": 0.0,
   "safe_choice_H0prime": 0.0,
   "did_solid_vs_h0": 0.0,
   "selective": false,
   "confirmatory": false
  },
  {
   "goal": "progress",
   "setting": "steered suppress beta=1 [min_distortion, hazard_corridor, band:L03.attn_out+L03.mlp_out]",
   "safe_choice_H1_ped": 1.0,
   "safe_choice_H1_obj": 0.0,
   "safe_choice_H0": 0.0,
   "safe_choice_H0prime": 0.0,
   "did_solid_vs_h0": 0.0,
   "selective": false,
   "confirmatory": false
  },
  {
   "goal": "progress",
   "setting": "control:random_matched suppress beta=1 [min_distortion, hazard_corridor, band:L03.attn_out+L03.mlp_out]",
   "safe_choice_H1_ped": 1.0,
   "safe_choice_H1_obj": 0.0,
   "safe_choice_H0": 0.0,
   "safe_choice_H0prime": 0.0,
   "did_solid_vs_h0": 0.0,
   "selective": false,
   "confirmatory": false
  }
 ]
}
[2026-09-03T22:40:57Z] arm A: min_distortion steering done (66 rows)
[2026-09-03T22:40:57Z] arm A: steered planner (modulation) at L02.adaln L03.adaln
Gym has been unmaintained since 2022 and does not support NumPy 2.0 amongst other critical functionality.
Please upgrade to Gymnasium, the maintained drop-in replacement of Gym, or contact the authors of your software and request that they upgrade.
See the migration guide at https://gymnasium.farama.org/introduction/migration_guide/ for additional information.
/opt/conda/lib/python3.11/site-packages/pygame/pkgdata.py:25: DeprecationWarning: pkg_resources is deprecated as an API. See https://setuptools.pypa.io/en/latest/pkg_resources.html
  from pkg_resources import resource_stream, resource_exists
[WARNING ][2026-09-03 22:41:14][Cluster utils       ][_build_dataset_paths     ] JEPAWM_DSET environment variable not set. Dataset paths will need to be provided manually or set the environment variable. See README.md for setup instructions.
[INFO    ][2026-09-03 22:41:15][root                ][_load_model_with_config  ] Using hardcoded dimensions for driving: action_dim=2, proprio_dim=2
[INFO    ][2026-09-03 22:41:15][root                ][_load_model_with_config  ] Preprocessor attributes for driving:
[INFO    ][2026-09-03 22:41:15][root                ][_load_model_with_config  ]   action_mean: tensor([0., 0.])
[INFO    ][2026-09-03 22:41:15][root                ][_load_model_with_config  ]   action_std: tensor([1., 1.])
[INFO    ][2026-09-03 22:41:15][root                ][_load_model_with_config  ]   proprio_mean: tensor([0., 0.])
[INFO    ][2026-09-03 22:41:15][root                ][_load_model_with_config  ]   proprio_std: tensor([1., 1.])
[INFO    ][2026-09-03 22:41:15][root                ][_load_model_with_config  ]   state_mean: tensor([0., 0.])
[INFO    ][2026-09-03 22:41:15][root                ][_load_model_with_config  ]   state_std: tensor([1., 1.])
[WARNING ][2026-09-03 22:41:18][dinov3              ][__init__                 ] Ignored kwargs: {'backbone_weights': '/root/cgs-pilot/checkpoints/dinov3/dinov3_vitl16_pretrain_lvd1689m-7c1da9a5.pth'}
[INFO    ][2026-09-03 22:41:18][dinov3              ][__init__                 ] using base=100 for rope new
[INFO    ][2026-09-03 22:41:18][dinov3              ][__init__                 ] using min_period=None for rope new
[INFO    ][2026-09-03 22:41:18][dinov3              ][__init__                 ] using max_period=None for rope new
[INFO    ][2026-09-03 22:41:18][dinov3              ][__init__                 ] using normalize_coords=separate for rope new
[INFO    ][2026-09-03 22:41:18][dinov3              ][__init__                 ] using shift_coords=None for rope new
[INFO    ][2026-09-03 22:41:18][dinov3              ][__init__                 ] using rescale_coords=2 for rope new
[INFO    ][2026-09-03 22:41:18][dinov3              ][__init__                 ] using jitter_coords=None for rope new
[INFO    ][2026-09-03 22:41:18][dinov3              ][__init__                 ] using dtype=fp32 for rope new
[INFO    ][2026-09-03 22:41:18][dinov3              ][__init__                 ] using mlp layer as FFN
  (base_model): DinoVisionTransformer(
    (patch_embed): PatchEmbed(
      (proj): Conv2d(3, 1024, kernel_size=(16, 16), stride=(16, 16))
      (norm): Identity()
    )
    (rope_embed): RopePositionEmbedding()
    (blocks): ModuleList(
      (0-23): 24 x SelfAttentionBlock(
        (norm1): LayerNorm((1024,), eps=1e-05, elementwise_affine=True)
        (attn): SelfAttention(
          (qkv): LinearKMaskedBias(in_features=1024, out_features=3072, bias=True)
          (attn_drop): Dropout(p=0.0, inplace=False)
          (proj): Linear(in_features=1024, out_features=1024, bias=True)
          (proj_drop): Dropout(p=0.0, inplace=False)
        )
        (ls1): LayerScale()
        (norm2): LayerNorm((1024,), eps=1e-05, elementwise_affine=True)
        (mlp): Mlp(
          (fc1): Linear(in_features=1024, out_features=4096, bias=True)
          (act): GELU(approximate='none')
          (fc2): Linear(in_features=4096, out_features=1024, bias=True)
          (drop): Dropout(p=0.0, inplace=False)
        )
        (ls2): LayerScale()
      )
    )
    (norm): 