{"updated_utc": "2026-09-05T21:49:32.959821+00:00", "complete": false, "verified_baseline_files": {"reach_wall": 26, "pusht_scripted_v2": 1}, "pending": ["reach-49766237", "reach-49902461", "push-49987398", "push-49987413", "push-49987414"]}
{"updated_utc": "2026-09-05T21:50:39.387430+00:00", "complete": false, "verified_baseline_files": {"reach_wall": 26, "pusht_scripted_v2": 1}, "pending": ["reach-49766237", "reach-49902461", "push-49987398", "push-49987413", "push-49987414"]}
{"updated_utc": "2026-09-05T21:51:45.052630+00:00", "complete": false, "verified_baseline_files": {"reach_wall": 26, "pusht_scripted_v2": 1}, "pending": ["reach-49766237", "reach-49902461", "push-49987398", "push-49987413", "push-49987414"]}
{"updated_utc": "2026-09-05T21:52:08.583519+00:00", "complete": false, "verified_baseline_files": {"reach_wall": 26, "pusht_scripted_v2": 1}, "pending": ["reach-49766237", "reach-49902461", "push-49987398", "push-49987413", "push-49987414"]}
{"updated_utc": "2026-09-05T21:53:14.258813+00:00", "complete": false, "verified_baseline_files": {"reach_wall": 26, "pusht_scripted_v2": 1}, "pending": ["reach-49766237", "reach-49902461", "push-49987398", "push-49987413", "push-49987414"]}
{"updated_utc": "2026-09-05T21:54:20.148995+00:00", "complete": false, "verified_baseline_files": {"reach_wall": 26, "pusht_scripted_v2": 1}, "pending": ["reach-49766237", "reach-49902461", "push-49987398", "push-49987413", "push-49987414"]}
{"updated_utc": "2026-09-05T21:55:26.207225+00:00", "complete": false, "verified_baseline_files": {"reach_wall": 26, "pusht_scripted_v2": 1}, "pending": ["reach-49766237", "reach-49902461", "push-49987398", "push-49987413", "push-49987414"]}
{"updated_utc": "2026-09-05T21:56:30.610705+00:00", "complete": false, "verified_baseline_files": {"reach_wall": 26, "pusht_scripted_v2": 1}, "pending": ["reach-49766237", "reach-49902461", "push-49987398", "push-49987413", "push-49987414"]}
{"updated_utc": "2026-09-05T21:57:35.032147+00:00", "complete": false, "verified_baseline_files": {"reach_wall": 26, "pusht_scripted_v2": 1}, "pending": ["reach-49766237", "reach-49902461", "push-49987398", "push-49987413", "push-49987414"]}
{"updated_utc": "2026-09-05T21:58:39.776723+00:00", "complete": false, "verified_baseline_files": {"reach_wall": 26, "pusht_scripted_v2": 1}, "pending": ["reach-49766237", "reach-49902461", "push-49987398", "push-49987413", "push-49987414"]}
{"updated_utc": "2026-09-05T21:59:44.117068+00:00", "complete": false, "verified_baseline_files": {"reach_wall": 33, "pusht_scripted_v2": 1}, "pending": ["reach-49902461", "push-49987398", "push-49987413", "push-49987414"]}
{"updated_utc": "2026-09-05T22:00:48.484252+00:00", "complete": false, "verified_baseline_files": {"reach_wall": 33, "pusht_scripted_v2": 1}, "pending": ["reach-49902461", "push-49987398", "push-49987413", "push-49987414"]}
{"updated_utc": "2026-09-05T22:01:52.821659+00:00", "complete": false, "verified_baseline_files": {"reach_wall": 33, "pusht_scripted_v2": 1}, "pending": ["reach-49902461", "push-49987398", "push-49987413", "push-49987414"]}
{"updated_utc": "2026-09-05T22:02:57.164946+00:00", "complete": false, "verified_baseline_files": {"reach_wall": 33, "pusht_scripted_v2": 1}, "pending": ["reach-49902461", "push-49987398", "push-49987413", "push-49987414"]}
{"updated_utc": "2026-09-05T22:04:01.230454+00:00", "complete": false, "verified_baseline_files": {"reach_wall": 33, "pusht_scripted_v2": 1}, "pending": ["reach-49902461", "push-49987398", "push-49987413", "push-49987414"]}
{"updated_utc": "2026-09-05T22:05:06.042027+00:00", "complete": false, "verified_baseline_files": {"reach_wall": 33, "pusht_scripted_v2": 1}, "pending": ["reach-49902461", "push-49987398", "push-49987413", "push-49987414"]}
{"updated_utc": "2026-09-05T22:06:10.822741+00:00", "complete": false, "verified_baseline_files": {"reach_wall": 33, "pusht_scripted_v2": 1}, "pending": ["reach-49902461", "push-49987398", "push-49987413", "push-49987414"]}
{"updated_utc": "2026-09-05T22:07:14.869149+00:00", "complete": false, "verified_baseline_files": {"reach_wall": 33, "pusht_scripted_v2": 1}, "pending": ["reach-49902461", "push-49987398", "push-49987413", "push-49987414"]}
{"updated_utc": "2026-09-05T22:08:18.931148+00:00", "complete": false, "verified_baseline_files": {"reach_wall": 33, "pusht_scripted_v2": 1}, "pending": ["reach-49902461", "push-49987398", "push-49987413", "push-49987414"]}
{"updated_utc": "2026-09-05T22:09:23.555824+00:00", "complete": false, "verified_baseline_files": {"reach_wall": 33, "pusht_scripted_v2": 1}, "pending": ["reach-49902461", "push-49987398", "push-49987413", "push-49987414"]}
{"updated_utc": "2026-09-05T22:10:52.680907+00:00", "complete": false, "verified_baseline_files": {"reach_wall": 33, "pusht_scripted_v2": 17}, "pending": ["reach-49902461", "push-49987398", "push-49987413"]}
{"updated_utc": "2026-09-05T22:12:11.100183+00:00", "complete": false, "verified_baseline_files": {"reach_wall": 33, "pusht_scripted_v2": 33}, "pending": ["reach-49902461", "push-49987398"]}
{"updated_utc": "2026-09-05T22:13:26.929298+00:00", "complete": false, "verified_baseline_files": {"reach_wall": 33, "pusht_scripted_v2": 50}, "pending": ["reach-49902461"]}
{"updated_utc": "2026-09-05T22:14:30.762729+00:00", "complete": false, "verified_baseline_files": {"reach_wall": 33, "pusht_scripted_v2": 50}, "pending": ["reach-49902461"]}
{"updated_utc": "2026-09-05T22:15:34.515366+00:00", "complete": false, "verified_baseline_files": {"reach_wall": 33, "pusht_scripted_v2": 50}, "pending": ["reach-49902461"]}
{"updated_utc": "2026-09-05T22:16:38.326536+00:00", "complete": false, "verified_baseline_files": {"reach_wall": 33, "pusht_scripted_v2": 50}, "pending": ["reach-49902461"]}
{"updated_utc": "2026-09-05T22:17:42.205225+00:00", "complete": false, "verified_baseline_files": {"reach_wall": 33, "pusht_scripted_v2": 50}, "pending": ["reach-49902461"]}
{"updated_utc": "2026-09-05T22:18:43.580694+00:00", "complete": true, "verified_baseline_files": {"reach_wall": 38, "pusht_scripted_v2": 50}, "pending": []}
