[2026-09-03T17:57:59Z] planner diagnostics armA_seed0 seeds [9, 10, 19] configs compact_rolling3,compact_dest,compact_rolling6,compact_rolling10,released_cem_dest (hazard-free only)
  seed 9 reference always_throttle: arrive_dest env step 128, progress 221.6 m, 44 frames, wall 11.8s
  seed 9 compact_rolling3: outcome=failure reason=max_step arrive_step=None env_steps=995 progress=11.5 m replans=332 wall=828s replay_ok=True
  seed 9 compact_dest: outcome=failure reason=max_step arrive_step=None env_steps=995 progress=3.5 m replans=332 wall=787s replay_ok=True
[2026-09-03T18:36:50Z] planner diagnostics armA_seed0 seeds [9, 10, 19] configs fixed_k10,fixed_k20 (hazard-free only)
  seed 9 reference always_throttle: arrive_dest env step 128, progress 221.6 m, 44 frames, wall 10.4s
  seed 9 fixed_k10: outcome=descriptive_pass reason=None arrive_step=None env_steps=66 progress=32.7 m replans=22 wall=52s replay_ok=True | k=10 target=31.7 m passed=True pass_step=66 artefact=0/22 margin_mean=-0.333
  seed 9 fixed_k20: outcome=failure reason=max_step arrive_step=None env_steps=995 progress=-1.6 m replans=332 wall=792s replay_ok=True | k=20 target=77.4 m passed=False pass_step=None artefact=0/332 margin_mean=-0.245
  seed 10 reference always_throttle: arrive_dest env step 122, progress 208.1 m, 42 frames, wall 2.2s
  seed 10 fixed_k10: outcome=descriptive_pass reason=None arrive_step=None env_steps=282 progress=31.9 m replans=94 wall=217s replay_ok=True | k=10 target=31.7 m passed=True pass_step=282 artefact=0/94 margin_mean=-0.313
  seed 10 fixed_k20: outcome=failure reason=max_step arrive_step=None env_steps=995 progress=0.7 m replans=332 wall=785s replay_ok=True | k=20 target=77.3 m passed=False pass_step=None artefact=0/332 margin_mean=-0.252
  seed 19 reference always_throttle: arrive_dest env step 138, progress 243.1 m, 47 frames, wall 2.4s
  seed 19 fixed_k10: outcome=failure reason=max_step arrive_step=None env_steps=995 progress=18.7 m replans=332 wall=696s replay_ok=True | k=10 target=31.6 m passed=False pass_step=None artefact=0/332 margin_mean=-0.342
  seed 19 fixed_k20: outcome=failure reason=max_step arrive_step=None env_steps=995 progress=3.0 m replans=332 wall=587s replay_ok=True | k=20 target=77.0 m passed=False pass_step=None artefact=0/332 margin_mean=-0.290
[2026-09-03T19:29:31Z] DIAG_DONE armA_seed0
[2026-09-03T19:38:55Z] planner diagnostics armA_seed0 seeds [9, 10, 19] configs fixed_k6,fixed_k40,released_k10 (hazard-free only)
  seed 9 reference always_throttle: arrive_dest env step 128, progress 221.6 m, 44 frames, wall 10.5s
  seed 9 fixed_k6: outcome=descriptive_pass reason=None arrive_step=None env_steps=21 progress=19.8 m replans=7 wall=11s replay_ok=True | k=6 target=17.4 m passed=True pass_step=21 artefact=0/7 margin_mean=-0.375
  seed 9 fixed_k40: outcome=failure reason=max_step arrive_step=None env_steps=995 progress=4.2 m replans=332 wall=618s replay_ok=True | k=40 target=203.8 m passed=False pass_step=None artefact=9/332 margin_mean=+0.060
  seed 9 released_k10: outcome=diag_timeout reason=None arrive_step=None env_steps=153 progress=15.1 m replans=17 wall=1246s replay_ok=True | k=10 target=31.7 m passed=False pass_step=None artefact=0/17 margin_mean=-0.597
  seed 10 reference always_throttle: arrive_dest env step 122, progress 208.1 m, 42 frames, wall 3.3s
  seed 10 fixed_k6: outcome=descriptive_pass reason=None arrive_step=None env_steps=48 progress=18.0 m replans=16 wall=34s replay_ok=True | k=6 target=17.4 m passed=True pass_step=48 artefact=0/16 margin_mean=-0.358
  seed 10 fixed_k40: outcome=failure reason=max_step arrive_step=None env_steps=995 progress=2.7 m replans=332 wall=606s replay_ok=True | k=40 target=203.6 m passed=False pass_step=None artefact=2/332 margin_mean=+0.061
  seed 10 released_k10: outcome=diag_timeout reason=None arrive_step=None env_steps=153 progress=22.2 m replans=17 wall=1214s replay_ok=True | k=10 target=31.7 m passed=False pass_step=None artefact=0/17 margin_mean=-0.605
  seed 19 reference always_throttle: arrive_dest env step 138, progress 243.1 m, 47 frames, wall 2.5s
  seed 19 fixed_k6: outcome=descriptive_pass reason=None arrive_step=None env_steps=21 progress=20.0 m replans=7 wall=14s replay_ok=True | k=6 target=17.3 m passed=True pass_step=21 artefact=0/7 margin_mean=-0.376
  seed 19 fixed_k40: outcome=failure reason=max_step arrive_step=None env_steps=995 progress=4.8 m replans=332 wall=755s replay_ok=True | k=40 target=203.0 m passed=False pass_step=None artefact=9/332 margin_mean=+0.060
  seed 19 released_k10: outcome=diag_timeout reason=None arrive_step=None env_steps=126 progress=21.9 m replans=14 wall=1268s replay_ok=True | k=10 target=31.6 m passed=False pass_step=None artefact=0/14 margin_mean=-0.612
[2026-09-03T21:15:36Z] DIAG_DONE armA_seed0
[2026-09-03T21:37:24Z] planner diagnostics armA_seed0 seeds [9, 10, 19] configs compact_rolling6,compact_rolling10,released_cem_dest (hazard-free only)
  seed 9 reference always_throttle: arrive_dest env step 128, progress 221.6 m, 44 frames, wall 14.1s
  seed 9 compact_rolling6: outcome=failure reason=max_step arrive_step=None env_steps=995 progress=17.9 m replans=332 wall=1121s replay_ok=True
