Gym has been unmaintained since 2022 and does not support NumPy 2.0 amongst other critical functionality.
Please upgrade to Gymnasium, the maintained drop-in replacement of Gym, or contact the authors of your software and request that they upgrade.
See the migration guide at https://gymnasium.farama.org/introduction/migration_guide/ for additional information.
/opt/conda/lib/python3.11/site-packages/pygame/pkgdata.py:25: DeprecationWarning: pkg_resources is deprecated as an API. See https://setuptools.pypa.io/en/latest/pkg_resources.html
  from pkg_resources import resource_stream, resource_exists
[WARNING ][2026-09-05 21:19:53][Cluster utils       ][_build_dataset_paths     ] JEPAWM_DSET environment variable not set. Dataset paths will need to be provided manually or set the environment variable. See README.md for setup instructions.
[WARNING ][2026-09-05 21:19:53][src.utils.yaml_utils][replace_var              ] Environment variable 'JEPAWM_LOGS' not found at folder. Keeping original placeholder: ${JEPAWM_LOGS}
[WARNING ][2026-09-05 21:19:53][src.utils.yaml_utils][replace_var              ] Environment variable 'JEPAWM_CKPT' not found at checkpoint_folder. Keeping original placeholder: ${JEPAWM_CKPT}
[INFO    ][2026-09-05 21:19:55][httpx               ][_send_single_request     ] HTTP Request: HEAD https://huggingface.co/facebook/jepa-wms/resolve/main/jepa_wm_metaworld.pth.tar "HTTP/1.1 302 Found"
Using cache found in /root/.cache/torch/hub/facebookresearch_dinov2_main
[INFO    ][2026-09-05 21:19:59][dinov2              ][__init__                 ] using MLP layer as FFN
[INFO    ][2026-09-05 21:20:00][root                ][init_video_model         ] Encoder: DinoEncoder(
  (base_model): DinoVisionTransformer(
    (patch_embed): PatchEmbed(
      (proj): Conv2d(3, 384, kernel_size=(14, 14), stride=(14, 14))
      (norm): Identity()
    )
    (blocks): ModuleList(
      (0-11): 12 x NestedTensorBlock(
        (norm1): LayerNorm((384,), eps=1e-06, elementwise_affine=True)
        (attn): MemEffAttention(
          (qkv): Linear(in_features=384, out_features=1152, bias=True)
          (proj): Linear(in_features=384, out_features=384, bias=True)
          (proj_drop): Dropout(p=0.0, inplace=False)
        )
        (ls1): LayerScale()
        (drop_path1): Identity()
        (norm2): LayerNorm((384,), eps=1e-06, elementwise_affine=True)
        (mlp): Mlp(
          (fc1): Linear(in_features=384, out_features=1536, bias=True)
          (act): GELU(approximate='none')
          (fc2): Linear(in_features=1536, out_features=384, bias=True)
          (drop): Dropout(p=0.0, inplace=False)
        )
        (ls2): LayerScale()
        (drop_path2): Identity()
      )
    )
    (norm): LayerNorm((384,), eps=1e-06, elementwise_affine=True)
    (head): Identity()
  )
)
[INFO    ][2026-09-05 21:20:00][root                ][init_video_model         ] 🧠 Encoder: DinoEncoder (22,056,576 params, frozen=True)
[INFO    ][2026-09-05 21:20:01][app.plan_common.models.AdaLN_vit][__init__                 ] 🔧 Initialized 6 AdaLN blocks (scale_factor=10)
[INFO    ][2026-09-05 21:20:01][root                ][init_video_model         ] Predictor: VisionTransformerAdaLN(
  (predictor_embed): Linear(in_features=384, out_features=384, bias=True)
  (action_encoder): Linear(in_features=20, out_features=400, bias=True)
  (predictor_blocks): ModuleList(
    (0-5): 6 x FWAdaLNBlock(
      (norm1): LayerNorm((400,), eps=1e-06, elementwise_affine=True)
      (attn): RoPEAttention(
        (qkv): Linear(in_features=400, out_features=1200, bias=True)
        (attn_drop): Dropout(p=0.0, inplace=False)
        (proj): Linear(in_features=400, out_features=400, bias=True)
        (proj_drop): Dropout(p=0.0, inplace=False)
      )
      (drop_path): Identity()
      (norm2): LayerNorm((400,), eps=1e-06, elementwise_affine=True)
      (mlp): MLP(
        (fc1): Linear(in_features=400, out_features=1600, bias=True)
        (act): GELU(approximate='none')
        (fc2): Linear(in_features=1600, out_features=400, bias=True)
        (drop): Dropout(p=0.0, inplace=False)
      )
      (adaLN_modulation): Sequential(
        (0): SiLU()
        (1): Linear(in_features=400, out_features=2400, bias=True)
      )
    )
  )
  (predictor_norm): LayerNorm((400,), eps=1e-06, elementwise_affine=True)
  (predictor_proj): Linear(in_features=384, out_features=384, bias=True)
)
[INFO    ][2026-09-05 21:20:01][root                ][init_video_model         ] 🔮 Predictor: VisionTransformerAdaLN (17,630,480 params)
[INFO    ][2026-09-05 21:20:01][root                ][fetch_checkpoint         ] Loading checkpoint from local path: /root/.cache/huggingface/hub/models--facebook--jepa-wms/snapshots/9b9c41ef249466630dbf1a20e78391865d07b3b9/jepa_wm_metaworld.pth.tar
[INFO    ][2026-09-05 21:20:01][root                ][load_checkpoint_state_dict] loaded pretrained predictor from epoch 50 with msg: <All keys matched successfully>
[INFO    ][2026-09-05 21:20:01][root                ][load_checkpoint_state_dict] loaded pretrained proprio encoder from epoch 50 with msg: <All keys matched successfully>
[INFO    ][2026-09-05 21:20:01][root                ][__init__                 ] 📉 Loss weights: L2=1.0
{"event": "episode_started", "task": "reach_wall", "episode": 4}
[INFO    ][2026-09-05 21:20:02][OpenGL.acceleratesupport][<module>                 ] No OpenGL_accelerate module loaded: No module named 'OpenGL_accelerate'
[INFO    ][2026-09-05 21:20:02][evals.simu_env_planning.envs.metaworld][make_env                 ] No env_cls so env initialized with seed 1 and env_id='reach-wall-v3-goal-observable'
[INFO    ][2026-09-05 21:20:02][evals.simu_env_planning.planning.gc_agent][__init__                 ] 🏗️  Initializing GC_Agent with WorldModel
[INFO    ][2026-09-05 21:20:02][evals.simu_env_planning.planning.plan_evaluator][get_goal_state_mw        ] Creating expert env ...
[INFO    ][2026-09-05 21:20:02][evals.simu_env_planning.envs.metaworld][make_env                 ] No env_cls so env initialized with seed 1 and env_id='reach-wall-v3-goal-observable'
/opt/conda/lib/python3.11/site-packages/metaworld/policies/policy.py:49: UserWarning: Constant(s) may be too high. Environments clip response to [-1, 1]
  warnings.warn(
{"event": "physical_reconstruction_verified", "mode": "immutable_cached_raw_and_saved_encoded_stimulus", "regenerated_goal_pixels_max_error": 0.0, "fresh_goal_encoding_max_error_at_saved_dtype": {"visual": 0.00390625, "proprio": 0.0}, "restored_saved_encodings_exact": true, "exact_planner_continuation_claimed": false}
{"event": "waypoint_verified", "task": "reach_wall", "episode": 4, "replan": 0, "prefix": 0}
[INFO    ][2026-09-05 21:20:03][evals.simu_env_planning.envs.metaworld][render                   ] Reinitializing render MetaworldWrapper
{"event": "waypoint_verified", "task": "reach_wall", "episode": 4, "replan": 1, "prefix": 15}
{"event": "waypoint_verified", "task": "reach_wall", "episode": 4, "replan": 2, "prefix": 30}
{"event": "waypoint_verified", "task": "reach_wall", "episode": 4, "replan": 3, "prefix": 45}
Traceback (most recent call last):
  File "/root/geometry-map-jepawm-reach-wall-v1/steering-replay-precompute-v1/code-v3-diagnostic/precompute_native_replay.py", line 394, in <module>
    main()
  File "/root/geometry-map-jepawm-reach-wall-v1/steering-replay-precompute-v1/code-v3-diagnostic/precompute_native_replay.py", line 374, in main
    value = reach_episode(args, row, wm, preprocessor, cfg, provenance) if args.task == "reach_wall" else push_episode(args, row, cfg)
            ^^^^^^^^^^^^^^^^^^^^^^^^^^^^^^^^^^^^^^^^^^^^^^^^^^^^^^^^^^^
  File "/opt/conda/lib/python3.11/site-packages/torch/utils/_contextlib.py", line 116, in decorate_context
    return func(*args, **kwargs)
           ^^^^^^^^^^^^^^^^^^^^^
  File "/root/geometry-map-jepawm-reach-wall-v1/steering-replay-precompute-v1/code-v3-diagnostic/precompute_native_replay.py", line 240, in reach_episode
    checks, now = check_reach_waypoint(env, observation, proprio, bank["replans"][replan])
                  ^^^^^^^^^^^^^^^^^^^^^^^^^^^^^^^^^^^^^^^^^^^^^^^^^^^^^^^^^^^^^^^^^^^^^^^^
  File "/root/geometry-map-jepawm-reach-wall-v1/steering-replay-precompute-v1/code-v3-diagnostic/precompute_native_replay.py", line 85, in check_reach_waypoint
    raise RuntimeError("Waypoint checks failed: " + json.dumps({"passed_max_errors": checks, "failures": failures}, sort_keys=True))
RuntimeError: Waypoint checks failed: {"failures": {"pixels": "waypoint pixels: error 48.0 > 0", "qpos": "waypoint qpos: error 5.233348342903454e-06 > 1e-06", "qvel": "waypoint qvel: error 0.00013208854672153159 > 1e-06"}, "passed_max_errors": {"act": 0.0, "mocap_pos": 0.0, "mocap_quat": 0.0, "proprio": 7.301568984985352e-07, "task._freeze_rand_vec": 0.0, "task._last_rand_vec": 0.0, "task._target_pos": 0.0, "task.hand_init_pos": 0.0, "task.obj_init_pos": 0.0, "task.seeded_rand_vec": 0.0, "time": 0.0, "userdata": 0.0}}
