test_capture_all_six_newest_tokens_no_edit (test_capture_horizon_coordinates.HorizonTests.test_capture_all_six_newest_tokens_no_edit) ... ok
test_exact_rejects_small_difference (test_capture_horizon_coordinates.HorizonTests.test_exact_rejects_small_difference) ... ok
test_fresh_tensor_receipt_binds_dtype_shape_values (test_capture_horizon_coordinates.HorizonTests.test_fresh_tensor_receipt_binds_dtype_shape_values) ... ok
test_invalid_time_rejected (test_capture_horizon_coordinates.HorizonTests.test_invalid_time_rejected) ... ok
test_late_native_single_context_time_labels (test_capture_horizon_coordinates.HorizonTests.test_late_native_single_context_time_labels) ... ok
test_physical_readout_not_future_label (test_capture_horizon_coordinates.HorizonTests.test_physical_readout_not_future_label) ... ok
test_real_and_imagined_time_distinct (test_capture_horizon_coordinates.HorizonTests.test_real_and_imagined_time_distinct) ... ok
test_wrong_horizon_count_cleans_hooks (test_capture_horizon_coordinates.HorizonTests.test_wrong_horizon_count_cleans_hooks) ... ok

----------------------------------------------------------------------
Ran 8 tests in 0.014s

OK
Gym has been unmaintained since 2022 and does not support NumPy 2.0 amongst other critical functionality.
Please upgrade to Gymnasium, the maintained drop-in replacement of Gym, or contact the authors of your software and request that they upgrade.
See the migration guide at https://gymnasium.farama.org/introduction/migration_guide/ for additional information.
/opt/conda/lib/python3.11/site-packages/pygame/pkgdata.py:25: DeprecationWarning: pkg_resources is deprecated as an API. See https://setuptools.pypa.io/en/latest/pkg_resources.html
  from pkg_resources import resource_stream, resource_exists
[WARNING ][2026-09-05 23:15:09][Cluster utils       ][_build_dataset_paths     ] JEPAWM_DSET environment variable not set. Dataset paths will need to be provided manually or set the environment variable. See README.md for setup instructions.
[WARNING ][2026-09-05 23:15:09][src.utils.yaml_utils][replace_var              ] Environment variable 'JEPAWM_LOGS' not found at folder. Keeping original placeholder: ${JEPAWM_LOGS}
[WARNING ][2026-09-05 23:15:09][src.utils.yaml_utils][replace_var              ] Environment variable 'JEPAWM_CKPT' not found at checkpoint_folder. Keeping original placeholder: ${JEPAWM_CKPT}
[INFO    ][2026-09-05 23:15:11][httpx               ][_send_single_request     ] HTTP Request: HEAD https://huggingface.co/facebook/jepa-wms/resolve/main/jepa_wm_metaworld.pth.tar "HTTP/1.1 302 Found"
Using cache found in /root/.cache/torch/hub/facebookresearch_dinov2_main
[INFO    ][2026-09-05 23:15:16][dinov2              ][__init__                 ] using MLP layer as FFN
[INFO    ][2026-09-05 23:15:17][root                ][init_video_model         ] Encoder: DinoEncoder(
  (base_model): DinoVisionTransformer(
    (patch_embed): PatchEmbed(
      (proj): Conv2d(3, 384, kernel_size=(14, 14), stride=(14, 14))
      (norm): Identity()
    )
    (blocks): ModuleList(
      (0-11): 12 x NestedTensorBlock(
        (norm1): LayerNorm((384,), eps=1e-06, elementwise_affine=True)
        (attn): MemEffAttention(
          (qkv): Linear(in_features=384, out_features=1152, bias=True)
          (proj): Linear(in_features=384, out_features=384, bias=True)
          (proj_drop): Dropout(p=0.0, inplace=False)
        )
        (ls1): LayerScale()
        (drop_path1): Identity()
        (norm2): LayerNorm((384,), eps=1e-06, elementwise_affine=True)
        (mlp): Mlp(
          (fc1): Linear(in_features=384, out_features=1536, bias=True)
          (act): GELU(approximate='none')
          (fc2): Linear(in_features=1536, out_features=384, bias=True)
          (drop): Dropout(p=0.0, inplace=False)
        )
        (ls2): LayerScale()
        (drop_path2): Identity()
      )
    )
    (norm): LayerNorm((384,), eps=1e-06, elementwise_affine=True)
    (head): Identity()
  )
)
[INFO    ][2026-09-05 23:15:17][root                ][init_video_model         ] 🧠 Encoder: DinoEncoder (22,056,576 params, frozen=True)
[INFO    ][2026-09-05 23:15:17][app.plan_common.models.AdaLN_vit][__init__                 ] 🔧 Initialized 6 AdaLN blocks (scale_factor=10)
[INFO    ][2026-09-05 23:15:17][root                ][init_video_model         ] Predictor: VisionTransformerAdaLN(
  (predictor_embed): Linear(in_features=384, out_features=384, bias=True)
  (action_encoder): Linear(in_features=20, out_features=400, bias=True)
  (predictor_blocks): ModuleList(
    (0-5): 6 x FWAdaLNBlock(
      (norm1): LayerNorm((400,), eps=1e-06, elementwise_affine=True)
      (attn): RoPEAttention(
        (qkv): Linear(in_features=400, out_features=1200, bias=True)
        (attn_drop): Dropout(p=0.0, inplace=False)
        (proj): Linear(in_features=400, out_features=400, bias=True)
        (proj_drop): Dropout(p=0.0, inplace=False)
      )
      (drop_path): Identity()
      (norm2): LayerNorm((400,), eps=1e-06, elementwise_affine=True)
      (mlp): MLP(
        (fc1): Linear(in_features=400, out_features=1600, bias=True)
        (act): GELU(approximate='none')
        (fc2): Linear(in_features=1600, out_features=400, bias=True)
        (drop): Dropout(p=0.0, inplace=False)
      )
      (adaLN_modulation): Sequential(
        (0): SiLU()
        (1): Linear(in_features=400, out_features=2400, bias=True)
      )
    )
  )
  (predictor_norm): LayerNorm((400,), eps=1e-06, elementwise_affine=True)
  (predictor_proj): Linear(in_features=384, out_features=384, bias=True)
)
[INFO    ][2026-09-05 23:15:17][root                ][init_video_model         ] 🔮 Predictor: VisionTransformerAdaLN (17,630,480 params)
[INFO    ][2026-09-05 23:15:17][root                ][fetch_checkpoint         ] Loading checkpoint from local path: /root/.cache/huggingface/hub/models--facebook--jepa-wms/snapshots/9b9c41ef249466630dbf1a20e78391865d07b3b9/jepa_wm_metaworld.pth.tar
[INFO    ][2026-09-05 23:15:17][root                ][load_checkpoint_state_dict] loaded pretrained predictor from epoch 50 with msg: <All keys matched successfully>
[INFO    ][2026-09-05 23:15:17][root                ][load_checkpoint_state_dict] loaded pretrained proprio encoder from epoch 50 with msg: <All keys matched successfully>
[INFO    ][2026-09-05 23:15:17][root                ][__init__                 ] 📉 Loss weights: L2=1.0
[INFO    ][2026-09-05 23:15:19][OpenGL.acceleratesupport][<module>                 ] No OpenGL_accelerate module loaded: No module named 'OpenGL_accelerate'
[INFO    ][2026-09-05 23:15:19][evals.simu_env_planning.envs.metaworld][make_env                 ] No env_cls so env initialized with seed 1 and env_id='reach-wall-v3-goal-observable'
[INFO    ][2026-09-05 23:15:19][evals.simu_env_planning.planning.gc_agent][__init__                 ] 🏗️  Initializing GC_Agent with WorldModel
[INFO    ][2026-09-05 23:15:20][evals.simu_env_planning.planning.plan_evaluator][get_goal_state_mw        ] Creating expert env ...
[INFO    ][2026-09-05 23:15:20][evals.simu_env_planning.envs.metaworld][make_env                 ] No env_cls so env initialized with seed 1 and env_id='reach-wall-v3-goal-observable'
/opt/conda/lib/python3.11/site-packages/metaworld/policies/policy.py:49: UserWarning: Constant(s) may be too high. Environments clip response to [-1, 1]
  warnings.warn(
{"event": "fresh_goal_reference_frozen", "episode": 4, "fresh_goal_sha256": {"visual": "8e5f660d9b56935734198dfbf290c134b14aa01f2ad7fa88b35dc614e68c1a9a", "proprio": "40bc839e2850b8fad75170c89051d2f9b4e0e99999906e42ab7e95b217e34858"}, "old_encoding_difference": {"visual": 0.00390625, "proprio": 0.0}}
[INFO    ][2026-09-05 23:15:21][evals.simu_env_planning.envs.metaworld][render                   ] Reinitializing render MetaworldWrapper
{"event": "horizon_native_cem_started", "episode": 4}
[INFO    ][2026-09-05 23:16:28][evals.simu_env_planning.envs.metaworld][make_env                 ] No env_cls so env initialized with seed 1 and env_id='reach-wall-v3-goal-observable'
[INFO    ][2026-09-05 23:16:28][evals.simu_env_planning.planning.gc_agent][__init__                 ] 🏗️  Initializing GC_Agent with WorldModel
[INFO    ][2026-09-05 23:16:29][evals.simu_env_planning.planning.plan_evaluator][get_goal_state_mw        ] Creating expert env ...
[INFO    ][2026-09-05 23:16:29][evals.simu_env_planning.envs.metaworld][make_env                 ] No env_cls so env initialized with seed 1 and env_id='reach-wall-v3-goal-observable'
{"event": "fresh_goal_reference_frozen", "episode": 4, "fresh_goal_sha256": {"visual": "8e5f660d9b56935734198dfbf290c134b14aa01f2ad7fa88b35dc614e68c1a9a", "proprio": "40bc839e2850b8fad75170c89051d2f9b4e0e99999906e42ab7e95b217e34858"}, "old_encoding_difference": {"visual": 0.00390625, "proprio": 0.0}}
[INFO    ][2026-09-05 23:16:29][evals.simu_env_planning.envs.metaworld][render                   ] Reinitializing render MetaworldWrapper
{"event": "horizon_episode_complete", "episode": 4, "seconds": 70.99718088004738, "old_prefix_error": null, "outputs": [{"path": "episode-004.pt", "episode": 4, "sha256": "0ac6517984fabad31ac31355e046609b6a68b5529d1c8b179e9e0f6bd2cf6a9a", "bytes": 12938071}, {"path": "episode-004.npz", "episode": 4, "sha256": "b2829ee064a553f7cc98e2aaa946bb5bb5f049fc7d0212fd351a13b12d96a825", "bytes": 34275}]}
[INFO    ][2026-09-05 23:16:30][evals.simu_env_planning.envs.metaworld][make_env                 ] No env_cls so env initialized with seed 1 and env_id='reach-wall-v3-goal-observable'
[INFO    ][2026-09-05 23:16:30][evals.simu_env_planning.planning.gc_agent][__init__                 ] 🏗️  Initializing GC_Agent with WorldModel
[INFO    ][2026-09-05 23:16:30][evals.simu_env_planning.planning.plan_evaluator][get_goal_state_mw        ] Creating expert env ...
[INFO    ][2026-09-05 23:16:30][evals.simu_env_planning.envs.metaworld][make_env                 ] No env_cls so env initialized with seed 1 and env_id='reach-wall-v3-goal-observable'
{"event": "fresh_goal_reference_frozen", "episode": 5, "fresh_goal_sha256": {"visual": "62a6be722d5e711e05203756c029f2c91b615c93b47e8e6aa576e0608c4f80c0", "proprio": "a6ee1f2e8ef6085e17814145184ed4f0b5c6e3daf2c5ae8f7b109bb69d9ad13c"}, "old_encoding_difference": {"visual": 0.00390625, "proprio": 0.0}}
[INFO    ][2026-09-05 23:16:31][evals.simu_env_planning.envs.metaworld][render                   ] Reinitializing render MetaworldWrapper
{"event": "horizon_native_cem_started", "episode": 5}
[INFO    ][2026-09-05 23:17:40][evals.simu_env_planning.envs.metaworld][make_env                 ] No env_cls so env initialized with seed 1 and env_id='reach-wall-v3-goal-observable'
[INFO    ][2026-09-05 23:17:40][evals.simu_env_planning.planning.gc_agent][__init__                 ] 🏗️  Initializing GC_Agent with WorldModel
[INFO    ][2026-09-05 23:17:40][evals.simu_env_planning.planning.plan_evaluator][get_goal_state_mw        ] Creating expert env ...
[INFO    ][2026-09-05 23:17:40][evals.simu_env_planning.envs.metaworld][make_env                 ] No env_cls so env initialized with seed 1 and env_id='reach-wall-v3-goal-observable'
{"event": "fresh_goal_reference_frozen", "episode": 5, "fresh_goal_sha256": {"visual": "62a6be722d5e711e05203756c029f2c91b615c93b47e8e6aa576e0608c4f80c0", "proprio": "a6ee1f2e8ef6085e17814145184ed4f0b5c6e3daf2c5ae8f7b109bb69d9ad13c"}, "old_encoding_difference": {"visual": 0.00390625, "proprio": 0.0}}
[INFO    ][2026-09-05 23:17:41][evals.simu_env_planning.envs.metaworld][render                   ] Reinitializing render MetaworldWrapper
{"event": "horizon_episode_complete", "episode": 5, "seconds": 71.2555518085137, "old_prefix_error": null, "outputs": [{"path": "episode-005.pt", "episode": 5, "sha256": "ea4aa21b21b2f1c03fba2eca6b2f81f74044b0c4501e6e5269e5862be52a193d", "bytes": 12938455}, {"path": "episode-005.npz", "episode": 5, "sha256": "2f90c239cd975b52cab34e9e53f4d61d2b4ed824334dbf3c3ef8b26ce91d6125", "bytes": 34236}]}
[INFO    ][2026-09-05 23:17:41][evals.simu_env_planning.envs.metaworld][make_env                 ] No env_cls so env initialized with seed 1 and env_id='reach-wall-v3-goal-observable'
[INFO    ][2026-09-05 23:17:41][evals.simu_env_planning.planning.gc_agent][__init__                 ] 🏗️  Initializing GC_Agent with WorldModel
[INFO    ][2026-09-05 23:17:41][evals.simu_env_planning.planning.plan_evaluator][get_goal_state_mw        ] Creating expert env ...
[INFO    ][2026-09-05 23:17:42][evals.simu_env_planning.envs.metaworld][make_env                 ] No env_cls so env initialized with seed 1 and env_id='reach-wall-v3-goal-observable'
{"event": "fresh_goal_reference_frozen", "episode": 6, "fresh_goal_sha256": {"visual": "8b84894829ffb61fcf6725f3def6e25a923ab28ff33b2521b710ff2a424da0b2", "proprio": "2a223980e8159fd7d6f7dd42cc0d0e2d0cb7382c5fd814bd399bf79474e9b8db"}, "old_encoding_difference": {"visual": 0.00390625, "proprio": 0.0}}
[INFO    ][2026-09-05 23:17:42][evals.simu_env_planning.envs.metaworld][render                   ] Reinitializing render MetaworldWrapper
{"event": "horizon_native_cem_started", "episode": 6}
[INFO    ][2026-09-05 23:18:52][evals.simu_env_planning.envs.metaworld][make_env                 ] No env_cls so env initialized with seed 1 and env_id='reach-wall-v3-goal-observable'
[INFO    ][2026-09-05 23:18:52][evals.simu_env_planning.planning.gc_agent][__init__                 ] 🏗️  Initializing GC_Agent with WorldModel
[INFO    ][2026-09-05 23:18:52][evals.simu_env_planning.planning.plan_evaluator][get_goal_state_mw        ] Creating expert env ...
[INFO    ][2026-09-05 23:18:52][evals.simu_env_planning.envs.metaworld][make_env                 ] No env_cls so env initialized with seed 1 and env_id='reach-wall-v3-goal-observable'
{"event": "fresh_goal_reference_frozen", "episode": 6, "fresh_goal_sha256": {"visual": "8b84894829ffb61fcf6725f3def6e25a923ab28ff33b2521b710ff2a424da0b2", "proprio": "2a223980e8159fd7d6f7dd42cc0d0e2d0cb7382c5fd814bd399bf79474e9b8db"}, "old_encoding_difference": {"visual": 0.00390625, "proprio": 0.0}}
[INFO    ][2026-09-05 23:18:53][evals.simu_env_planning.envs.metaworld][render                   ] Reinitializing render MetaworldWrapper
Traceback (most recent call last):
  File "/root/geometry-map-jepawm-reach-wall-v1/horizon-coordinates-v1/code-v3/scripts/geometry_map/capture_horizon_coordinates.py", line 379, in <module>
    main()
  File "/root/geometry-map-jepawm-reach-wall-v1/horizon-coordinates-v1/code-v3/scripts/geometry_map/capture_horizon_coordinates.py", line 365, in main
    outputs.extend(capture_episode(args, row, wm, preprocessor, cfg, readout))
                   ^^^^^^^^^^^^^^^^^^^^^^^^^^^^^^^^^^^^^^^^^^^^^^^^^^^^^^^^^^
  File "/opt/conda/lib/python3.11/site-packages/torch/utils/_contextlib.py", line 116, in decorate_context
    return func(*args, **kwargs)
           ^^^^^^^^^^^^^^^^^^^^^
  File "/root/geometry-map-jepawm-reach-wall-v1/horizon-coordinates-v1/code-v3/scripts/geometry_map/capture_horizon_coordinates.py", line 264, in capture_episode
    exact(repeat["frames"], truth["frames"], "all30 image buffers")
  File "/root/geometry-map-jepawm-reach-wall-v1/horizon-coordinates-v1/code-v3/scripts/geometry_map/capture_horizon_coordinates.py", line 34, in exact
    raise RuntimeError(f"New paired identity failed: {label}, maxABS={error}")
RuntimeError: New paired identity failed: all30 image buffers, maxABS=1.0
