test_capture_all_six_newest_tokens_no_edit (test_capture_horizon_coordinates.HorizonTests.test_capture_all_six_newest_tokens_no_edit) ... ok
test_exact_rejects_small_difference (test_capture_horizon_coordinates.HorizonTests.test_exact_rejects_small_difference) ... ok
test_fresh_tensor_receipt_binds_dtype_shape_values (test_capture_horizon_coordinates.HorizonTests.test_fresh_tensor_receipt_binds_dtype_shape_values) ... ok
test_invalid_time_rejected (test_capture_horizon_coordinates.HorizonTests.test_invalid_time_rejected) ... ok
test_late_native_single_context_time_labels (test_capture_horizon_coordinates.HorizonTests.test_late_native_single_context_time_labels) ... ok
test_physical_readout_not_future_label (test_capture_horizon_coordinates.HorizonTests.test_physical_readout_not_future_label) ... ok
test_real_and_imagined_time_distinct (test_capture_horizon_coordinates.HorizonTests.test_real_and_imagined_time_distinct) ... ok
test_wrong_horizon_count_cleans_hooks (test_capture_horizon_coordinates.HorizonTests.test_wrong_horizon_count_cleans_hooks) ... ok

----------------------------------------------------------------------
Ran 8 tests in 0.008s

OK
Gym has been unmaintained since 2022 and does not support NumPy 2.0 amongst other critical functionality.
Please upgrade to Gymnasium, the maintained drop-in replacement of Gym, or contact the authors of your software and request that they upgrade.
See the migration guide at https://gymnasium.farama.org/introduction/migration_guide/ for additional information.
/opt/conda/lib/python3.11/site-packages/pygame/pkgdata.py:25: DeprecationWarning: pkg_resources is deprecated as an API. See https://setuptools.pypa.io/en/latest/pkg_resources.html
  from pkg_resources import resource_stream, resource_exists
[WARNING ][2026-09-05 23:15:04][Cluster utils       ][_build_dataset_paths     ] JEPAWM_DSET environment variable not set. Dataset paths will need to be provided manually or set the environment variable. See README.md for setup instructions.
[WARNING ][2026-09-05 23:15:04][src.utils.yaml_utils][replace_var              ] Environment variable 'JEPAWM_LOGS' not found at folder. Keeping original placeholder: ${JEPAWM_LOGS}
[WARNING ][2026-09-05 23:15:04][src.utils.yaml_utils][replace_var              ] Environment variable 'JEPAWM_CKPT' not found at checkpoint_folder. Keeping original placeholder: ${JEPAWM_CKPT}
[INFO    ][2026-09-05 23:15:04][httpx               ][_send_single_request     ] HTTP Request: HEAD https://huggingface.co/facebook/jepa-wms/resolve/main/jepa_wm_metaworld.pth.tar "HTTP/1.1 302 Found"
Using cache found in /root/.cache/torch/hub/facebookresearch_dinov2_main
[INFO    ][2026-09-05 23:15:05][dinov2              ][__init__                 ] using MLP layer as FFN
[INFO    ][2026-09-05 23:15:05][root                ][init_video_model         ] Encoder: DinoEncoder(
  (base_model): DinoVisionTransformer(
    (patch_embed): PatchEmbed(
      (proj): Conv2d(3, 384, kernel_size=(14, 14), stride=(14, 14))
      (norm): Identity()
    )
    (blocks): ModuleList(
      (0-11): 12 x NestedTensorBlock(
        (norm1): LayerNorm((384,), eps=1e-06, elementwise_affine=True)
        (attn): MemEffAttention(
          (qkv): Linear(in_features=384, out_features=1152, bias=True)
          (proj): Linear(in_features=384, out_features=384, bias=True)
          (proj_drop): Dropout(p=0.0, inplace=False)
        )
        (ls1): LayerScale()
        (drop_path1): Identity()
        (norm2): LayerNorm((384,), eps=1e-06, elementwise_affine=True)
        (mlp): Mlp(
          (fc1): Linear(in_features=384, out_features=1536, bias=True)
          (act): GELU(approximate='none')
          (fc2): Linear(in_features=1536, out_features=384, bias=True)
          (drop): Dropout(p=0.0, inplace=False)
        )
        (ls2): LayerScale()
        (drop_path2): Identity()
      )
    )
    (norm): LayerNorm((384,), eps=1e-06, elementwise_affine=True)
    (head): Identity()
  )
)
[INFO    ][2026-09-05 23:15:05][root                ][init_video_model         ] 🧠 Encoder: DinoEncoder (22,056,576 params, frozen=True)
[INFO    ][2026-09-05 23:15:05][app.plan_common.models.AdaLN_vit][__init__                 ] 🔧 Initialized 6 AdaLN blocks (scale_factor=10)
[INFO    ][2026-09-05 23:15:05][root                ][init_video_model         ] Predictor: VisionTransformerAdaLN(
  (predictor_embed): Linear(in_features=384, out_features=384, bias=True)
  (action_encoder): Linear(in_features=20, out_features=400, bias=True)
  (predictor_blocks): ModuleList(
    (0-5): 6 x FWAdaLNBlock(
      (norm1): LayerNorm((400,), eps=1e-06, elementwise_affine=True)
      (attn): RoPEAttention(
        (qkv): Linear(in_features=400, out_features=1200, bias=True)
        (attn_drop): Dropout(p=0.0, inplace=False)
        (proj): Linear(in_features=400, out_features=400, bias=True)
        (proj_drop): Dropout(p=0.0, inplace=False)
      )
      (drop_path): Identity()
      (norm2): LayerNorm((400,), eps=1e-06, elementwise_affine=True)
      (mlp): MLP(
        (fc1): Linear(in_features=400, out_features=1600, bias=True)
        (act): GELU(approximate='none')
        (fc2): Linear(in_features=1600, out_features=400, bias=True)
        (drop): Dropout(p=0.0, inplace=False)
      )
      (adaLN_modulation): Sequential(
        (0): SiLU()
        (1): Linear(in_features=400, out_features=2400, bias=True)
      )
    )
  )
  (predictor_norm): LayerNorm((400,), eps=1e-06, elementwise_affine=True)
  (predictor_proj): Linear(in_features=384, out_features=384, bias=True)
)
[INFO    ][2026-09-05 23:15:05][root                ][init_video_model         ] 🔮 Predictor: VisionTransformerAdaLN (17,630,480 params)
[INFO    ][2026-09-05 23:15:05][root                ][fetch_checkpoint         ] Loading checkpoint from local path: /root/.cache/huggingface/hub/models--facebook--jepa-wms/snapshots/9b9c41ef249466630dbf1a20e78391865d07b3b9/jepa_wm_metaworld.pth.tar
[INFO    ][2026-09-05 23:15:05][root                ][load_checkpoint_state_dict] loaded pretrained predictor from epoch 50 with msg: <All keys matched successfully>
[INFO    ][2026-09-05 23:15:05][root                ][load_checkpoint_state_dict] loaded pretrained proprio encoder from epoch 50 with msg: <All keys matched successfully>
[INFO    ][2026-09-05 23:15:05][root                ][__init__                 ] 📉 Loss weights: L2=1.0
[INFO    ][2026-09-05 23:15:06][OpenGL.platform.ctypesloader][_loadLibraryPosix        ] Failed to load library ( 'libOpenGL.so.0' ): libOpenGL.so.0: cannot open shared object file: No such file or directory
[INFO    ][2026-09-05 23:15:06][OpenGL.acceleratesupport][<module>                 ] No OpenGL_accelerate module loaded: No module named 'OpenGL_accelerate'
[INFO    ][2026-09-05 23:15:06][OpenGL.platform.ctypesloader][_loadLibraryPosix        ] Failed to load library ( 'libOpenGL.so.0' ): libOpenGL.so.0: cannot open shared object file: No such file or directory
[INFO    ][2026-09-05 23:15:06][evals.simu_env_planning.envs.metaworld][make_env                 ] No env_cls so env initialized with seed 1 and env_id='reach-wall-v3-goal-observable'
[INFO    ][2026-09-05 23:15:06][evals.simu_env_planning.planning.gc_agent][__init__                 ] 🏗️  Initializing GC_Agent with WorldModel
[INFO    ][2026-09-05 23:15:06][evals.simu_env_planning.planning.plan_evaluator][get_goal_state_mw        ] Creating expert env ...
[INFO    ][2026-09-05 23:15:06][evals.simu_env_planning.envs.metaworld][make_env                 ] No env_cls so env initialized with seed 1 and env_id='reach-wall-v3-goal-observable'
/opt/conda/lib/python3.11/site-packages/metaworld/policies/policy.py:49: UserWarning: Constant(s) may be too high. Environments clip response to [-1, 1]
  warnings.warn(
{"event": "fresh_goal_reference_frozen", "episode": 8, "fresh_goal_sha256": {"visual": "02cb4774a48b3ed7f454993352bd4a8bef98119111eecf270dbeb1eff9a5625a", "proprio": "bea1bd47918bb6c74679b3372d1c7de3f0b15db06b7579fb6750fb1a8a31cfaf"}, "old_encoding_difference": {"visual": 0.00390625, "proprio": 0.0}}
[INFO    ][2026-09-05 23:15:07][evals.simu_env_planning.envs.metaworld][render                   ] Reinitializing render MetaworldWrapper
{"event": "horizon_native_cem_started", "episode": 8}
[INFO    ][2026-09-05 23:16:30][evals.simu_env_planning.envs.metaworld][make_env                 ] No env_cls so env initialized with seed 1 and env_id='reach-wall-v3-goal-observable'
[INFO    ][2026-09-05 23:16:30][evals.simu_env_planning.planning.gc_agent][__init__                 ] 🏗️  Initializing GC_Agent with WorldModel
[INFO    ][2026-09-05 23:16:30][evals.simu_env_planning.planning.plan_evaluator][get_goal_state_mw        ] Creating expert env ...
[INFO    ][2026-09-05 23:16:30][evals.simu_env_planning.envs.metaworld][make_env                 ] No env_cls so env initialized with seed 1 and env_id='reach-wall-v3-goal-observable'
{"event": "fresh_goal_reference_frozen", "episode": 8, "fresh_goal_sha256": {"visual": "02cb4774a48b3ed7f454993352bd4a8bef98119111eecf270dbeb1eff9a5625a", "proprio": "bea1bd47918bb6c74679b3372d1c7de3f0b15db06b7579fb6750fb1a8a31cfaf"}, "old_encoding_difference": {"visual": 0.00390625, "proprio": 0.0}}
[INFO    ][2026-09-05 23:16:30][evals.simu_env_planning.envs.metaworld][render                   ] Reinitializing render MetaworldWrapper
{"event": "horizon_episode_complete", "episode": 8, "seconds": 84.68901962786913, "old_prefix_error": null, "outputs": [{"path": "episode-008.pt", "episode": 8, "sha256": "c478b65ce3deeb40cf58fe17372335e5c0e32f196c0a124aaedea6d81887cf61", "bytes": 12937943}, {"path": "episode-008.npz", "episode": 8, "sha256": "049cafa7b59fc7b0c6af7cee97476e6cbc50928a9fac2a438068963ea6c8ce0d", "bytes": 34220}]}
[INFO    ][2026-09-05 23:16:30][evals.simu_env_planning.envs.metaworld][make_env                 ] No env_cls so env initialized with seed 1 and env_id='reach-wall-v3-goal-observable'
[INFO    ][2026-09-05 23:16:30][evals.simu_env_planning.planning.gc_agent][__init__                 ] 🏗️  Initializing GC_Agent with WorldModel
[INFO    ][2026-09-05 23:16:31][evals.simu_env_planning.planning.plan_evaluator][get_goal_state_mw        ] Creating expert env ...
[INFO    ][2026-09-05 23:16:31][evals.simu_env_planning.envs.metaworld][make_env                 ] No env_cls so env initialized with seed 1 and env_id='reach-wall-v3-goal-observable'
{"event": "fresh_goal_reference_frozen", "episode": 9, "fresh_goal_sha256": {"visual": "d68e671b7d46821aa968ae1cd12376df612d88c150f7777a02eb33d1beb4aa8f", "proprio": "fbbad5fbd7bde076edc8167ce6a45cf78a11507ac192d32fbc8a36a9865d2dc3"}, "old_encoding_difference": {"visual": 0.0078125, "proprio": 0.0}}
[INFO    ][2026-09-05 23:16:31][evals.simu_env_planning.envs.metaworld][render                   ] Reinitializing render MetaworldWrapper
{"event": "horizon_native_cem_started", "episode": 9}
[INFO    ][2026-09-05 23:17:55][evals.simu_env_planning.envs.metaworld][make_env                 ] No env_cls so env initialized with seed 1 and env_id='reach-wall-v3-goal-observable'
[INFO    ][2026-09-05 23:17:55][evals.simu_env_planning.planning.gc_agent][__init__                 ] 🏗️  Initializing GC_Agent with WorldModel
[INFO    ][2026-09-05 23:17:55][evals.simu_env_planning.planning.plan_evaluator][get_goal_state_mw        ] Creating expert env ...
[INFO    ][2026-09-05 23:17:55][evals.simu_env_planning.envs.metaworld][make_env                 ] No env_cls so env initialized with seed 1 and env_id='reach-wall-v3-goal-observable'
{"event": "fresh_goal_reference_frozen", "episode": 9, "fresh_goal_sha256": {"visual": "d68e671b7d46821aa968ae1cd12376df612d88c150f7777a02eb33d1beb4aa8f", "proprio": "fbbad5fbd7bde076edc8167ce6a45cf78a11507ac192d32fbc8a36a9865d2dc3"}, "old_encoding_difference": {"visual": 0.0078125, "proprio": 0.0}}
[INFO    ][2026-09-05 23:17:56][evals.simu_env_planning.envs.metaworld][render                   ] Reinitializing render MetaworldWrapper
{"event": "horizon_episode_complete", "episode": 9, "seconds": 85.56892829015851, "old_prefix_error": null, "outputs": [{"path": "episode-009.pt", "episode": 9, "sha256": "231da837faea34c43dfb32e853a7a59c23819b93e0c12dd11447e2f8b6fd3b4f", "bytes": 12938263}, {"path": "episode-009.npz", "episode": 9, "sha256": "6e973f3bc804374df4ddd75671ad4d94d37c50fc9850770d97a1b1ac7beb0a2f", "bytes": 34286}]}
[INFO    ][2026-09-05 23:17:56][evals.simu_env_planning.envs.metaworld][make_env                 ] No env_cls so env initialized with seed 1 and env_id='reach-wall-v3-goal-observable'
[INFO    ][2026-09-05 23:17:56][evals.simu_env_planning.planning.gc_agent][__init__                 ] 🏗️  Initializing GC_Agent with WorldModel
[INFO    ][2026-09-05 23:17:56][evals.simu_env_planning.planning.plan_evaluator][get_goal_state_mw        ] Creating expert env ...
[INFO    ][2026-09-05 23:17:56][evals.simu_env_planning.envs.metaworld][make_env                 ] No env_cls so env initialized with seed 1 and env_id='reach-wall-v3-goal-observable'
{"event": "fresh_goal_reference_frozen", "episode": 10, "fresh_goal_sha256": {"visual": "9518f386efd7be400465352324d649922d17ae4ac62c691d524031151710ac1e", "proprio": "ae85db58c488e978f377f7f11d95a26f12394aeb0b147720dd379241b761e8b8"}, "old_encoding_difference": {"visual": 0.0078125, "proprio": 0.0}}
[INFO    ][2026-09-05 23:17:56][evals.simu_env_planning.envs.metaworld][render                   ] Reinitializing render MetaworldWrapper
{"event": "horizon_native_cem_started", "episode": 10}
[INFO    ][2026-09-05 23:19:21][evals.simu_env_planning.envs.metaworld][make_env                 ] No env_cls so env initialized with seed 1 and env_id='reach-wall-v3-goal-observable'
[INFO    ][2026-09-05 23:19:21][evals.simu_env_planning.planning.gc_agent][__init__                 ] 🏗️  Initializing GC_Agent with WorldModel
[INFO    ][2026-09-05 23:19:21][evals.simu_env_planning.planning.plan_evaluator][get_goal_state_mw        ] Creating expert env ...
[INFO    ][2026-09-05 23:19:21][evals.simu_env_planning.envs.metaworld][make_env                 ] No env_cls so env initialized with seed 1 and env_id='reach-wall-v3-goal-observable'
{"event": "fresh_goal_reference_frozen", "episode": 10, "fresh_goal_sha256": {"visual": "9518f386efd7be400465352324d649922d17ae4ac62c691d524031151710ac1e", "proprio": "ae85db58c488e978f377f7f11d95a26f12394aeb0b147720dd379241b761e8b8"}, "old_encoding_difference": {"visual": 0.0078125, "proprio": 0.0}}
[INFO    ][2026-09-05 23:19:21][evals.simu_env_planning.envs.metaworld][render                   ] Reinitializing render MetaworldWrapper
Traceback (most recent call last):
  File "/root/geometry-map-jepawm-reach-wall-v1/horizon-coordinates-v1/code-v3/scripts/geometry_map/capture_horizon_coordinates.py", line 379, in <module>
    main()
  File "/root/geometry-map-jepawm-reach-wall-v1/horizon-coordinates-v1/code-v3/scripts/geometry_map/capture_horizon_coordinates.py", line 365, in main
    outputs.extend(capture_episode(args, row, wm, preprocessor, cfg, readout))
                   ^^^^^^^^^^^^^^^^^^^^^^^^^^^^^^^^^^^^^^^^^^^^^^^^^^^^^^^^^^
  File "/opt/conda/lib/python3.11/site-packages/torch/utils/_contextlib.py", line 116, in decorate_context
    return func(*args, **kwargs)
           ^^^^^^^^^^^^^^^^^^^^^
  File "/root/geometry-map-jepawm-reach-wall-v1/horizon-coordinates-v1/code-v3/scripts/geometry_map/capture_horizon_coordinates.py", line 264, in capture_episode
    exact(repeat["frames"], truth["frames"], "all30 image buffers")
  File "/root/geometry-map-jepawm-reach-wall-v1/horizon-coordinates-v1/code-v3/scripts/geometry_map/capture_horizon_coordinates.py", line 34, in exact
    raise RuntimeError(f"New paired identity failed: {label}, maxABS={error}")
RuntimeError: New paired identity failed: all30 image buffers, maxABS=1.0
