Gym has been unmaintained since 2022 and does not support NumPy 2.0 amongst other critical functionality.
Please upgrade to Gymnasium, the maintained drop-in replacement of Gym, or contact the authors of your software and request that they upgrade.
See the migration guide at https://gymnasium.farama.org/introduction/migration_guide/ for additional information.
/opt/conda/lib/python3.11/site-packages/pygame/pkgdata.py:25: DeprecationWarning: pkg_resources is deprecated as an API. See https://setuptools.pypa.io/en/latest/pkg_resources.html
  from pkg_resources import resource_stream, resource_exists
[WARNING ][2026-09-05 20:41:20][Cluster utils       ][_build_dataset_paths     ] JEPAWM_DSET environment variable not set. Dataset paths will need to be provided manually or set the environment variable. See README.md for setup instructions.
[WARNING ][2026-09-05 20:41:20][src.utils.yaml_utils][replace_var              ] Environment variable 'JEPAWM_LOGS' not found at folder. Keeping original placeholder: ${JEPAWM_LOGS}
[WARNING ][2026-09-05 20:41:20][src.utils.yaml_utils][replace_var              ] Environment variable 'JEPAWM_CKPT' not found at checkpoint_folder. Keeping original placeholder: ${JEPAWM_CKPT}
[INFO    ][2026-09-05 20:41:21][httpx               ][_send_single_request     ] HTTP Request: HEAD https://huggingface.co/facebook/jepa-wms/resolve/main/jepa_wm_metaworld.pth.tar "HTTP/1.1 302 Found"
Warning: You are sending unauthenticated requests to the HF Hub. Please set a HF_TOKEN to enable higher rate limits and faster downloads.
[WARNING ][2026-09-05 20:41:21][huggingface_hub.utils._http][_warn_on_warning_headers ] Warning: You are sending unauthenticated requests to the HF Hub. Please set a HF_TOKEN to enable higher rate limits and faster downloads.
Using cache found in /root/.cache/torch/hub/facebookresearch_dinov2_main
[INFO    ][2026-09-05 20:41:23][dinov2              ][__init__                 ] using MLP layer as FFN
[INFO    ][2026-09-05 20:41:23][root                ][init_video_model         ] Encoder: DinoEncoder(
  (base_model): DinoVisionTransformer(
    (patch_embed): PatchEmbed(
      (proj): Conv2d(3, 384, kernel_size=(14, 14), stride=(14, 14))
      (norm): Identity()
    )
    (blocks): ModuleList(
      (0-11): 12 x NestedTensorBlock(
        (norm1): LayerNorm((384,), eps=1e-06, elementwise_affine=True)
        (attn): MemEffAttention(
          (qkv): Linear(in_features=384, out_features=1152, bias=True)
          (proj): Linear(in_features=384, out_features=384, bias=True)
          (proj_drop): Dropout(p=0.0, inplace=False)
        )
        (ls1): LayerScale()
        (drop_path1): Identity()
        (norm2): LayerNorm((384,), eps=1e-06, elementwise_affine=True)
        (mlp): Mlp(
          (fc1): Linear(in_features=384, out_features=1536, bias=True)
          (act): GELU(approximate='none')
          (fc2): Linear(in_features=1536, out_features=384, bias=True)
          (drop): Dropout(p=0.0, inplace=False)
        )
        (ls2): LayerScale()
        (drop_path2): Identity()
      )
    )
    (norm): LayerNorm((384,), eps=1e-06, elementwise_affine=True)
    (head): Identity()
  )
)
[INFO    ][2026-09-05 20:41:23][root                ][init_video_model         ] 🧠 Encoder: DinoEncoder (22,056,576 params, frozen=True)
[INFO    ][2026-09-05 20:41:23][app.plan_common.models.AdaLN_vit][__init__                 ] 🔧 Initialized 6 AdaLN blocks (scale_factor=10)
[INFO    ][2026-09-05 20:41:23][root                ][init_video_model         ] Predictor: VisionTransformerAdaLN(
  (predictor_embed): Linear(in_features=384, out_features=384, bias=True)
  (action_encoder): Linear(in_features=20, out_features=400, bias=True)
  (predictor_blocks): ModuleList(
    (0-5): 6 x FWAdaLNBlock(
      (norm1): LayerNorm((400,), eps=1e-06, elementwise_affine=True)
      (attn): RoPEAttention(
        (qkv): Linear(in_features=400, out_features=1200, bias=True)
        (attn_drop): Dropout(p=0.0, inplace=False)
        (proj): Linear(in_features=400, out_features=400, bias=True)
        (proj_drop): Dropout(p=0.0, inplace=False)
      )
      (drop_path): Identity()
      (norm2): LayerNorm((400,), eps=1e-06, elementwise_affine=True)
      (mlp): MLP(
        (fc1): Linear(in_features=400, out_features=1600, bias=True)
        (act): GELU(approximate='none')
        (fc2): Linear(in_features=1600, out_features=400, bias=True)
        (drop): Dropout(p=0.0, inplace=False)
      )
      (adaLN_modulation): Sequential(
        (0): SiLU()
        (1): Linear(in_features=400, out_features=2400, bias=True)
      )
    )
  )
  (predictor_norm): LayerNorm((400,), eps=1e-06, elementwise_affine=True)
  (predictor_proj): Linear(in_features=384, out_features=384, bias=True)
)
[INFO    ][2026-09-05 20:41:23][root                ][init_video_model         ] 🔮 Predictor: VisionTransformerAdaLN (17,630,480 params)
[INFO    ][2026-09-05 20:41:23][root                ][fetch_checkpoint         ] Loading checkpoint from local path: /root/.cache/huggingface/hub/models--facebook--jepa-wms/snapshots/9b9c41ef249466630dbf1a20e78391865d07b3b9/jepa_wm_metaworld.pth.tar
[INFO    ][2026-09-05 20:41:23][root                ][load_checkpoint_state_dict] loaded pretrained predictor from epoch 50 with msg: <All keys matched successfully>
[INFO    ][2026-09-05 20:41:23][root                ][load_checkpoint_state_dict] loaded pretrained proprio encoder from epoch 50 with msg: <All keys matched successfully>
[INFO    ][2026-09-05 20:41:23][root                ][__init__                 ] 📉 Loss weights: L2=1.0
[INFO    ][2026-09-05 20:41:23][OpenGL.acceleratesupport][<module>                 ] No OpenGL_accelerate module loaded: No module named 'OpenGL_accelerate'
[INFO    ][2026-09-05 20:41:24][evals.simu_env_planning.envs.metaworld][make_env                 ] No env_cls so env initialized with seed 1 and env_id='reach-wall-v3-goal-observable'
[INFO    ][2026-09-05 20:41:24][evals.simu_env_planning.planning.gc_agent][__init__                 ] 🏗️  Initializing GC_Agent with WorldModel
[INFO    ][2026-09-05 20:41:24][evals.simu_env_planning.planning.plan_evaluator][get_goal_state_mw        ] Creating expert env ...
[INFO    ][2026-09-05 20:41:24][evals.simu_env_planning.envs.metaworld][make_env                 ] No env_cls so env initialized with seed 1 and env_id='reach-wall-v3-goal-observable'
/opt/conda/lib/python3.11/site-packages/metaworld/policies/policy.py:49: UserWarning: Constant(s) may be too high. Environments clip response to [-1, 1]
  warnings.warn(
{"event": "cached_goal_restored", "mode": "immutable_cached_raw", "regenerated_goal_pixels_max_error": 9.0, "encoded_goal_check": "exact at saved cache dtype (float16)"}
{"event": "replay_start_errors", "pixels": 0.0, "proprio": 0.0, "qpos": 0.0, "goal_pixels": 0.0}
{"event": "replay_verified", "checks": {"pixels": 0.0, "proprio": 0.0, "goal_pixels": 0.0, "goal_proprio": 0.0, "qpos": 0.0, "qvel": 0.0, "act": 0.0, "mocap_pos": 0.0, "mocap_quat": 0.0, "userdata": 0.0, "time": 0.0, "task._last_rand_vec": 0.0, "task._target_pos": 0.0, "task.obj_init_pos": 0.0, "task.hand_init_pos": 0.0, "task.seeded_rand_vec": 0.0, "task._freeze_rand_vec": 0.0}}
[INFO    ][2026-09-05 20:41:25][evals.simu_env_planning.envs.metaworld][make_env                 ] No env_cls so env initialized with seed 1 and env_id='reach-wall-v3-goal-observable'
[INFO    ][2026-09-05 20:41:25][evals.simu_env_planning.planning.gc_agent][__init__                 ] 🏗️  Initializing GC_Agent with WorldModel
[INFO    ][2026-09-05 20:41:25][evals.simu_env_planning.planning.plan_evaluator][get_goal_state_mw        ] Creating expert env ...
[INFO    ][2026-09-05 20:41:25][evals.simu_env_planning.envs.metaworld][make_env                 ] No env_cls so env initialized with seed 1 and env_id='reach-wall-v3-goal-observable'
{"event": "cached_goal_restored", "mode": "immutable_cached_raw", "regenerated_goal_pixels_max_error": 9.0, "encoded_goal_check": "exact at saved cache dtype (float16)"}
{"event": "replay_start_errors", "pixels": 0.0, "proprio": 0.0, "qpos": 0.0, "goal_pixels": 0.0}
[INFO    ][2026-09-05 20:41:25][evals.simu_env_planning.envs.metaworld][render                   ] Reinitializing render MetaworldWrapper
[INFO    ][2026-09-05 20:41:25][evals.simu_env_planning.envs.metaworld][make_env                 ] No env_cls so env initialized with seed 1 and env_id='reach-wall-v3-goal-observable'
[INFO    ][2026-09-05 20:41:25][evals.simu_env_planning.planning.gc_agent][__init__                 ] 🏗️  Initializing GC_Agent with WorldModel
[INFO    ][2026-09-05 20:41:25][evals.simu_env_planning.planning.plan_evaluator][get_goal_state_mw        ] Creating expert env ...
[INFO    ][2026-09-05 20:41:25][evals.simu_env_planning.envs.metaworld][make_env                 ] No env_cls so env initialized with seed 1 and env_id='reach-wall-v3-goal-observable'
{"event": "cached_goal_restored", "mode": "immutable_cached_raw", "regenerated_goal_pixels_max_error": 9.0, "encoded_goal_check": "exact at saved cache dtype (float16)"}
{"event": "replay_start_errors", "pixels": 0.0, "proprio": 0.0, "qpos": 0.0, "goal_pixels": 0.0}
[INFO    ][2026-09-05 20:41:26][evals.simu_env_planning.envs.metaworld][render                   ] Reinitializing render MetaworldWrapper
[INFO    ][2026-09-05 20:41:26][evals.simu_env_planning.envs.metaworld][make_env                 ] No env_cls so env initialized with seed 1 and env_id='reach-wall-v3-goal-observable'
[INFO    ][2026-09-05 20:41:26][evals.simu_env_planning.planning.gc_agent][__init__                 ] 🏗️  Initializing GC_Agent with WorldModel
[INFO    ][2026-09-05 20:41:26][evals.simu_env_planning.planning.plan_evaluator][get_goal_state_mw        ] Creating expert env ...
[INFO    ][2026-09-05 20:41:26][evals.simu_env_planning.envs.metaworld][make_env                 ] No env_cls so env initialized with seed 1 and env_id='reach-wall-v3-goal-observable'
{"event": "cached_goal_restored", "mode": "immutable_cached_raw", "regenerated_goal_pixels_max_error": 9.0, "encoded_goal_check": "exact at saved cache dtype (float16)"}
{"event": "replay_start_errors", "pixels": 0.0, "proprio": 0.0, "qpos": 0.0, "goal_pixels": 0.0}
[INFO    ][2026-09-05 20:41:26][evals.simu_env_planning.envs.metaworld][render                   ] Reinitializing render MetaworldWrapper
[INFO    ][2026-09-05 20:41:27][evals.simu_env_planning.envs.metaworld][make_env                 ] No env_cls so env initialized with seed 1 and env_id='reach-wall-v3-goal-observable'
[INFO    ][2026-09-05 20:41:27][evals.simu_env_planning.planning.gc_agent][__init__                 ] 🏗️  Initializing GC_Agent with WorldModel
[INFO    ][2026-09-05 20:41:27][evals.simu_env_planning.planning.plan_evaluator][get_goal_state_mw        ] Creating expert env ...
[INFO    ][2026-09-05 20:41:27][evals.simu_env_planning.envs.metaworld][make_env                 ] No env_cls so env initialized with seed 1 and env_id='reach-wall-v3-goal-observable'
{"event": "cached_goal_restored", "mode": "immutable_cached_raw", "regenerated_goal_pixels_max_error": 9.0, "encoded_goal_check": "exact at saved cache dtype (float16)"}
{"event": "replay_start_errors", "pixels": 0.0, "proprio": 0.0, "qpos": 0.0, "goal_pixels": 0.0}
[INFO    ][2026-09-05 20:41:27][evals.simu_env_planning.envs.metaworld][render                   ] Reinitializing render MetaworldWrapper
[INFO    ][2026-09-05 20:41:27][evals.simu_env_planning.envs.metaworld][make_env                 ] No env_cls so env initialized with seed 1 and env_id='reach-wall-v3-goal-observable'
[INFO    ][2026-09-05 20:41:27][evals.simu_env_planning.planning.gc_agent][__init__                 ] 🏗️  Initializing GC_Agent with WorldModel
[INFO    ][2026-09-05 20:41:27][evals.simu_env_planning.planning.plan_evaluator][get_goal_state_mw        ] Creating expert env ...
[INFO    ][2026-09-05 20:41:27][evals.simu_env_planning.envs.metaworld][make_env                 ] No env_cls so env initialized with seed 1 and env_id='reach-wall-v3-goal-observable'
{"event": "cached_goal_restored", "mode": "immutable_cached_raw", "regenerated_goal_pixels_max_error": 9.0, "encoded_goal_check": "exact at saved cache dtype (float16)"}
{"event": "replay_start_errors", "pixels": 0.0, "proprio": 0.0, "qpos": 0.0, "goal_pixels": 0.0}
[INFO    ][2026-09-05 20:41:28][evals.simu_env_planning.envs.metaworld][render                   ] Reinitializing render MetaworldWrapper
[INFO    ][2026-09-05 20:41:28][evals.simu_env_planning.envs.metaworld][make_env                 ] No env_cls so env initialized with seed 1 and env_id='reach-wall-v3-goal-observable'
[INFO    ][2026-09-05 20:41:28][evals.simu_env_planning.planning.gc_agent][__init__                 ] 🏗️  Initializing GC_Agent with WorldModel
[INFO    ][2026-09-05 20:41:28][evals.simu_env_planning.planning.plan_evaluator][get_goal_state_mw        ] Creating expert env ...
[INFO    ][2026-09-05 20:41:28][evals.simu_env_planning.envs.metaworld][make_env                 ] No env_cls so env initialized with seed 1 and env_id='reach-wall-v3-goal-observable'
{"event": "cached_goal_restored", "mode": "immutable_cached_raw", "regenerated_goal_pixels_max_error": 9.0, "encoded_goal_check": "exact at saved cache dtype (float16)"}
{"event": "replay_start_errors", "pixels": 0.0, "proprio": 0.0, "qpos": 0.0, "goal_pixels": 0.0}
[INFO    ][2026-09-05 20:41:28][evals.simu_env_planning.envs.metaworld][render                   ] Reinitializing render MetaworldWrapper
{"event": "six_same_state_counterfactuals_complete"}
[INFO    ][2026-09-05 20:41:29][evals.simu_env_planning.envs.metaworld][make_env                 ] No env_cls so env initialized with seed 1 and env_id='reach-wall-v3-goal-observable'
[INFO    ][2026-09-05 20:41:29][evals.simu_env_planning.planning.gc_agent][__init__                 ] 🏗️  Initializing GC_Agent with WorldModel
[INFO    ][2026-09-05 20:41:29][evals.simu_env_planning.planning.plan_evaluator][get_goal_state_mw        ] Creating expert env ...
[INFO    ][2026-09-05 20:41:29][evals.simu_env_planning.envs.metaworld][make_env                 ] No env_cls so env initialized with seed 1 and env_id='reach-wall-v3-goal-observable'
{"event": "cached_goal_restored", "mode": "immutable_cached_raw", "regenerated_goal_pixels_max_error": 9.0, "encoded_goal_check": "exact at saved cache dtype (float16)"}
{"event": "replay_start_errors", "pixels": 0.0, "proprio": 0.0, "qpos": 0.0, "goal_pixels": 0.0}
{"event": "native_cem_started", "arm": "unsteered"}
[INFO    ][2026-09-05 20:42:25][evals.simu_env_planning.envs.metaworld][render                   ] Reinitializing render MetaworldWrapper
{"event": "arm_complete", "arm": "unsteered", "episode": 7, "replan": 0, "first_candidate_argmin": 75, "candidate_rank_changes": 0, "candidate_cost_l2_change": 0.0, "predicted_visual_pooled_l2_change": 0.0, "chosen_raw_action_l2_change": 0.0, "end_hand_l2_change": 0.0, "end_goal_distance": 0.17088258266448975, "short_fork_success": false, "steps": 15, "seconds": 56.887329295277596}
[INFO    ][2026-09-05 20:42:26][evals.simu_env_planning.envs.metaworld][make_env                 ] No env_cls so env initialized with seed 1 and env_id='reach-wall-v3-goal-observable'
[INFO    ][2026-09-05 20:42:26][evals.simu_env_planning.planning.gc_agent][__init__                 ] 🏗️  Initializing GC_Agent with WorldModel
[INFO    ][2026-09-05 20:42:26][evals.simu_env_planning.planning.plan_evaluator][get_goal_state_mw        ] Creating expert env ...
[INFO    ][2026-09-05 20:42:26][evals.simu_env_planning.envs.metaworld][make_env                 ] No env_cls so env initialized with seed 1 and env_id='reach-wall-v3-goal-observable'
{"event": "cached_goal_restored", "mode": "immutable_cached_raw", "regenerated_goal_pixels_max_error": 9.0, "encoded_goal_check": "exact at saved cache dtype (float16)"}
{"event": "replay_start_errors", "pixels": 0.0, "proprio": 0.0, "qpos": 0.0, "goal_pixels": 0.0}
{"event": "native_cem_started", "arm": "identity"}
[INFO    ][2026-09-05 20:43:22][evals.simu_env_planning.envs.metaworld][render                   ] Reinitializing render MetaworldWrapper
{"event": "arm_complete", "arm": "identity", "episode": 7, "replan": 0, "first_candidate_argmin": 75, "candidate_rank_changes": 0, "candidate_cost_l2_change": 0.0, "predicted_visual_pooled_l2_change": 0.0, "chosen_raw_action_l2_change": 0.0, "end_hand_l2_change": 0.0, "end_goal_distance": 0.17088258266448975, "short_fork_success": false, "steps": 15, "seconds": 56.85074708703905}
[INFO    ][2026-09-05 20:43:22][evals.simu_env_planning.envs.metaworld][make_env                 ] No env_cls so env initialized with seed 1 and env_id='reach-wall-v3-goal-observable'
[INFO    ][2026-09-05 20:43:22][evals.simu_env_planning.planning.gc_agent][__init__                 ] 🏗️  Initializing GC_Agent with WorldModel
[INFO    ][2026-09-05 20:43:23][evals.simu_env_planning.planning.plan_evaluator][get_goal_state_mw        ] Creating expert env ...
[INFO    ][2026-09-05 20:43:23][evals.simu_env_planning.envs.metaworld][make_env                 ] No env_cls so env initialized with seed 1 and env_id='reach-wall-v3-goal-observable'
{"event": "cached_goal_restored", "mode": "immutable_cached_raw", "regenerated_goal_pixels_max_error": 9.0, "encoded_goal_check": "exact at saved cache dtype (float16)"}
{"event": "replay_start_errors", "pixels": 0.0, "proprio": 0.0, "qpos": 0.0, "goal_pixels": 0.0}
{"event": "native_cem_started", "arm": "subspace_up"}
[INFO    ][2026-09-05 20:44:19][evals.simu_env_planning.envs.metaworld][render                   ] Reinitializing render MetaworldWrapper
{"event": "arm_complete", "arm": "subspace_up", "episode": 7, "replan": 0, "first_candidate_argmin": 75, "candidate_rank_changes": 216, "candidate_cost_l2_change": 0.03920532390475273, "predicted_visual_pooled_l2_change": 3.2369213104248047, "chosen_raw_action_l2_change": 8.869220733642578, "end_hand_l2_change": 0.05099012774196321, "end_goal_distance": 0.18996648490428925, "short_fork_success": false, "steps": 15, "seconds": 56.91984906885773}
[INFO    ][2026-09-05 20:44:19][evals.simu_env_planning.envs.metaworld][make_env                 ] No env_cls so env initialized with seed 1 and env_id='reach-wall-v3-goal-observable'
[INFO    ][2026-09-05 20:44:19][evals.simu_env_planning.planning.gc_agent][__init__                 ] 🏗️  Initializing GC_Agent with WorldModel
[INFO    ][2026-09-05 20:44:19][evals.simu_env_planning.planning.plan_evaluator][get_goal_state_mw        ] Creating expert env ...
[INFO    ][2026-09-05 20:44:20][evals.simu_env_planning.envs.metaworld][make_env                 ] No env_cls so env initialized with seed 1 and env_id='reach-wall-v3-goal-observable'
{"event": "cached_goal_restored", "mode": "immutable_cached_raw", "regenerated_goal_pixels_max_error": 9.0, "encoded_goal_check": "exact at saved cache dtype (float16)"}
{"event": "replay_start_errors", "pixels": 0.0, "proprio": 0.0, "qpos": 0.0, "goal_pixels": 0.0}
{"event": "native_cem_started", "arm": "sham_up"}
[INFO    ][2026-09-05 20:45:16][evals.simu_env_planning.envs.metaworld][render                   ] Reinitializing render MetaworldWrapper
{"event": "arm_complete", "arm": "sham_up", "episode": 7, "replan": 0, "first_candidate_argmin": 75, "candidate_rank_changes": 280, "candidate_cost_l2_change": 0.29298070073127747, "predicted_visual_pooled_l2_change": 16.859027862548828, "chosen_raw_action_l2_change": 12.509490013122559, "end_hand_l2_change": 0.0770166934673793, "end_goal_distance": 0.19692730903625488, "short_fork_success": false, "steps": 15, "seconds": 56.93469665199518}
[INFO    ][2026-09-05 20:45:16][evals.simu_env_planning.envs.metaworld][make_env                 ] No env_cls so env initialized with seed 1 and env_id='reach-wall-v3-goal-observable'
[INFO    ][2026-09-05 20:45:16][evals.simu_env_planning.planning.gc_agent][__init__                 ] 🏗️  Initializing GC_Agent with WorldModel
[INFO    ][2026-09-05 20:45:16][evals.simu_env_planning.planning.plan_evaluator][get_goal_state_mw        ] Creating expert env ...
[INFO    ][2026-09-05 20:45:17][evals.simu_env_planning.envs.metaworld][make_env                 ] No env_cls so env initialized with seed 1 and env_id='reach-wall-v3-goal-observable'
{"event": "cached_goal_restored", "mode": "immutable_cached_raw", "regenerated_goal_pixels_max_error": 9.0, "encoded_goal_check": "exact at saved cache dtype (float16)"}
{"event": "replay_start_errors", "pixels": 0.0, "proprio": 0.0, "qpos": 0.0, "goal_pixels": 0.0}
{"event": "native_cem_started", "arm": "subspace_down"}
[INFO    ][2026-09-05 20:46:13][evals.simu_env_planning.envs.metaworld][render                   ] Reinitializing render MetaworldWrapper
{"event": "arm_complete", "arm": "subspace_down", "episode": 7, "replan": 0, "first_candidate_argmin": 75, "candidate_rank_changes": 177, "candidate_cost_l2_change": 0.035490382462739944, "predicted_visual_pooled_l2_change": 2.7846667766571045, "chosen_raw_action_l2_change": 14.242812156677246, "end_hand_l2_change": 0.07876108495561626, "end_goal_distance": 0.21936948597431183, "short_fork_success": false, "steps": 15, "seconds": 56.9136199709028}
[INFO    ][2026-09-05 20:46:13][evals.simu_env_planning.envs.metaworld][make_env                 ] No env_cls so env initialized with seed 1 and env_id='reach-wall-v3-goal-observable'
[INFO    ][2026-09-05 20:46:13][evals.simu_env_planning.planning.gc_agent][__init__                 ] 🏗️  Initializing GC_Agent with WorldModel
[INFO    ][2026-09-05 20:46:13][evals.simu_env_planning.planning.plan_evaluator][get_goal_state_mw        ] Creating expert env ...
[INFO    ][2026-09-05 20:46:13][evals.simu_env_planning.envs.metaworld][make_env                 ] No env_cls so env initialized with seed 1 and env_id='reach-wall-v3-goal-observable'
{"event": "cached_goal_restored", "mode": "immutable_cached_raw", "regenerated_goal_pixels_max_error": 9.0, "encoded_goal_check": "exact at saved cache dtype (float16)"}
{"event": "replay_start_errors", "pixels": 0.0, "proprio": 0.0, "qpos": 0.0, "goal_pixels": 0.0}
{"event": "native_cem_started", "arm": "sham_down"}
[INFO    ][2026-09-05 20:47:10][evals.simu_env_planning.envs.metaworld][render                   ] Reinitializing render MetaworldWrapper
{"event": "arm_complete", "arm": "sham_down", "episode": 7, "replan": 0, "first_candidate_argmin": 75, "candidate_rank_changes": 283, "candidate_cost_l2_change": 0.2247101366519928, "predicted_visual_pooled_l2_change": 14.875218391418457, "chosen_raw_action_l2_change": 8.498515129089355, "end_hand_l2_change": 0.038771476432689495, "end_goal_distance": 0.18490691483020782, "short_fork_success": false, "steps": 15, "seconds": 56.87779974984005}
