[2026-09-03T17:24:01Z] run arm A model armA_seed0 scenes 1 [3]
[2026-09-03T17:27:58Z] run arm A model armA_seed0 scenes 1 [3]
[2026-09-03T17:29:26Z] run arm A model armA_seed0 scenes 1 [3]
[17:29:41] scene 1/1 seed 3
  seed 3 level None always_brake ep0: contact=False progress=2.81 m label=failure_progress replay_ok=True dev=2.2737367544323206e-13 wall=0.9s
  seed 3 level None cem ep0: contact=False progress=18.24 m label=failure_progress replay_ok=True dev=2.2737367544323206e-13 wall=26.0s
  seed 3 level 0 always_throttle ep0: contact=False progress=23.89 m label=safe_pass replay_ok=True dev=2.2737367544323206e-13 wall=1.0s
  seed 3 level 0 always_brake ep0: contact=False progress=2.81 m label=failure_progress replay_ok=True dev=2.2737367544323206e-13 wall=1.0s
  seed 3 level 0 cem ep0: contact=False progress=18.95 m label=safe_pass replay_ok=True dev=2.2737367544323206e-13 wall=26.6s
  seed 3 level 1 always_throttle ep0: contact=True progress=6.49 m label=collision replay_ok=True dev=0.0 wall=0.8s
  seed 3 level 1 always_brake ep0: contact=False progress=2.81 m label=failure_progress replay_ok=True dev=2.2737367544323206e-13 wall=1.0s
  seed 3 level 1 cem ep0: contact=False progress=4.15 m label=failure_progress replay_ok=True dev=0.0 wall=27.4s
  seed 3 level 2 always_throttle ep0: contact=False progress=23.89 m label=safe_pass replay_ok=True dev=2.2737367544323206e-13 wall=1.0s
  seed 3 level 2 always_brake ep0: contact=False progress=2.81 m label=failure_progress replay_ok=True dev=2.2737367544323206e-13 wall=1.1s
  seed 3 level 2 cem ep0: contact=False progress=16.09 m label=failure_progress replay_ok=True dev=2.2737367544323206e-13 wall=27.4s
  seed 3 level 3 always_throttle ep0: contact=False progress=23.89 m label=safe_pass replay_ok=True dev=0.0 wall=1.0s
  seed 3 level 3 always_brake ep0: contact=False progress=2.81 m label=failure_progress replay_ok=True dev=7.105427357601002e-15 wall=1.0s
  seed 3 level 3 cem ep0: contact=False progress=16.78 m label=safe_pass replay_ok=True dev=0.0 wall=26.2s
[17:32:12] scene 3 done in 151s; bridge {'reset': 18.158956289291382, 'step': 3.8856892585754395, 'n_reset': 15, 'n_step': 118}; model {'encode': 2.5983176231384277, 'unroll': 124.82363295555115, 'n_unroll_cands': 10760}
[2026-09-03T17:32:13Z] RUN_DONE armA_seed0 rollouts 15 gate FAIL
