Gym has been unmaintained since 2022 and does not support NumPy 2.0 amongst other critical functionality.
Please upgrade to Gymnasium, the maintained drop-in replacement of Gym, or contact the authors of your software and request that they upgrade.
See the migration guide at https://gymnasium.farama.org/introduction/migration_guide/ for additional information.
/opt/conda/lib/python3.11/site-packages/pygame/pkgdata.py:25: DeprecationWarning: pkg_resources is deprecated as an API. See https://setuptools.pypa.io/en/latest/pkg_resources.html
  from pkg_resources import resource_stream, resource_exists
{"event": "reference_input_prepared", "episode": 0, "sha256": "9a73d6d94476d33b803df2aec64637d102911e44629117eccf7a35ebd9cb9a9b", "seconds": 0.32000824506394565}
{"event": "reference_input_prepared", "episode": 1, "sha256": "696ae8a4cb141602b68a9cc1b0e18e6e4a8cc1fdc36a8e0265009316b5a0a706", "seconds": 0.32932322891429067}
{"event": "reference_input_prepared", "episode": 2, "sha256": "af176b1460b860908f4ceb8dde1eb54f22b8d6b1bbc56a20464e4c88dffbbf3e", "seconds": 0.313093523029238}
{"event": "reference_input_prepared", "episode": 3, "sha256": "17a0e9d3d8e7aa0173d734eb33c400a3ba24414a11299bf10beabe6b1056d40c", "seconds": 0.31268391106277704}
{"event": "reference_input_prepared", "episode": 4, "sha256": "301f6cdf8e8c8e1d3ab3ef1c089417a282a332b5b915bac106505d89b1c98de4", "seconds": 0.3183985350187868}
{"event": "reference_input_prepared", "episode": 5, "sha256": "337fcd65bbd9fea6d1ac6b092594d7dee18d22f0be735ae325ed84664b06cb8b", "seconds": 0.3113194990437478}
{"event": "reference_input_prepared", "episode": 6, "sha256": "cb6e535ae2099882be380c6f134625ee58cf52ee3964637ebae4c0002e5abef3", "seconds": 0.31050773384049535}
{"event": "reference_input_prepared", "episode": 7, "sha256": "99b75a93a72167b1118d56165f8c0b9df104568aa691e70e0d570a8b5ded624b", "seconds": 0.32010726700536907}
{"event": "reference_input_prepared", "episode": 8, "sha256": "7d44a5ec307ba7c4387f107b8ba0fc70d9913635dd929706d8d1a784ac59cc8e", "seconds": 0.325022938195616}
{"event": "reference_input_prepared", "episode": 9, "sha256": "31ac87df5cc99f3554b77388b75b221f4ca751db3fcae6177400d772be0de6ca", "seconds": 0.3146607708185911}
{"event": "reference_input_prepared", "episode": 10, "sha256": "59bbdded0beae7c7240e3b443faeb8d8f74b508414402d82709656ffa5f7109e", "seconds": 0.3124405730050057}
{"event": "reference_input_prepared", "episode": 11, "sha256": "5f8a1f5ed9def9cac606890c48b50016d1ae84b8ab51a81697ba791d694477de", "seconds": 0.3171257160138339}
{"event": "reference_input_prepared", "episode": 12, "sha256": "731cc11fd3e7e93fbd16392eadfc50b981af00a315f0b19b77d2506dc549191f", "seconds": 0.30820460384711623}
{"event": "reference_input_prepared", "episode": 13, "sha256": "dc50bc9f7dd0f2eea42091b7bce7d3e8ccd603f080c1ff6dc3c032bd4029012e", "seconds": 0.32006931700743735}
{"event": "reference_input_prepared", "episode": 14, "sha256": "f5cfd25896779227f50830ca85fa11db3bc64d53e0778c53559a022f1a7115f5", "seconds": 0.3192754730116576}
{"event": "reference_input_prepared", "episode": 15, "sha256": "c3d7aa321bc71cc4f08523a9ff40dc921b5a014b8c1a4da077c9908d86fbf28a", "seconds": 0.3102023049723357}
{"event": "reference_input_prepared", "episode": 16, "sha256": "01e34833d732108c00c570ba9fce754ba1e8622387ede99fd51cd6d10e9ff669", "seconds": 0.31355471699498594}
{"event": "reference_input_prepared", "episode": 17, "sha256": "37de18eb6bd76239388ef561c26c1da411d3ba0db023931fd1cca39c52db1d8e", "seconds": 0.3111449631396681}
{"event": "reference_input_prepared", "episode": 18, "sha256": "f8c89a69e7f62f4cd1d73a0799455a9d08b81a767d1709cf85d921861775f5c1", "seconds": 0.31211840314790606}
{"event": "reference_input_prepared", "episode": 19, "sha256": "0842482c625aa931fcbe3da41f7c66e0ce9822e6dee9522e5046cc452edba1b9", "seconds": 0.3152148979716003}
{"event": "reference_input_prepared", "episode": 20, "sha256": "92bc1ebe8585ce341049ea38efa89b39211f6fd12b5f3fc35086922b3a51882e", "seconds": 0.3094862529542297}
{"event": "reference_input_prepared", "episode": 21, "sha256": "149f443aae0ebdfe9a61a16697e9a098455339a57c30733984dae1b2d3d114f9", "seconds": 0.3065259421709925}
{"event": "reference_input_prepared", "episode": 22, "sha256": "31df18b9d29168caf27a9aa50b4cb7fd52aeea3d96c2d1043f7c53586ebaf3e1", "seconds": 0.3178320589940995}
{"event": "reference_input_prepared", "episode": 23, "sha256": "724ded686fc3fd55634b0093bba02181f7b0040b3f4e35c3097ac6549d8f5c3f", "seconds": 0.3041434199549258}
{"event": "reference_input_prepared", "episode": 24, "sha256": "4b236e42c87061c8615bc37804b4c596087f28f40c2f00fa2f4d12aef0242c8b", "seconds": 0.31696600187569857}
{"event": "reference_input_prepared", "episode": 25, "sha256": "012838f24374530efbbb792ac0de99eed8502c0e19d51cb5dc55cb3df085a179", "seconds": 0.3128720761742443}
{"event": "reference_input_prepared", "episode": 26, "sha256": "baa235da79e240b5e5392b9f4cd29a5fa23f42c6104e57bf2280530acf2ee9b0", "seconds": 0.3064239399973303}
{"event": "reference_input_prepared", "episode": 27, "sha256": "15275f2ef651831ffde8b83bcbaf8e7abc72bd8e21b81ba62d089f498a5f9930", "seconds": 0.313541267067194}
{"event": "reference_input_prepared", "episode": 28, "sha256": "5ef0f591a6395cc19fe21fa9eb85917538d27184cecfc98ac3f0f967b6780e98", "seconds": 0.3170257140882313}
{"event": "reference_input_prepared", "episode": 29, "sha256": "90ab3160da51d1116965022e22dfd150ccb56c4555cb4efcee981c85de3b3d60", "seconds": 0.31093538785353303}
{"event": "reference_input_prepared", "episode": 30, "sha256": "6ae7c672341490afda6a775e9e8c3aa271b8e1744cc54ea5a68b0af6f5bdb351", "seconds": 0.31158217787742615}
{"event": "reference_input_prepared", "episode": 31, "sha256": "ec6e2efae829114863e91ed30adfc8b11053942213de356c8cc0224da5b46c9b", "seconds": 0.31128609902225435}
{"event": "reference_input_prepared", "episode": 32, "sha256": "a82dae77a39fc9b48aa156556cd8f0ba5ee3dbda5df32d980f085b6d491b4cef", "seconds": 0.3177961967885494}
{"event": "reference_input_prepared", "episode": 33, "sha256": "4c8cb1e64ad92f010d36d4a220eae02e9598330fda2fb602cbe73f56917dc33e", "seconds": 0.3131996770389378}
{"event": "reference_input_prepared", "episode": 34, "sha256": "219d4c97658f78bcd7b6fde22a2dbabef7fac5b56a9bd3acbfa9950b4cfcea66", "seconds": 0.3128896369598806}
{"event": "reference_input_prepared", "episode": 35, "sha256": "8a38c29e0134f5729279a9269219157463fef1d67cc025cda6255dd475c082b2", "seconds": 0.3181889490224421}
{"event": "reference_input_prepared", "episode": 36, "sha256": "79cfb7eb72a3f5f6101cdcc68e04066b592f507d95092994b8adedcd917776aa", "seconds": 0.3093084581196308}
{"event": "reference_input_prepared", "episode": 37, "sha256": "07e65a4687aa43f48d8e9d1db61c092354ba860aafa0d05ecbdde98babe4343a", "seconds": 0.31160649796947837}
{"event": "reference_input_prepared", "episode": 38, "sha256": "1179c29f2bb95d8510e54fcd8948bf43770ab56103a25496fc75d62925a8ab28", "seconds": 0.3124418738298118}
{"event": "reference_input_prepared", "episode": 39, "sha256": "5626a69ada81417c9ed682d3a0e29ca9949b1d12ff14e7d05fb6cc03f9b742be", "seconds": 0.32387585402466357}
{"event": "reference_input_prepared", "episode": 40, "sha256": "d426ee0310c8e9ead9f879ef452d52e4713ee603665869821ce7bdba6f1e3189", "seconds": 0.3140236318577081}
{"event": "reference_input_prepared", "episode": 41, "sha256": "1229e5a1d48d839ccc75406fb4699a8c4c33d8e6aabe3b5df4773ee01a86c95f", "seconds": 0.31701872404664755}
{"event": "reference_input_prepared", "episode": 42, "sha256": "c07025f51add6e24753d5da538cbd143d720c4baf88f9eb7e3efa6c4f8d255da", "seconds": 0.31482783588580787}
{"event": "reference_input_prepared", "episode": 43, "sha256": "98e1720cec83a633f60d023aba44c2edd33fb8e49ee16c2ffefdd53c8efd2499", "seconds": 0.31540914392098784}
{"event": "reference_input_prepared", "episode": 44, "sha256": "b25a21c29282449948713805a5c67e42489b306e058821fe4f11bd1ded1382e4", "seconds": 0.3105393359437585}
{"event": "reference_input_prepared", "episode": 45, "sha256": "20241483a700e32a9d83d5e61fb3322ec901cbd04ceaa28ba70ad9863f0ed947", "seconds": 0.3037202670238912}
{"event": "reference_input_prepared", "episode": 46, "sha256": "1dbc4f45cf4e775a75e768122bd1f782e75dbc28285d92d9b269675411368908", "seconds": 0.30299366498366}
{"event": "reference_input_prepared", "episode": 47, "sha256": "e1a5a3a57b449d12c189e7a8f9801c14f1fb1679a4dbb55bcc13e2730fc04948", "seconds": 0.30732260807417333}
{"event": "reference_input_prepared", "episode": 48, "sha256": "8b8c81175c3f503fd05278b55ee0e55e4ca746acd49937748a0b2f576b7b166f", "seconds": 0.31065910891629755}
{"event": "reference_input_prepared", "episode": 49, "sha256": "6b7bcb6bb0c0d3836c3db49e062331af97d1e3731756799d0acfd56d91dff05e", "seconds": 0.31214454490691423}
