Gym has been unmaintained since 2022 and does not support NumPy 2.0 amongst other critical functionality.
Please upgrade to Gymnasium, the maintained drop-in replacement of Gym, or contact the authors of your software and request that they upgrade.
See the migration guide at https://gymnasium.farama.org/introduction/migration_guide/ for additional information.
/opt/conda/lib/python3.11/site-packages/pygame/pkgdata.py:25: DeprecationWarning: pkg_resources is deprecated as an API. See https://setuptools.pypa.io/en/latest/pkg_resources.html
  from pkg_resources import resource_stream, resource_exists
{"event": "scripted_input_prepared", "episode": 0, "sha256": "4c5a81b5585bae3cdf442b8a3e036d8650800707c305493df188f712bbf4eb3c", "seconds": 0.3333194039296359}
{"event": "scripted_input_prepared", "episode": 1, "sha256": "c0e99f18859c258035616ce75b7fc978eb8e896d8ccc1bf2c8cb42c2daea6e15", "seconds": 0.32465223292820156}
{"event": "scripted_input_prepared", "episode": 2, "sha256": "b33c166b7a55cb517f578da2b658152ee66a8b1a32e646c880fbdd223a164f91", "seconds": 0.32984718307852745}
{"event": "scripted_input_prepared", "episode": 3, "sha256": "661889e0ad9fcb97d67dad25cd3fe85cb1ba12149c93f483b1ede3e57d5dd91a", "seconds": 0.32084110099822283}
{"event": "scripted_input_prepared", "episode": 4, "sha256": "5ccc83e8ba442a35337aaa3ddd4695c67b3a36d8dc3baa7418566baaa34da13b", "seconds": 0.32971584098413587}
{"event": "scripted_input_prepared", "episode": 5, "sha256": "2a5877eb1864748f90be7145f3159328cf7d18ebb70f63669eb883507e28dadb", "seconds": 0.3260605630930513}
{"event": "scripted_input_prepared", "episode": 6, "sha256": "dc40e2f8168053ce0cad14f2b2009a7da9c5963de6d65d35dd88cf0bee97e3ed", "seconds": 0.3277830700390041}
{"event": "scripted_input_prepared", "episode": 7, "sha256": "11a8eb4d4c2339d1c5929cb6d68ae2225cbe28971b6ce4605fbd543e429e849a", "seconds": 0.3231025650165975}
{"event": "scripted_input_prepared", "episode": 8, "sha256": "03c78e71adb336751eba88edc793f916dba2b16e66a92695b2f773e61f17b961", "seconds": 0.326095367083326}
{"event": "scripted_input_prepared", "episode": 9, "sha256": "d1893507aa0857486b7189cdf53430c9de45eb6f60fb5bfc85689554a50d0b0f", "seconds": 0.32319495803676546}
{"event": "scripted_input_prepared", "episode": 10, "sha256": "1e03fd17cfe186d8068e19fe6ce07a3b1b360e5da9c643703df1b39991d21396", "seconds": 0.3191761621274054}
{"event": "scripted_input_prepared", "episode": 11, "sha256": "ddd26acad1018da19533035d1fc73c3ee1fc6f0d522137c0626ca831923674db", "seconds": 0.32822609483264387}
{"event": "scripted_input_prepared", "episode": 12, "sha256": "4c8d46fe3409dd1d984bbc47cbe2bd72bf451175e6956cd050d435e8f0fc5f63", "seconds": 0.32350052800029516}
{"event": "scripted_input_prepared", "episode": 13, "sha256": "05c2a3b95e9f2e4d7a7a477da1e55d62b2280305eff184c7e0aac6360bb30f8b", "seconds": 0.32808222295716405}
{"event": "scripted_input_prepared", "episode": 14, "sha256": "647cde6c7aee797cd4fe96ab454a44ac0572ddef84d46b7bf4354497b8fc5551", "seconds": 0.3311980068683624}
{"event": "scripted_input_prepared", "episode": 15, "sha256": "9509f5e8efd28a17b1bfbd58adffaf56a52884b728ed3b47f59262e592ea1491", "seconds": 0.3278844088781625}
{"event": "scripted_input_prepared", "episode": 16, "sha256": "32c0af3170d3335df5eba715ab9c7ee51d020d6ebc30dcda58715bb312b7992a", "seconds": 0.32515411684289575}
{"event": "scripted_input_prepared", "episode": 17, "sha256": "a45d070ec6cd4a886003fac3f3873137e426226859fc46f6d80ad302c2427777", "seconds": 0.31798616400919855}
{"event": "scripted_input_prepared", "episode": 18, "sha256": "7c6535000b24c28a1359e03cde32d7e75fa7790a591d5f7ceee27edf931e75ad", "seconds": 0.31076233903877437}
{"event": "scripted_input_prepared", "episode": 19, "sha256": "19044597b766b49509cf56068c0de15d1ab8b0edafc873ad9e50c69149da989c", "seconds": 0.3285283390432596}
{"event": "scripted_input_prepared", "episode": 20, "sha256": "834e160f76563e80f53215e1e9ab7c0e52736f4b2512be8af25f13e4d28a1666", "seconds": 0.3215975339990109}
{"event": "scripted_input_prepared", "episode": 21, "sha256": "4a24ffe6f549806091d2202e9e2e1eabe3c9c196e399959140570168b414509e", "seconds": 0.31259307195432484}
{"event": "scripted_input_prepared", "episode": 22, "sha256": "276fa523b18d9261e121fad97b04a0a5f144c89a5525425db244ee370770eaab", "seconds": 0.3194799260236323}
{"event": "scripted_input_prepared", "episode": 23, "sha256": "32774956490827559bcf9acc0aa05d98167cbc79aea41f4aa0426f3709bc1b2f", "seconds": 0.32266720407642424}
{"event": "scripted_input_prepared", "episode": 24, "sha256": "10fd5107cfc220b5fed90a9bfd0e8d3037c7945de25712553afe6ba6c71865d7", "seconds": 0.3267496139742434}
{"event": "scripted_input_prepared", "episode": 25, "sha256": "0187d34ad5a1f6dc8414ac2009a2ee29cf1e2dc40d9e1877396ad31337bd1010", "seconds": 0.3270155710633844}
{"event": "scripted_input_prepared", "episode": 26, "sha256": "42bed9441527082ab5289b75abc81553af913009a6cf4a9d8850aa05bcb16c7a", "seconds": 0.3191899829544127}
{"event": "scripted_input_prepared", "episode": 27, "sha256": "ce99ad9efb32fd77f2f8711578c5841275fb2f696e249324331cc2f0687609d9", "seconds": 0.3227063880767673}
{"event": "scripted_input_prepared", "episode": 28, "sha256": "1c1ea2ec14a6900929c98f4ff5c0a9c956b2581475bce2f4de4b073b6b890073", "seconds": 0.3189008249901235}
{"event": "scripted_input_prepared", "episode": 29, "sha256": "311b0dc4dfd0c08ee51fb77d9f6abb668d384d88da38c47ffd34ba4d6aee8393", "seconds": 0.31943717086687684}
{"event": "scripted_input_prepared", "episode": 30, "sha256": "40be356bb38fdfd5cb74a8e5a50953e5bcf85477bf4fdedd625f8a79c6f0c05e", "seconds": 0.32013674010522664}
{"event": "scripted_input_prepared", "episode": 31, "sha256": "3bac8a69ba5713b1aeb92d399ee51b9d71f1211f761c8762c34810dfc263e3f8", "seconds": 0.30663030594587326}
{"event": "scripted_input_prepared", "episode": 32, "sha256": "c8b57c57f23ec7cf33dcbeb9852e6bd8bb7ef2fbd17972f8f6d05ed34809bb67", "seconds": 0.31696687592193484}
{"event": "scripted_input_prepared", "episode": 33, "sha256": "4416a9357e545298cc2e8a32223eac406cfdd7b059e37bb52054e5045a5c568f", "seconds": 0.31691114511340857}
{"event": "scripted_input_prepared", "episode": 34, "sha256": "9b79ab546779dee4fce00c7f3157b3bad810997c834920ed87dceb3d2f5e8684", "seconds": 0.3262088759802282}
{"event": "scripted_input_prepared", "episode": 35, "sha256": "4419b37f16fde95cc50a95131df3c19181fdf95bd10f80d8c3eb3104af35424e", "seconds": 0.3274745310191065}
{"event": "scripted_input_prepared", "episode": 36, "sha256": "87e1a5a8c9750b4741ed62abc7804152f8267714d5b7c330cd5c1ffa5bc9a6f9", "seconds": 0.323707589879632}
{"event": "scripted_input_prepared", "episode": 37, "sha256": "4fb5015038b4993b1703f1614552e9b84424e3399706c2b9ff0aca88a710f09d", "seconds": 0.3224094461183995}
{"event": "scripted_input_prepared", "episode": 38, "sha256": "62ada65b7ef994c2402a6f1783484d9f181dd818619865c5535fe87aa5422ff8", "seconds": 0.3179348569829017}
{"event": "scripted_input_prepared", "episode": 39, "sha256": "bb4530bf48d7c062b9a15f180d7a8103101f8635fbacb4ca7dbd03ad273a2e19", "seconds": 0.3313590690959245}
{"event": "scripted_input_prepared", "episode": 40, "sha256": "a2bf8af1d22acd818d31f5a4f4d2913c73b6d34eda0b6b229cffcfe2b5fd1c0e", "seconds": 0.32253309013321996}
{"event": "scripted_input_prepared", "episode": 41, "sha256": "e61e92c06f536ad2da37e96d11320081671cc18b93da2550a2ddbe8a3278e885", "seconds": 0.32151483395136893}
{"event": "scripted_input_prepared", "episode": 42, "sha256": "ba6d8dd032bec045f75bfb6fc50d61185d1fb0731c711df054255fd78ac7c9fa", "seconds": 0.3304987270385027}
{"event": "scripted_input_prepared", "episode": 43, "sha256": "40b0d38b9ad6b33573cf0221bba9ffadb182851e224caed14979109ea011df88", "seconds": 0.31574246007949114}
{"event": "scripted_input_prepared", "episode": 44, "sha256": "75dddf0214c82443197ba8021894df8f83d97ee69b43012c2154d9e156bd77ba", "seconds": 0.32585477409884334}
{"event": "scripted_input_prepared", "episode": 45, "sha256": "c3bc028d2a010c7943bf9f37986d7f80f794ae425f65a157b13a1332263fb465", "seconds": 0.4925765278749168}
{"event": "scripted_input_prepared", "episode": 46, "sha256": "33d2bc49e1d39562563d1c704ce6b1fab295136461d8360551fb91d583b255dd", "seconds": 0.3133123971056193}
{"event": "scripted_input_prepared", "episode": 47, "sha256": "9e5271c2f768881b0e8cd67cbe05abeb6bbe7a7422bd111b2653e64c460a8468", "seconds": 0.3264585919678211}
{"event": "scripted_input_prepared", "episode": 48, "sha256": "330a17ca2ea20b2e34dc7cb660bd154ecc5c63993bad1ebb0d49b9826d801dcd", "seconds": 0.3206647769547999}
{"event": "scripted_input_prepared", "episode": 49, "sha256": "711c5385b021a43672ff1a1a673864565f7aa34b83ba2f5766dbee01d84ddd1d", "seconds": 0.323078831192106}
