Gym has been unmaintained since 2022 and does not support NumPy 2.0 amongst other critical functionality.
Please upgrade to Gymnasium, the maintained drop-in replacement of Gym, or contact the authors of your software and request that they upgrade.
See the migration guide at https://gymnasium.farama.org/introduction/migration_guide/ for additional information.
/opt/conda/lib/python3.11/site-packages/pygame/pkgdata.py:25: DeprecationWarning: pkg_resources is deprecated as an API. See https://setuptools.pypa.io/en/latest/pkg_resources.html
  from pkg_resources import resource_stream, resource_exists
[WARNING ][2026-09-05 20:34:59][Cluster utils       ][_build_dataset_paths     ] JEPAWM_DSET environment variable not set. Dataset paths will need to be provided manually or set the environment variable. See README.md for setup instructions.
[WARNING ][2026-09-05 20:34:59][src.utils.yaml_utils][replace_var              ] Environment variable 'JEPAWM_LOGS' not found at folder. Keeping original placeholder: ${JEPAWM_LOGS}
[WARNING ][2026-09-05 20:34:59][src.utils.yaml_utils][replace_var              ] Environment variable 'JEPAWM_CKPT' not found at checkpoint_folder. Keeping original placeholder: ${JEPAWM_CKPT}
[INFO    ][2026-09-05 20:35:00][httpx               ][_send_single_request     ] HTTP Request: HEAD https://huggingface.co/facebook/jepa-wms/resolve/main/jepa_wm_metaworld.pth.tar "HTTP/1.1 302 Found"
Warning: You are sending unauthenticated requests to the HF Hub. Please set a HF_TOKEN to enable higher rate limits and faster downloads.
[WARNING ][2026-09-05 20:35:00][huggingface_hub.utils._http][_warn_on_warning_headers ] Warning: You are sending unauthenticated requests to the HF Hub. Please set a HF_TOKEN to enable higher rate limits and faster downloads.
Using cache found in /root/.cache/torch/hub/facebookresearch_dinov2_main
[INFO    ][2026-09-05 20:35:03][dinov2              ][__init__                 ] using MLP layer as FFN
[INFO    ][2026-09-05 20:35:08][root                ][init_video_model         ] Encoder: DinoEncoder(
  (base_model): DinoVisionTransformer(
    (patch_embed): PatchEmbed(
      (proj): Conv2d(3, 384, kernel_size=(14, 14), stride=(14, 14))
      (norm): Identity()
    )
    (blocks): ModuleList(
      (0-11): 12 x NestedTensorBlock(
        (norm1): LayerNorm((384,), eps=1e-06, elementwise_affine=True)
        (attn): MemEffAttention(
          (qkv): Linear(in_features=384, out_features=1152, bias=True)
          (proj): Linear(in_features=384, out_features=384, bias=True)
          (proj_drop): Dropout(p=0.0, inplace=False)
        )
        (ls1): LayerScale()
        (drop_path1): Identity()
        (norm2): LayerNorm((384,), eps=1e-06, elementwise_affine=True)
        (mlp): Mlp(
          (fc1): Linear(in_features=384, out_features=1536, bias=True)
          (act): GELU(approximate='none')
          (fc2): Linear(in_features=1536, out_features=384, bias=True)
          (drop): Dropout(p=0.0, inplace=False)
        )
        (ls2): LayerScale()
        (drop_path2): Identity()
      )
    )
    (norm): LayerNorm((384,), eps=1e-06, elementwise_affine=True)
    (head): Identity()
  )
)
[INFO    ][2026-09-05 20:35:08][root                ][init_video_model         ] 🧠 Encoder: DinoEncoder (22,056,576 params, frozen=True)
[INFO    ][2026-09-05 20:35:08][app.plan_common.models.AdaLN_vit][__init__                 ] 🔧 Initialized 6 AdaLN blocks (scale_factor=10)
[INFO    ][2026-09-05 20:35:08][root                ][init_video_model         ] Predictor: VisionTransformerAdaLN(
  (predictor_embed): Linear(in_features=384, out_features=384, bias=True)
  (action_encoder): Linear(in_features=20, out_features=400, bias=True)
  (predictor_blocks): ModuleList(
    (0-5): 6 x FWAdaLNBlock(
      (norm1): LayerNorm((400,), eps=1e-06, elementwise_affine=True)
      (attn): RoPEAttention(
        (qkv): Linear(in_features=400, out_features=1200, bias=True)
        (attn_drop): Dropout(p=0.0, inplace=False)
        (proj): Linear(in_features=400, out_features=400, bias=True)
        (proj_drop): Dropout(p=0.0, inplace=False)
      )
      (drop_path): Identity()
      (norm2): LayerNorm((400,), eps=1e-06, elementwise_affine=True)
      (mlp): MLP(
        (fc1): Linear(in_features=400, out_features=1600, bias=True)
        (act): GELU(approximate='none')
        (fc2): Linear(in_features=1600, out_features=400, bias=True)
        (drop): Dropout(p=0.0, inplace=False)
      )
      (adaLN_modulation): Sequential(
        (0): SiLU()
        (1): Linear(in_features=400, out_features=2400, bias=True)
      )
    )
  )
  (predictor_norm): LayerNorm((400,), eps=1e-06, elementwise_affine=True)
  (predictor_proj): Linear(in_features=384, out_features=384, bias=True)
)
[INFO    ][2026-09-05 20:35:08][root                ][init_video_model         ] 🔮 Predictor: VisionTransformerAdaLN (17,630,480 params)
[INFO    ][2026-09-05 20:35:08][root                ][fetch_checkpoint         ] Loading checkpoint from local path: /root/.cache/huggingface/hub/models--facebook--jepa-wms/snapshots/9b9c41ef249466630dbf1a20e78391865d07b3b9/jepa_wm_metaworld.pth.tar
[INFO    ][2026-09-05 20:35:09][root                ][load_checkpoint_state_dict] loaded pretrained predictor from epoch 50 with msg: <All keys matched successfully>
[INFO    ][2026-09-05 20:35:09][root                ][load_checkpoint_state_dict] loaded pretrained proprio encoder from epoch 50 with msg: <All keys matched successfully>
[INFO    ][2026-09-05 20:35:09][root                ][__init__                 ] 📉 Loss weights: L2=1.0
[INFO    ][2026-09-05 20:35:09][OpenGL.platform.ctypesloader][_loadLibraryPosix        ] Failed to load library ( 'libOpenGL.so.0' ): libOpenGL.so.0: cannot open shared object file: No such file or directory
[INFO    ][2026-09-05 20:35:09][OpenGL.acceleratesupport][<module>                 ] No OpenGL_accelerate module loaded: No module named 'OpenGL_accelerate'
[INFO    ][2026-09-05 20:35:09][OpenGL.platform.ctypesloader][_loadLibraryPosix        ] Failed to load library ( 'libOpenGL.so.0' ): libOpenGL.so.0: cannot open shared object file: No such file or directory
[INFO    ][2026-09-05 20:35:09][evals.simu_env_planning.envs.metaworld][make_env                 ] No env_cls so env initialized with seed 1 and env_id='reach-wall-v3-goal-observable'
[INFO    ][2026-09-05 20:35:09][evals.simu_env_planning.planning.gc_agent][__init__                 ] 🏗️  Initializing GC_Agent with WorldModel
[INFO    ][2026-09-05 20:35:09][evals.simu_env_planning.planning.plan_evaluator][get_goal_state_mw        ] Creating expert env ...
[INFO    ][2026-09-05 20:35:09][evals.simu_env_planning.envs.metaworld][make_env                 ] No env_cls so env initialized with seed 1 and env_id='reach-wall-v3-goal-observable'
/opt/conda/lib/python3.11/site-packages/metaworld/policies/policy.py:49: UserWarning: Constant(s) may be too high. Environments clip response to [-1, 1]
  warnings.warn(
{"event": "replay_start_errors", "pixels": 0.0, "proprio": 0.0, "qpos": 0.0, "goal_pixels": 0.0}
{"event": "replay_verified", "checks": {"pixels": 0.0, "proprio": 0.0, "goal_pixels": 0.0, "goal_proprio": 0.0, "qpos": 0.0, "qvel": 0.0, "act": 0.0, "mocap_pos": 0.0, "mocap_quat": 0.0, "userdata": 0.0, "time": 0.0, "task._last_rand_vec": 0.0, "task._target_pos": 0.0, "task.obj_init_pos": 0.0, "task.hand_init_pos": 0.0, "task.seeded_rand_vec": 0.0, "task._freeze_rand_vec": 0.0}}
[INFO    ][2026-09-05 20:35:11][evals.simu_env_planning.envs.metaworld][make_env                 ] No env_cls so env initialized with seed 1 and env_id='reach-wall-v3-goal-observable'
[INFO    ][2026-09-05 20:35:11][evals.simu_env_planning.planning.gc_agent][__init__                 ] 🏗️  Initializing GC_Agent with WorldModel
[INFO    ][2026-09-05 20:35:11][evals.simu_env_planning.planning.plan_evaluator][get_goal_state_mw        ] Creating expert env ...
[INFO    ][2026-09-05 20:35:11][evals.simu_env_planning.envs.metaworld][make_env                 ] No env_cls so env initialized with seed 1 and env_id='reach-wall-v3-goal-observable'
{"event": "replay_start_errors", "pixels": 0.0, "proprio": 0.0, "qpos": 0.0, "goal_pixels": 0.0}
[INFO    ][2026-09-05 20:35:11][evals.simu_env_planning.envs.metaworld][render                   ] Reinitializing render MetaworldWrapper
[INFO    ][2026-09-05 20:35:11][evals.simu_env_planning.envs.metaworld][make_env                 ] No env_cls so env initialized with seed 1 and env_id='reach-wall-v3-goal-observable'
[INFO    ][2026-09-05 20:35:11][evals.simu_env_planning.planning.gc_agent][__init__                 ] 🏗️  Initializing GC_Agent with WorldModel
[INFO    ][2026-09-05 20:35:12][evals.simu_env_planning.planning.plan_evaluator][get_goal_state_mw        ] Creating expert env ...
[INFO    ][2026-09-05 20:35:12][evals.simu_env_planning.envs.metaworld][make_env                 ] No env_cls so env initialized with seed 1 and env_id='reach-wall-v3-goal-observable'
{"event": "replay_start_errors", "pixels": 0.0, "proprio": 0.0, "qpos": 0.0, "goal_pixels": 0.0}
[INFO    ][2026-09-05 20:35:12][evals.simu_env_planning.envs.metaworld][render                   ] Reinitializing render MetaworldWrapper
[INFO    ][2026-09-05 20:35:12][evals.simu_env_planning.envs.metaworld][make_env                 ] No env_cls so env initialized with seed 1 and env_id='reach-wall-v3-goal-observable'
[INFO    ][2026-09-05 20:35:12][evals.simu_env_planning.planning.gc_agent][__init__                 ] 🏗️  Initializing GC_Agent with WorldModel
[INFO    ][2026-09-05 20:35:12][evals.simu_env_planning.planning.plan_evaluator][get_goal_state_mw        ] Creating expert env ...
[INFO    ][2026-09-05 20:35:13][evals.simu_env_planning.envs.metaworld][make_env                 ] No env_cls so env initialized with seed 1 and env_id='reach-wall-v3-goal-observable'
{"event": "replay_start_errors", "pixels": 0.0, "proprio": 0.0, "qpos": 0.0, "goal_pixels": 0.0}
[INFO    ][2026-09-05 20:35:13][evals.simu_env_planning.envs.metaworld][render                   ] Reinitializing render MetaworldWrapper
[INFO    ][2026-09-05 20:35:13][evals.simu_env_planning.envs.metaworld][make_env                 ] No env_cls so env initialized with seed 1 and env_id='reach-wall-v3-goal-observable'
[INFO    ][2026-09-05 20:35:13][evals.simu_env_planning.planning.gc_agent][__init__                 ] 🏗️  Initializing GC_Agent with WorldModel
[INFO    ][2026-09-05 20:35:13][evals.simu_env_planning.planning.plan_evaluator][get_goal_state_mw        ] Creating expert env ...
[INFO    ][2026-09-05 20:35:13][evals.simu_env_planning.envs.metaworld][make_env                 ] No env_cls so env initialized with seed 1 and env_id='reach-wall-v3-goal-observable'
{"event": "replay_start_errors", "pixels": 0.0, "proprio": 0.0, "qpos": 0.0, "goal_pixels": 0.0}
[INFO    ][2026-09-05 20:35:14][evals.simu_env_planning.envs.metaworld][render                   ] Reinitializing render MetaworldWrapper
[INFO    ][2026-09-05 20:35:14][evals.simu_env_planning.envs.metaworld][make_env                 ] No env_cls so env initialized with seed 1 and env_id='reach-wall-v3-goal-observable'
[INFO    ][2026-09-05 20:35:14][evals.simu_env_planning.planning.gc_agent][__init__                 ] 🏗️  Initializing GC_Agent with WorldModel
[INFO    ][2026-09-05 20:35:14][evals.simu_env_planning.planning.plan_evaluator][get_goal_state_mw        ] Creating expert env ...
[INFO    ][2026-09-05 20:35:14][evals.simu_env_planning.envs.metaworld][make_env                 ] No env_cls so env initialized with seed 1 and env_id='reach-wall-v3-goal-observable'
{"event": "replay_start_errors", "pixels": 0.0, "proprio": 0.0, "qpos": 0.0, "goal_pixels": 0.0}
[INFO    ][2026-09-05 20:35:15][evals.simu_env_planning.envs.metaworld][render                   ] Reinitializing render MetaworldWrapper
[INFO    ][2026-09-05 20:35:15][evals.simu_env_planning.envs.metaworld][make_env                 ] No env_cls so env initialized with seed 1 and env_id='reach-wall-v3-goal-observable'
[INFO    ][2026-09-05 20:35:15][evals.simu_env_planning.planning.gc_agent][__init__                 ] 🏗️  Initializing GC_Agent with WorldModel
[INFO    ][2026-09-05 20:35:15][evals.simu_env_planning.planning.plan_evaluator][get_goal_state_mw        ] Creating expert env ...
[INFO    ][2026-09-05 20:35:15][evals.simu_env_planning.envs.metaworld][make_env                 ] No env_cls so env initialized with seed 1 and env_id='reach-wall-v3-goal-observable'
{"event": "replay_start_errors", "pixels": 0.0, "proprio": 0.0, "qpos": 0.0, "goal_pixels": 0.0}
[INFO    ][2026-09-05 20:35:15][evals.simu_env_planning.envs.metaworld][render                   ] Reinitializing render MetaworldWrapper
{"event": "six_same_state_counterfactuals_complete"}
[INFO    ][2026-09-05 20:35:16][evals.simu_env_planning.envs.metaworld][make_env                 ] No env_cls so env initialized with seed 1 and env_id='reach-wall-v3-goal-observable'
[INFO    ][2026-09-05 20:35:16][evals.simu_env_planning.planning.gc_agent][__init__                 ] 🏗️  Initializing GC_Agent with WorldModel
[INFO    ][2026-09-05 20:35:16][evals.simu_env_planning.planning.plan_evaluator][get_goal_state_mw        ] Creating expert env ...
[INFO    ][2026-09-05 20:35:16][evals.simu_env_planning.envs.metaworld][make_env                 ] No env_cls so env initialized with seed 1 and env_id='reach-wall-v3-goal-observable'
{"event": "replay_start_errors", "pixels": 0.0, "proprio": 0.0, "qpos": 0.0, "goal_pixels": 0.0}
{"event": "native_cem_started", "arm": "unsteered"}
[INFO    ][2026-09-05 20:36:06][evals.simu_env_planning.envs.metaworld][render                   ] Reinitializing render MetaworldWrapper
{"event": "arm_complete", "arm": "unsteered", "episode": 10, "replan": 0, "first_candidate_argmin": 36, "candidate_rank_changes": 0, "candidate_cost_l2_change": 0.0, "predicted_visual_pooled_l2_change": 0.0, "chosen_raw_action_l2_change": 0.0, "end_hand_l2_change": 0.0, "end_goal_distance": 0.19272983074188232, "short_fork_success": false, "steps": 15, "seconds": 50.180556989012985}
[INFO    ][2026-09-05 20:36:06][evals.simu_env_planning.envs.metaworld][make_env                 ] No env_cls so env initialized with seed 1 and env_id='reach-wall-v3-goal-observable'
[INFO    ][2026-09-05 20:36:06][evals.simu_env_planning.planning.gc_agent][__init__                 ] 🏗️  Initializing GC_Agent with WorldModel
[INFO    ][2026-09-05 20:36:06][evals.simu_env_planning.planning.plan_evaluator][get_goal_state_mw        ] Creating expert env ...
[INFO    ][2026-09-05 20:36:07][evals.simu_env_planning.envs.metaworld][make_env                 ] No env_cls so env initialized with seed 1 and env_id='reach-wall-v3-goal-observable'
{"event": "replay_start_errors", "pixels": 0.0, "proprio": 0.0, "qpos": 0.0, "goal_pixels": 0.0}
{"event": "native_cem_started", "arm": "identity"}
[INFO    ][2026-09-05 20:36:56][evals.simu_env_planning.envs.metaworld][render                   ] Reinitializing render MetaworldWrapper
{"event": "arm_complete", "arm": "identity", "episode": 10, "replan": 0, "first_candidate_argmin": 36, "candidate_rank_changes": 0, "candidate_cost_l2_change": 0.0, "predicted_visual_pooled_l2_change": 0.0, "chosen_raw_action_l2_change": 0.0, "end_hand_l2_change": 0.0, "end_goal_distance": 0.19272983074188232, "short_fork_success": false, "steps": 15, "seconds": 50.00095742099802}
[INFO    ][2026-09-05 20:37:03][evals.simu_env_planning.envs.metaworld][make_env                 ] No env_cls so env initialized with seed 1 and env_id='reach-wall-v3-goal-observable'
[INFO    ][2026-09-05 20:37:03][evals.simu_env_planning.planning.gc_agent][__init__                 ] 🏗️  Initializing GC_Agent with WorldModel
[INFO    ][2026-09-05 20:37:03][evals.simu_env_planning.planning.plan_evaluator][get_goal_state_mw        ] Creating expert env ...
[INFO    ][2026-09-05 20:37:03][evals.simu_env_planning.envs.metaworld][make_env                 ] No env_cls so env initialized with seed 1 and env_id='reach-wall-v3-goal-observable'
{"event": "replay_start_errors", "pixels": 0.0, "proprio": 0.0, "qpos": 0.0, "goal_pixels": 0.0}
{"event": "native_cem_started", "arm": "subspace_up"}
[INFO    ][2026-09-05 20:37:53][evals.simu_env_planning.envs.metaworld][render                   ] Reinitializing render MetaworldWrapper
{"event": "arm_complete", "arm": "subspace_up", "episode": 10, "replan": 0, "first_candidate_argmin": 36, "candidate_rank_changes": 202, "candidate_cost_l2_change": 0.07170837372541428, "predicted_visual_pooled_l2_change": 3.7975010871887207, "chosen_raw_action_l2_change": 7.154530048370361, "end_hand_l2_change": 0.05393699356886937, "end_goal_distance": 0.19327977299690247, "short_fork_success": false, "steps": 15, "seconds": 49.95819994699559}
[INFO    ][2026-09-05 20:38:15][evals.simu_env_planning.envs.metaworld][make_env                 ] No env_cls so env initialized with seed 1 and env_id='reach-wall-v3-goal-observable'
[INFO    ][2026-09-05 20:38:15][evals.simu_env_planning.planning.gc_agent][__init__                 ] 🏗️  Initializing GC_Agent with WorldModel
[INFO    ][2026-09-05 20:38:15][evals.simu_env_planning.planning.plan_evaluator][get_goal_state_mw        ] Creating expert env ...
[INFO    ][2026-09-05 20:38:15][evals.simu_env_planning.envs.metaworld][make_env                 ] No env_cls so env initialized with seed 1 and env_id='reach-wall-v3-goal-observable'
{"event": "replay_start_errors", "pixels": 0.0, "proprio": 0.0, "qpos": 0.0, "goal_pixels": 0.0}
{"event": "native_cem_started", "arm": "sham_up"}
[INFO    ][2026-09-05 20:39:05][evals.simu_env_planning.envs.metaworld][render                   ] Reinitializing render MetaworldWrapper
{"event": "arm_complete", "arm": "sham_up", "episode": 10, "replan": 0, "first_candidate_argmin": 243, "candidate_rank_changes": 272, "candidate_cost_l2_change": 0.3660624623298645, "predicted_visual_pooled_l2_change": 15.813302040100098, "chosen_raw_action_l2_change": 7.137294292449951, "end_hand_l2_change": 0.044376951279052536, "end_goal_distance": 0.1881287395954132, "short_fork_success": false, "steps": 15, "seconds": 50.12383353698533}
[INFO    ][2026-09-05 20:39:17][evals.simu_env_planning.envs.metaworld][make_env                 ] No env_cls so env initialized with seed 1 and env_id='reach-wall-v3-goal-observable'
[INFO    ][2026-09-05 20:39:17][evals.simu_env_planning.planning.gc_agent][__init__                 ] 🏗️  Initializing GC_Agent with WorldModel
[INFO    ][2026-09-05 20:39:18][evals.simu_env_planning.planning.plan_evaluator][get_goal_state_mw        ] Creating expert env ...
[INFO    ][2026-09-05 20:39:18][evals.simu_env_planning.envs.metaworld][make_env                 ] No env_cls so env initialized with seed 1 and env_id='reach-wall-v3-goal-observable'
{"event": "replay_start_errors", "pixels": 0.0, "proprio": 0.0, "qpos": 0.0, "goal_pixels": 0.0}
{"event": "native_cem_started", "arm": "subspace_down"}
[INFO    ][2026-09-05 20:40:07][evals.simu_env_planning.envs.metaworld][render                   ] Reinitializing render MetaworldWrapper
{"event": "arm_complete", "arm": "subspace_down", "episode": 10, "replan": 0, "first_candidate_argmin": 36, "candidate_rank_changes": 194, "candidate_cost_l2_change": 0.05172943323850632, "predicted_visual_pooled_l2_change": 2.987436294555664, "chosen_raw_action_l2_change": 6.210667133331299, "end_hand_l2_change": 0.020629045569910437, "end_goal_distance": 0.18294350802898407, "short_fork_success": false, "steps": 15, "seconds": 50.11570754999411}
[INFO    ][2026-09-05 20:40:13][evals.simu_env_planning.envs.metaworld][make_env                 ] No env_cls so env initialized with seed 1 and env_id='reach-wall-v3-goal-observable'
[INFO    ][2026-09-05 20:40:13][evals.simu_env_planning.planning.gc_agent][__init__                 ] 🏗️  Initializing GC_Agent with WorldModel
[INFO    ][2026-09-05 20:40:13][evals.simu_env_planning.planning.plan_evaluator][get_goal_state_mw        ] Creating expert env ...
[INFO    ][2026-09-05 20:40:13][evals.simu_env_planning.envs.metaworld][make_env                 ] No env_cls so env initialized with seed 1 and env_id='reach-wall-v3-goal-observable'
{"event": "replay_start_errors", "pixels": 0.0, "proprio": 0.0, "qpos": 0.0, "goal_pixels": 0.0}
{"event": "native_cem_started", "arm": "sham_down"}
[INFO    ][2026-09-05 20:41:03][evals.simu_env_planning.envs.metaworld][render                   ] Reinitializing render MetaworldWrapper
{"event": "arm_complete", "arm": "sham_down", "episode": 10, "replan": 0, "first_candidate_argmin": 243, "candidate_rank_changes": 285, "candidate_cost_l2_change": 0.4897289276123047, "predicted_visual_pooled_l2_change": 21.706186294555664, "chosen_raw_action_l2_change": 7.042147159576416, "end_hand_l2_change": 0.03200516925061607, "end_goal_distance": 0.19837599992752075, "short_fork_success": false, "steps": 15, "seconds": 50.212470352009404}
