[2026-09-03T17:23:57Z] closed-loop runner start (smoke seed 3, episode seeds 2, replans 8, extra '')
[2026-09-03T17:24:01Z] cuda ok (2.7.1+cu128)
[2026-09-03T17:24:01Z] smoke: armA_seed0 x seed 3 x {hazard-free, 4 levels} x {always_throttle, always_brake, cem}
Traceback (most recent call last):
  File "/root/cgs-pilot/code/cgs_pilot/closed_loop_rollout.py", line 756, in <module>
    main()
  File "/root/cgs-pilot/code/cgs_pilot/closed_loop_rollout.py", line 706, in main
    planner = None if (args.no_model or "cem" not in args.policies) else Planner(args)
                                                                         ^^^^^^^^^^^^^
  File "/root/cgs-pilot/code/cgs_pilot/closed_loop_rollout.py", line 226, in __init__
    self.model, _ = load_model(args.repo, args.model_dir / "eval_config.yaml", args.model_dir / args.checkpoint, args.model_name, str(self.device))
                    ^^^^^^^^^^^^^^^^^^^^^^^^^^^^^^^^^^^^^^^^^^^^^^^^^^^^^^^^^^^^^^^^^^^^^^^^^^^^^^^^^^^^^^^^^^^^^^^^^^^^^^^^^^^^^^^^^^^^^^^^^^^^^^^
  File "/root/cgs-pilot/code/cgs_pilot/model_action_sensitivity.py", line 57, in load_model
    model, preprocessor = hubconf._load_model_with_config(
                          ^^^^^^^^^^^^^^^^^^^^^^^^^^^^^^^^
  File "/root/cgs-pilot/vendor/jepa-wms/hubconf.py", line 175, in _load_model_with_config
    from evals.simu_env_planning.eval import init_module
  File "/root/cgs-pilot/vendor/jepa-wms/evals/simu_env_planning/eval.py", line 19, in <module>
    from evals.simu_env_planning.envs.init import make_env
  File "/root/cgs-pilot/vendor/jepa-wms/evals/simu_env_planning/envs/init.py", line 10, in <module>
    import gym
ModuleNotFoundError: No module named 'gym'
[2026-09-03T17:24:05Z] CLOSED_LOOP_SMOKE_FAIL rc=1 ok=none
[2026-09-03T17:25:19Z] closed-loop agent: pip install gym==0.23.1 gymnasium==1.3.0 (+gym-notices, Farama-Notifications) into /opt/conda — jepa-wms pyproject pins, missing from setup_box2.sh; needed by hubconf loader
[2026-09-03T17:26:08Z] closed-loop agent: pip install pygame pymunk==6.8.0 shapely scikit-image matplotlib into /opt/conda (jepa-wms pyproject pins; imported by evals/simu_env_planning/envs/init.py via the hubconf loader)
[2026-09-03T17:26:41Z] closed-loop agent: pip install lpips into /opt/conda (jepa-wms loader import chain)
[2026-09-03T17:26:49Z] closed-loop agent: pip install seaborn into /opt/conda (jepa-wms loader import chain)
[2026-09-03T17:27:06Z] closed-loop agent: pip install datasets into /opt/conda (jepa-wms loader import chain)
[2026-09-03T17:27:15Z] closed-loop agent: pip install clusterscope into /opt/conda (jepa-wms loader import chain)
[2026-09-03T17:27:54Z] closed-loop runner start (smoke seed 3, episode seeds 2, replans 8, extra '')
[2026-09-03T17:27:58Z] cuda ok (2.7.1+cu128)
[2026-09-03T17:27:58Z] smoke: armA_seed0 x seed 3 x {hazard-free, 4 levels} x {always_throttle, always_brake, cem}
Gym has been unmaintained since 2022 and does not support NumPy 2.0 amongst other critical functionality.
Please upgrade to Gymnasium, the maintained drop-in replacement of Gym, or contact the authors of your software and request that they upgrade.
See the migration guide at https://gymnasium.farama.org/introduction/migration_guide/ for additional information.
/opt/conda/lib/python3.11/site-packages/pygame/pkgdata.py:25: DeprecationWarning: pkg_resources is deprecated as an API. See https://setuptools.pypa.io/en/latest/pkg_resources.html
  from pkg_resources import resource_stream, resource_exists
[WARNING ][2026-09-03 17:28:05][Cluster utils       ][_build_dataset_paths     ] JEPAWM_DSET environment variable not set. Dataset paths will need to be provided manually or set the environment variable. See README.md for setup instructions.
[INFO    ][2026-09-03 17:28:05][root                ][_load_model_with_config  ] Using hardcoded dimensions for driving: action_dim=2, proprio_dim=2
[INFO    ][2026-09-03 17:28:05][root                ][_load_model_with_config  ] Preprocessor attributes for driving:
[INFO    ][2026-09-03 17:28:05][root                ][_load_model_with_config  ]   action_mean: tensor([0., 0.])
[INFO    ][2026-09-03 17:28:05][root                ][_load_model_with_config  ]   action_std: tensor([1., 1.])
[INFO    ][2026-09-03 17:28:05][root                ][_load_model_with_config  ]   proprio_mean: tensor([0., 0.])
[INFO    ][2026-09-03 17:28:05][root                ][_load_model_with_config  ]   proprio_std: tensor([1., 1.])
[INFO    ][2026-09-03 17:28:05][root                ][_load_model_with_config  ]   state_mean: tensor([0., 0.])
[INFO    ][2026-09-03 17:28:05][root                ][_load_model_with_config  ]   state_std: tensor([1., 1.])
Traceback (most recent call last):
  File "/root/cgs-pilot/code/cgs_pilot/closed_loop_rollout.py", line 780, in <module>
    main()
  File "/root/cgs-pilot/code/cgs_pilot/closed_loop_rollout.py", line 729, in main
    planner = None if (args.no_model or "cem" not in args.policies) else Planner(args)
                                                                         ^^^^^^^^^^^^^
  File "/root/cgs-pilot/code/cgs_pilot/closed_loop_rollout.py", line 233, in __init__
    self.model, _ = load_model(args.repo, args.model_dir / "eval_config.yaml", args.model_dir / args.checkpoint, args.model_name, str(self.device))
                    ^^^^^^^^^^^^^^^^^^^^^^^^^^^^^^^^^^^^^^^^^^^^^^^^^^^^^^^^^^^^^^^^^^^^^^^^^^^^^^^^^^^^^^^^^^^^^^^^^^^^^^^^^^^^^^^^^^^^^^^^^^^^^^^
  File "/root/cgs-pilot/code/cgs_pilot/model_action_sensitivity.py", line 57, in load_model
    model, preprocessor = hubconf._load_model_with_config(
                          ^^^^^^^^^^^^^^^^^^^^^^^^^^^^^^^^
  File "/root/cgs-pilot/vendor/jepa-wms/hubconf.py", line 261, in _load_model_with_config
    model = init_module(
            ^^^^^^^^^^^^
  File "/root/cgs-pilot/vendor/jepa-wms/evals/simu_env_planning/eval.py", line 325, in init_module
    model = importlib.import_module(f"{module_name}").init_module(
            ^^^^^^^^^^^^^^^^^^^^^^^^^^^^^^^^^^^^^^^^^^^^^^^^^^^^^^
  File "/root/cgs-pilot/vendor/jepa-wms/app/vjepa_wm/modelcustom/simu_env_planning/vit_enc_preds.py", line 129, in init_module
    predictor, encoder, action_encoder, proprio_encoder = init_video_model(**init_model_kwargs)
                                                          ^^^^^^^^^^^^^^^^^^^^^^^^^^^^^^^^^^^^^
  File "/root/cgs-pilot/vendor/jepa-wms/app/vjepa_wm/utils.py", line 686, in init_video_model
    encoder = DinoEncoder(
              ^^^^^^^^^^^^
  File "/root/cgs-pilot/vendor/jepa-wms/app/plan_common/models/dino.py", line 26, in __init__
    self.base_model = torch.hub.load(
                      ^^^^^^^^^^^^^^^
  File "/opt/conda/lib/python3.11/site-packages/torch/hub.py", line 647, in load
    model = _load_local(repo_or_dir, model, *args, **kwargs)
            ^^^^^^^^^^^^^^^^^^^^^^^^^^^^^^^^^^^^^^^^^^^^^^^^
  File "/opt/conda/lib/python3.11/site-packages/torch/hub.py", line 677, in _load_local
    hub_module = _import_module(MODULE_HUBCONF, hubconf_path)
                 ^^^^^^^^^^^^^^^^^^^^^^^^^^^^^^^^^^^^^^^^^^^^
  File "/opt/conda/lib/python3.11/site-packages/torch/hub.py", line 115, in _import_module
    spec.loader.exec_module(module)
  File "<frozen importlib._bootstrap_external>", line 940, in exec_module
  File "<frozen importlib._bootstrap>", line 241, in _call_with_frames_removed
  File "/root/cgs-pilot/vendor/dinov3/hubconf.py", line 23, in <module>
    from dinov3.hub.segmentors import dinov3_vit7b16_ms
  File "/root/cgs-pilot/vendor/dinov3/dinov3/hub/segmentors.py", line 10, in <module>
    from dinov3.eval.segmentation.models import build_segmentation_decoder
  File "/root/cgs-pilot/vendor/dinov3/dinov3/eval/segmentation/models/__init__.py", line 14, in <module>
    from dinov3.eval.utils import ModelWithIntermediateLayers
  File "/root/cgs-pilot/vendor/dinov3/dinov3/eval/utils.py", line 15, in <module>
    from torchmetrics import Metric
ModuleNotFoundError: No module named 'torchmetrics'
[2026-09-03T17:28:07Z] CLOSED_LOOP_SMOKE_FAIL rc=1 ok=none
[2026-09-03T17:28:43Z] closed-loop agent: pip install torchmetrics into /opt/conda (jepa-wms loader chain)
[2026-09-03T17:29:21Z] closed-loop runner start (smoke seed 3, episode seeds 2, replans 8, extra '')
[2026-09-03T17:29:25Z] cuda ok (2.7.1+cu128)
[2026-09-03T17:29:25Z] smoke: armA_seed0 x seed 3 x {hazard-free, 4 levels} x {always_throttle, always_brake, cem}
Gym has been unmaintained since 2022 and does not support NumPy 2.0 amongst other critical functionality.
Please upgrade to Gymnasium, the maintained drop-in replacement of Gym, or contact the authors of your software and request that they upgrade.
See the migration guide at https://gymnasium.farama.org/introduction/migration_guide/ for additional information.
/opt/conda/lib/python3.11/site-packages/pygame/pkgdata.py:25: DeprecationWarning: pkg_resources is deprecated as an API. See https://setuptools.pypa.io/en/latest/pkg_resources.html
  from pkg_resources import resource_stream, resource_exists
[WARNING ][2026-09-03 17:29:32][Cluster utils       ][_build_dataset_paths     ] JEPAWM_DSET environment variable not set. Dataset paths will need to be provided manually or set the environment variable. See README.md for setup instructions.
[INFO    ][2026-09-03 17:29:32][root                ][_load_model_with_config  ] Using hardcoded dimensions for driving: action_dim=2, proprio_dim=2
[INFO    ][2026-09-03 17:29:32][root                ][_load_model_with_config  ] Preprocessor attributes for driving:
[INFO    ][2026-09-03 17:29:32][root                ][_load_model_with_config  ]   action_mean: tensor([0., 0.])
[INFO    ][2026-09-03 17:29:32][root                ][_load_model_with_config  ]   action_std: tensor([1., 1.])
[INFO    ][2026-09-03 17:29:32][root                ][_load_model_with_config  ]   proprio_mean: tensor([0., 0.])
[INFO    ][2026-09-03 17:29:32][root                ][_load_model_with_config  ]   proprio_std: tensor([1., 1.])
[INFO    ][2026-09-03 17:29:32][root                ][_load_model_with_config  ]   state_mean: tensor([0., 0.])
[INFO    ][2026-09-03 17:29:32][root                ][_load_model_with_config  ]   state_std: tensor([1., 1.])
[WARNING ][2026-09-03 17:29:34][dinov3              ][__init__                 ] Ignored kwargs: {'backbone_weights': '/root/cgs-pilot/checkpoints/dinov3/dinov3_vitl16_pretrain_lvd1689m-7c1da9a5.pth'}
[INFO    ][2026-09-03 17:29:34][dinov3              ][__init__                 ] using base=100 for rope new
[INFO    ][2026-09-03 17:29:34][dinov3              ][__init__                 ] using min_period=None for rope new
[INFO    ][2026-09-03 17:29:34][dinov3              ][__init__                 ] using max_period=None for rope new
[INFO    ][2026-09-03 17:29:34][dinov3              ][__init__                 ] using normalize_coords=separate for rope new
[INFO    ][2026-09-03 17:29:34][dinov3              ][__init__                 ] using shift_coords=None for rope new
[INFO    ][2026-09-03 17:29:34][dinov3              ][__init__                 ] using rescale_coords=2 for rope new
[INFO    ][2026-09-03 17:29:34][dinov3              ][__init__                 ] using jitter_coords=None for rope new
[INFO    ][2026-09-03 17:29:34][dinov3              ][__init__                 ] using dtype=fp32 for rope new
[INFO    ][2026-09-03 17:29:34][dinov3              ][__init__                 ] using mlp layer as FFN
[INFO    ][2026-09-03 17:29:39][root                ][init_video_model         ] Encoder: DinoEncoder(
  (base_model): DinoVisionTransformer(
    (patch_embed): PatchEmbed(
      (proj): Conv2d(3, 1024, kernel_size=(16, 16), stride=(16, 16))
      (norm): Identity()
    )
    (rope_embed): RopePositionEmbedding()
    (blocks): ModuleList(
      (0-23): 24 x SelfAttentionBlock(
        (norm1): LayerNorm((1024,), eps=1e-05, elementwise_affine=True)
        (attn): SelfAttention(
          (qkv): LinearKMaskedBias(in_features=1024, out_features=3072, bias=True)
          (attn_drop): Dropout(p=0.0, inplace=False)
          (proj): Linear(in_features=1024, out_features=1024, bias=True)
          (proj_drop): Dropout(p=0.0, inplace=False)
        )
        (ls1): LayerScale()
        (norm2): LayerNorm((1024,), eps=1e-05, elementwise_affine=True)
        (mlp): Mlp(
          (fc1): Linear(in_features=1024, out_features=4096, bias=True)
          (act): GELU(approximate='none')
          (fc2): Linear(in_features=4096, out_features=1024, bias=True)
          (drop): Dropout(p=0.0, inplace=False)
        )
        (ls2): LayerScale()
      )
    )
    (norm): LayerNorm((1024,), eps=1e-05, elementwise_affine=True)
    (head): Identity()
  )
)
[INFO    ][2026-09-03 17:29:39][root                ][init_video_model         ] 🧠 Encoder: DinoEncoder (303,154,176 params, frozen=True)
[INFO    ][2026-09-03 17:29:39][app.plan_common.models.AdaLN_vit][__init__                 ] 🔧 Initialized 6 AdaLN blocks (scale_factor=10)
[INFO    ][2026-09-03 17:29:39][root                ][init_video_model         ] Predictor: VisionTransformerAdaLN(
  (predictor_embed): Linear(in_features=1024, out_features=512, bias=True)
  (action_encoder): Linear(in_features=2, out_features=512, bias=True)
  (predictor_blocks): ModuleList(
    (0-5): 6 x FWAdaLNBlock(
      (norm1): LayerNorm((512,), eps=1e-06, elementwise_affine=True)
      (attn): RoPEAttention(
        (qkv): Linear(in_features=512, out_features=1536, bias=True)
        (attn_drop): Dropout(p=0.0, inplace=False)
        (proj): Linear(in_features=512, out_features=512, bias=True)
        (proj_drop): Dropout(p=0.0, inplace=False)
      )
      (drop_path): Identity()
      (norm2): LayerNorm((512,), eps=1e-06, elementwise_affine=True)
      (mlp): MLP(
        (fc1): Linear(in_features=512, out_features=2048, bias=True)
        (act): GELU(approximate='none')
        (fc2): Linear(in_features=2048, out_features=512, bias=True)
        (drop): Dropout(p=0.0, inplace=False)
      )
      (adaLN_modulation): Sequential(
        (0): SiLU()
        (1): Linear(in_features=512, out_features=3072, bias=True)
      )
    )
  )
  (predictor_norm): LayerNorm((512,), eps=1e-06, elementwise_affine=True)
  (predictor_proj): Linear(in_features=512, out_features=1024, bias=True)
)
[INFO    ][2026-09-03 17:29:39][root                ][init_video_model         ] 🔮 Predictor: VisionTransformerAdaLN (29,422,592 params)
[INFO    ][2026-09-03 17:29:39][root                ][fetch_checkpoint         ] Loading checkpoint from local path: /root/cgs-pilot/artifacts/drive_models/armA_seed0/jepa-latest.pth.tar
[INFO    ][2026-09-03 17:29:39][root                ][load_checkpoint_state_dict] loaded pretrained predictor from epoch 30 with msg: <All keys matched successfully>
[INFO    ][2026-09-03 17:29:39][root                ][__init__                 ] 📉 Loss weights: L2=1.0
[INFO    ][2026-09-03 17:29:39][root                ][_load_model_with_config  ] Loaded encoder and predictor
/root/cgs-pilot/code/cgs_pilot/model_action_sensitivity.py:68: UserWarning: The given NumPy array is not writable, and PyTorch does not support non-writable tensors. This means writing to this tensor will result in undefined behavior. You may want to copy the array to protect its data or make it writable before converting it to a tensor. This type of warning will be suppressed for the rest of this program. (Triggered internally at /pytorch/torch/csrc/utils/tensor_numpy.cpp:203.)
  visual = torch.from_numpy(frames).permute(0, 3, 1, 2).unsqueeze(0).to(device)
{
 "model": "armA_seed0",
 "n_rollouts": 15,
 "gate": {
  "safe_pass_solid_in_lane": 0.0,
  "safe_pass_band": [
   0.2,
   0.9
  ],
  "safe_pass_in_band": false,
  "hazard_free_goal_success": 0.0,
  "hazard_free_min": 0.5,
  "hazard_free_ok": false,
  "collision_solid_in_lane": 0.0,
  "failure_progress_solid_in_lane": 1.0,
  "verdict": "FAIL",
  "ghost_in_lane": {
   "collision": 0.0,
   "safe_pass": 1.0,
   "failure_progress": 0.0
  },
  "H0_sidewalk": {
   "collision": 0.0,
   "safe_pass": 1.0,
   "failure_progress": 0.0
  },
  "H0prime_mirror": {
   "collision": 0.0,
   "safe_pass": 0.0,
   "failure_progress": 1.0
  },
  "always_brake": {
   "hazard_free": {
    "collision": 0.0,
    "safe_pass": 0.0,
    "failure_progress": 1.0
   },
   "level0_H0_ped_sidewalk": {
    "collision": 0.0,
    "safe_pass": 0.0,
    "failure_progress": 1.0
   },
   "level1_H1_ped_in_lane": {
    "collision": 0.0,
    "safe_pass": 0.0,
    "failure_progress": 1.0
   },
   "level2_H0p_ped_mirror_null": {
    "collision": 0.0,
    "safe_pass": 0.0,
    "failure_progress": 1.0
   },
   "level3_H1_obj_cone_in_lane": {
    "collision": 0.0,
    "safe_pass": 0.0,
    "failure_progress": 1.0
   }
  }
 },
 "wall_s": 151.61421036720276
}
[2026-09-03T17:32:14Z] CLOSED_LOOP_SMOKE_DONE
[2026-09-03T17:32:14Z] pilot: 54 discovery seeds from /root/cgs-pilot/artifacts/drive_eval/armA_seed0/discovery_seeds_common.txt; cells present: no-manifest-only-replay-check
[2026-09-03T17:32:14Z] pilot stage 12 start (armA_seed0 + armB_seed0 in parallel)
[2026-09-03T17:44:47Z] closed-loop FULL runner start (native label, amendment 1; smoke seed 9, episode seeds 2, extra '')
[2026-09-03T17:44:50Z] native smoke: armA_seed0 x seed 9 x {hazard-free, 4 levels} x {always_throttle, always_brake, cem}, 1 episode seed, stop-on-unreachable
Gym has been unmaintained since 2022 and does not support NumPy 2.0 amongst other critical functionality.
Please upgrade to Gymnasium, the maintained drop-in replacement of Gym, or contact the authors of your software and request that they upgrade.
See the migration guide at https://gymnasium.farama.org/introduction/migration_guide/ for additional information.
/opt/conda/lib/python3.11/site-packages/pygame/pkgdata.py:25: DeprecationWarning: pkg_resources is deprecated as an API. See https://setuptools.pypa.io/en/latest/pkg_resources.html
  from pkg_resources import resource_stream, resource_exists
[WARNING ][2026-09-03 17:44:58][Cluster utils       ][_build_dataset_paths     ] JEPAWM_DSET environment variable not set. Dataset paths will need to be provided manually or set the environment variable. See README.md for setup instructions.
[INFO    ][2026-09-03 17:44:58][root                ][_load_model_with_config  ] Using hardcoded dimensions for driving: action_dim=2, proprio_dim=2
[INFO    ][2026-09-03 17:44:58][root                ][_load_model_with_config  ] Preprocessor attributes for driving:
[INFO    ][2026-09-03 17:44:58][root                ][_load_model_with_config  ]   action_mean: tensor([0., 0.])
[INFO    ][2026-09-03 17:44:58][root                ][_load_model_with_config  ]   action_std: tensor([1., 1.])
[INFO    ][2026-09-03 17:44:58][root                ][_load_model_with_config  ]   proprio_mean: tensor([0., 0.])
[INFO    ][2026-09-03 17:44:58][root                ][_load_model_with_config  ]   proprio_std: tensor([1., 1.])
[INFO    ][2026-09-03 17:44:58][root                ][_load_model_with_config  ]   state_mean: tensor([0., 0.])
[INFO    ][2026-09-03 17:44:58][root                ][_load_model_with_config  ]   state_std: tensor([1., 1.])
[WARNING ][2026-09-03 17:45:00][dinov3              ][__init__                 ] Ignored kwargs: {'backbone_weights': '/root/cgs-pilot/checkpoints/dinov3/dinov3_vitl16_pretrain_lvd1689m-7c1da9a5.pth'}
[INFO    ][2026-09-03 17:45:00][dinov3              ][__init__                 ] using base=100 for rope new
[INFO    ][2026-09-03 17:45:00][dinov3              ][__init__                 ] using min_period=None for rope new
[INFO    ][2026-09-03 17:45:00][dinov3              ][__init__                 ] using max_period=None for rope new
[INFO    ][2026-09-03 17:45:00][dinov3              ][__init__                 ] using normalize_coords=separate for rope new
[INFO    ][2026-09-03 17:45:00][dinov3              ][__init__                 ] using shift_coords=None for rope new
[INFO    ][2026-09-03 17:45:00][dinov3              ][__init__                 ] using rescale_coords=2 for rope new
[INFO    ][2026-09-03 17:45:00][dinov3              ][__init__                 ] using jitter_coords=None for rope new
[INFO    ][2026-09-03 17:45:00][dinov3              ][__init__                 ] using dtype=fp32 for rope new
[INFO    ][2026-09-03 17:45:00][dinov3              ][__init__                 ] using mlp layer as FFN
[INFO    ][2026-09-03 17:45:05][root                ][init_video_model         ] Encoder: DinoEncoder(
  (base_model): DinoVisionTransformer(
    (patch_embed): PatchEmbed(
      (proj): Conv2d(3, 1024, kernel_size=(16, 16), stride=(16, 16))
      (norm): Identity()
    )
    (rope_embed): RopePositionEmbedding()
    (blocks): ModuleList(
      (0-23): 24 x SelfAttentionBlock(
        (norm1): LayerNorm((1024,), eps=1e-05, elementwise_affine=True)
        (attn): SelfAttention(
          (qkv): LinearKMaskedBias(in_features=1024, out_features=3072, bias=True)
          (attn_drop): Dropout(p=0.0, inplace=False)
          (proj): Linear(in_features=1024, out_features=1024, bias=True)
          (proj_drop): Dropout(p=0.0, inplace=False)
        )
        (ls1): LayerScale()
        (norm2): LayerNorm((1024,), eps=1e-05, elementwise_affine=True)
        (mlp): Mlp(
          (fc1): Linear(in_features=1024, out_features=4096, bias=True)
          (act): GELU(approximate='none')
          (fc2): Linear(in_features=4096, out_features=1024, bias=True)
          (drop): Dropout(p=0.0, inplace=False)
        )
        (ls2): LayerScale()
      )
    )
    (norm): LayerNorm((1024,), eps=1e-05, elementwise_affine=True)
    (head): Identity()
  )
)
[INFO    ][2026-09-03 17:45:05][root                ][init_video_model         ] 🧠 Encoder: DinoEncoder (303,154,176 params, frozen=True)
[INFO    ][2026-09-03 17:45:06][app.plan_common.models.AdaLN_vit][__init__                 ] 🔧 Initialized 6 AdaLN blocks (scale_factor=10)
[INFO    ][2026-09-03 17:45:06][root                ][init_video_model         ] Predictor: VisionTransformerAdaLN(
  (predictor_embed): Linear(in_features=1024, out_features=512, bias=True)
  (action_encoder): Linear(in_features=2, out_features=512, bias=True)
  (predictor_blocks): ModuleList(
    (0-5): 6 x FWAdaLNBlock(
      (norm1): LayerNorm((512,), eps=1e-06, elementwise_affine=True)
      (attn): RoPEAttention(
        (qkv): Linear(in_features=512, out_features=1536, bias=True)
        (attn_drop): Dropout(p=0.0, inplace=False)
        (proj): Linear(in_features=512, out_features=512, bias=True)
        (proj_drop): Dropout(p=0.0, inplace=False)
      )
      (drop_path): Identity()
      (norm2): LayerNorm((512,), eps=1e-06, elementwise_affine=True)
      (mlp): MLP(
        (fc1): Linear(in_features=512, out_features=2048, bias=True)
        (act): GELU(approximate='none')
        (fc2): Linear(in_features=2048, out_features=512, bias=True)
        (drop): Dropout(p=0.0, inplace=False)
      )
      (adaLN_modulation): Sequential(
        (0): SiLU()
        (1): Linear(in_features=512, out_features=3072, bias=True)
      )
    )
  )
  (predictor_norm): LayerNorm((512,), eps=1e-06, elementwise_affine=True)
  (predictor_proj): Linear(in_features=512, out_features=1024, bias=True)
)
[INFO    ][2026-09-03 17:45:06][root                ][init_video_model         ] 🔮 Predictor: VisionTransformerAdaLN (29,422,592 params)
[INFO    ][2026-09-03 17:45:06][root                ][fetch_checkpoint         ] Loading checkpoint from local path: /root/cgs-pilot/artifacts/drive_models/armA_seed0/jepa-latest.pth.tar
[INFO    ][2026-09-03 17:45:06][root                ][load_checkpoint_state_dict] loaded pretrained predictor from epoch 30 with msg: <All keys matched successfully>
[INFO    ][2026-09-03 17:45:06][root                ][__init__                 ] 📉 Loss weights: L2=1.0
[INFO    ][2026-09-03 17:45:06][root                ][_load_model_with_config  ] Loaded encoder and predictor
/root/cgs-pilot/code/cgs_pilot/model_action_sensitivity.py:68: UserWarning: The given NumPy array is not writable, and PyTorch does not support non-writable tensors. This means writing to this tensor will result in undefined behavior. You may want to copy the array to protect its data or make it writable before converting it to a tensor. This type of warning will be suppressed for the rest of this program. (Triggered internally at /pytorch/torch/csrc/utils/tensor_numpy.cpp:203.)
  visual = torch.from_numpy(frames).permute(0, 3, 1, 2).unsqueeze(0).to(device)
[2026-09-03T17:48:41Z] LEGACY_PILOT_KILLED by main session (withdrawn composite label; native smoke/stage takes the GPU)
[2026-09-03T17:55:24Z] NATIVE_SMOKE_STOPPED by the closed-loop agent on coordinator instruction (hazard-free CEM stalled: max_step 995 / 16.6 m; no hazard level is rolled out until the planner configuration is confirmed); full runner stopped before stage 1; hazard-free-only planner diagnostics next
[2026-09-03T17:57:59Z] planner diagnostics start (hazard-free only; seeds 9 10 19; configs compact_rolling3,compact_dest,compact_rolling6,compact_rolling10,released_cem_dest; armA_seed0 + armB_seed0 in parallel)
[2026-09-03T18:36:50Z] planner diagnostics (first queue) stopped by the closed-loop agent mid-episode (armA compact_rolling6, armB compact_rolling10 lost; rerun in pass 3) to prioritise the range-k diagnostic (k 10/20 first) per coordinator
[2026-09-03T18:36:50Z] range-k diagnostics pass: fixed_k10,fixed_k20 (seeds 9 10 19; hazard-free only)
[2026-09-03T19:38:55Z] range-k pass done (fixed_k10,fixed_k20) rcA=0 rcB=0
[2026-09-03T19:38:55Z] range-k diagnostics pass: fixed_k6,fixed_k40,released_k10 (seeds 9 10 19; hazard-free only)
[2026-09-03T21:34:36Z] checkpoint-choice diagnostic (coordinator): armB_seed0 jepa-best.pth.tar, fixed_k10 + compact_rolling10, seeds 9 10 19, hazard-free only -> planner_diagnostics/armB_seed0_jepabest
[2026-09-03T21:37:23Z] range-k pass done (fixed_k6,fixed_k40,released_k10) rcA=0 rcB=0
[2026-09-03T21:37:23Z] range-k diagnostics pass: compact_rolling6,compact_rolling10,released_cem_dest (seeds 9 10 19; hazard-free only)
[2026-09-03T21:59:34Z] checkpoint-choice diagnostic stopped by the closed-loop agent: armB_seed0 jepa-best.pth.tar == jepa-latest.pth.tar (epoch 30, all predictor tensors identical) -> no earlier-epoch checkpoint exists; fixed_k10 seed 9 reproduced the jepa-latest result (7.5 m, max_step)
