Gym has been unmaintained since 2022 and does not support NumPy 2.0 amongst other critical functionality.
Please upgrade to Gymnasium, the maintained drop-in replacement of Gym, or contact the authors of your software and request that they upgrade.
See the migration guide at https://gymnasium.farama.org/introduction/migration_guide/ for additional information.
/opt/conda/lib/python3.11/site-packages/pygame/pkgdata.py:25: DeprecationWarning: pkg_resources is deprecated as an API. See https://setuptools.pypa.io/en/latest/pkg_resources.html
  from pkg_resources import resource_stream, resource_exists
[WARNING ][2026-09-05 23:15:59][Cluster utils       ][_build_dataset_paths     ] JEPAWM_DSET environment variable not set. Dataset paths will need to be provided manually or set the environment variable. See README.md for setup instructions.
[WARNING ][2026-09-05 23:15:59][src.utils.yaml_utils][replace_var              ] Environment variable 'JEPAWM_LOGS' not found at folder. Keeping original placeholder: ${JEPAWM_LOGS}
[WARNING ][2026-09-05 23:15:59][src.utils.yaml_utils][replace_var              ] Environment variable 'JEPAWM_LOGS' not found at model_kwargs.pretrain_kwargs.heads_cfg.pretrain_dec_path.state_head. Keeping original placeholder: ${JEPAWM_LOGS}
Using cache found in /root/.cache/torch/hub/facebookresearch_dinov2_main
[INFO    ][2026-09-05 23:16:02][dinov2              ][__init__                 ] using MLP layer as FFN
[INFO    ][2026-09-05 23:16:03][root                ][init_video_model         ] Encoder: DinoEncoder(
  (base_model): DinoVisionTransformer(
    (patch_embed): PatchEmbed(
      (proj): Conv2d(3, 384, kernel_size=(14, 14), stride=(14, 14))
      (norm): Identity()
    )
    (blocks): ModuleList(
      (0-11): 12 x NestedTensorBlock(
        (norm1): LayerNorm((384,), eps=1e-06, elementwise_affine=True)
        (attn): MemEffAttention(
          (qkv): Linear(in_features=384, out_features=1152, bias=True)
          (proj): Linear(in_features=384, out_features=384, bias=True)
          (proj_drop): Dropout(p=0.0, inplace=False)
        )
        (ls1): LayerScale()
        (drop_path1): Identity()
        (norm2): LayerNorm((384,), eps=1e-06, elementwise_affine=True)
        (mlp): Mlp(
          (fc1): Linear(in_features=384, out_features=1536, bias=True)
          (act): GELU(approximate='none')
          (fc2): Linear(in_features=1536, out_features=384, bias=True)
          (drop): Dropout(p=0.0, inplace=False)
        )
        (ls2): LayerScale()
        (drop_path2): Identity()
      )
    )
    (norm): LayerNorm((384,), eps=1e-06, elementwise_affine=True)
    (head): Identity()
  )
)
[INFO    ][2026-09-05 23:16:03][root                ][init_video_model         ] 🧠 Encoder: DinoEncoder (22,056,576 params, frozen=True)
[INFO    ][2026-09-05 23:16:03][app.plan_common.models.AdaLN_vit][__init__                 ] 🔧 Initialized 6 AdaLN blocks (scale_factor=10)
[INFO    ][2026-09-05 23:16:03][root                ][init_video_model         ] Predictor: VisionTransformerAdaLN(
  (predictor_embed): Linear(in_features=384, out_features=384, bias=True)
  (action_encoder): Linear(in_features=10, out_features=400, bias=True)
  (predictor_blocks): ModuleList(
    (0-5): 6 x FWAdaLNBlock(
      (norm1): LayerNorm((400,), eps=1e-06, elementwise_affine=True)
      (attn): RoPEAttention(
        (qkv): Linear(in_features=400, out_features=1200, bias=True)
        (attn_drop): Dropout(p=0.0, inplace=False)
        (proj): Linear(in_features=400, out_features=400, bias=True)
        (proj_drop): Dropout(p=0.0, inplace=False)
      )
      (drop_path): Identity()
      (norm2): LayerNorm((400,), eps=1e-06, elementwise_affine=True)
      (mlp): MLP(
        (fc1): Linear(in_features=400, out_features=1600, bias=True)
        (act): GELU(approximate='none')
        (fc2): Linear(in_features=1600, out_features=400, bias=True)
        (drop): Dropout(p=0.0, inplace=False)
      )
      (adaLN_modulation): Sequential(
        (0): SiLU()
        (1): Linear(in_features=400, out_features=2400, bias=True)
      )
    )
  )
  (predictor_norm): LayerNorm((400,), eps=1e-06, elementwise_affine=True)
  (predictor_proj): Linear(in_features=384, out_features=384, bias=True)
)
[INFO    ][2026-09-05 23:16:03][root                ][init_video_model         ] 🔮 Predictor: VisionTransformerAdaLN (17,626,480 params)
[INFO    ][2026-09-05 23:16:03][root                ][fetch_checkpoint         ] Loading checkpoint from local path: /root/.cache/huggingface/hub/models--facebook--jepa-wms/snapshots/9b9c41ef249466630dbf1a20e78391865d07b3b9/jepa_wm_pusht.pth.tar
[INFO    ][2026-09-05 23:16:03][root                ][load_checkpoint_state_dict] loaded pretrained predictor from epoch 50 with msg: <All keys matched successfully>
[INFO    ][2026-09-05 23:16:03][root                ][load_checkpoint_state_dict] loaded pretrained proprio encoder from epoch 50 with msg: <All keys matched successfully>
[INFO    ][2026-09-05 23:16:03][root                ][__init__                 ] 📉 Loss weights: L2=1.0
{"event": "spatial_source_complete", "source_id": 63, "old_global_max_abs": {"p3": 6.103515625e-05, "predicted": 1.1920928955078125e-06, "encoded": 0.0}}
{"event": "spatial_source_complete", "source_id": 64, "old_global_max_abs": {"p3": 6.103515625e-05, "predicted": 1.9073486328125e-06, "encoded": 0.0}}
{"event": "spatial_source_complete", "source_id": 65, "old_global_max_abs": {"p3": 3.0517578125e-05, "predicted": 9.5367431640625e-07, "encoded": 0.0}}
{"event": "spatial_source_complete", "source_id": 66, "old_global_max_abs": {"p3": 0.0001220703125, "predicted": 1.9073486328125e-06, "encoded": 0.0}}
{"event": "spatial_source_complete", "source_id": 67, "old_global_max_abs": {"p3": 6.103515625e-05, "predicted": 9.5367431640625e-07, "encoded": 0.0}}
{"event": "spatial_source_complete", "source_id": 68, "old_global_max_abs": {"p3": 6.103515625e-05, "predicted": 9.5367431640625e-07, "encoded": 0.0}}
{"event": "spatial_source_complete", "source_id": 69, "old_global_max_abs": {"p3": 6.103515625e-05, "predicted": 9.5367431640625e-07, "encoded": 0.0}}
{"event": "spatial_source_complete", "source_id": 70, "old_global_max_abs": {"p3": 6.103515625e-05, "predicted": 2.384185791015625e-06, "encoded": 0.0}}
{"event": "spatial_source_complete", "source_id": 71, "old_global_max_abs": {"p3": 6.103515625e-05, "predicted": 2.2649765014648438e-06, "encoded": 0.0}}
{"event": "spatial_source_complete", "source_id": 72, "old_global_max_abs": {"p3": 6.103515625e-05, "predicted": 1.1920928955078125e-06, "encoded": 0.0}}
{"event": "spatial_source_complete", "source_id": 73, "old_global_max_abs": {"p3": 0.0001220703125, "predicted": 1.3709068298339844e-06, "encoded": 0.0}}
{"event": "spatial_source_complete", "source_id": 74, "old_global_max_abs": {"p3": 6.103515625e-05, "predicted": 1.9073486328125e-06, "encoded": 0.0}}
{"event": "spatial_source_complete", "source_id": 75, "old_global_max_abs": {"p3": 6.103515625e-05, "predicted": 9.5367431640625e-07, "encoded": 0.0}}
{"event": "spatial_source_complete", "source_id": 76, "old_global_max_abs": {"p3": 6.103515625e-05, "predicted": 1.1920928955078125e-06, "encoded": 0.0}}
{"event": "spatial_source_complete", "source_id": 77, "old_global_max_abs": {"p3": 6.103515625e-05, "predicted": 9.5367431640625e-07, "encoded": 0.0}}
{"event": "spatial_source_complete", "source_id": 78, "old_global_max_abs": {"p3": 3.0517578125e-05, "predicted": 9.5367431640625e-07, "encoded": 0.0}}
{"event": "spatial_source_complete", "source_id": 79, "old_global_max_abs": {"p3": 0.0001220703125, "predicted": 1.1920928955078125e-06, "encoded": 0.0}}
{"event": "spatial_source_complete", "source_id": 80, "old_global_max_abs": {"p3": 6.103515625e-05, "predicted": 1.0579824447631836e-06, "encoded": 0.0}}
{"event": "spatial_source_complete", "source_id": 81, "old_global_max_abs": {"p3": 6.103515625e-05, "predicted": 1.430511474609375e-06, "encoded": 0.0}}
{"event": "spatial_source_complete", "source_id": 82, "old_global_max_abs": {"p3": 6.103515625e-05, "predicted": 2.86102294921875e-06, "encoded": 0.0}}
{"event": "spatial_source_complete", "source_id": 83, "old_global_max_abs": {"p3": 6.103515625e-05, "predicted": 9.5367431640625e-07, "encoded": 0.0}}
{"event": "spatial_source_complete", "source_id": 84, "old_global_max_abs": {"p3": 6.103515625e-05, "predicted": 9.5367431640625e-07, "encoded": 0.0}}
{"event": "spatial_source_complete", "source_id": 85, "old_global_max_abs": {"p3": 6.103515625e-05, "predicted": 9.5367431640625e-07, "encoded": 0.0}}
{"event": "spatial_source_complete", "source_id": 86, "old_global_max_abs": {"p3": 6.103515625e-05, "predicted": 1.9073486328125e-06, "encoded": 0.0}}
{"event": "spatial_source_complete", "source_id": 87, "old_global_max_abs": {"p3": 0.0001220703125, "predicted": 1.9073486328125e-06, "encoded": 0.0}}
{"event": "spatial_source_complete", "source_id": 88, "old_global_max_abs": {"p3": 6.103515625e-05, "predicted": 1.043081283569336e-06, "encoded": 0.0}}
{"event": "spatial_source_complete", "source_id": 89, "old_global_max_abs": {"p3": 6.103515625e-05, "predicted": 1.9073486328125e-06, "encoded": 0.0}}
{"event": "spatial_source_complete", "source_id": 90, "old_global_max_abs": {"p3": 6.103515625e-05, "predicted": 1.9073486328125e-06, "encoded": 0.0}}
{"event": "spatial_source_complete", "source_id": 91, "old_global_max_abs": {"p3": 6.103515625e-05, "predicted": 9.5367431640625e-07, "encoded": 0.0}}
{"event": "spatial_source_complete", "source_id": 92, "old_global_max_abs": {"p3": 6.103515625e-05, "predicted": 9.5367431640625e-07, "encoded": 0.0}}
{"event": "spatial_source_complete", "source_id": 93, "old_global_max_abs": {"p3": 6.103515625e-05, "predicted": 1.9073486328125e-06, "encoded": 0.0}}
{"event": "spatial_source_complete", "source_id": 94, "old_global_max_abs": {"p3": 6.103515625e-05, "predicted": 1.1920928955078125e-06, "encoded": 0.0}}
{"event": "spatial_source_complete", "source_id": 95, "old_global_max_abs": {"p3": 6.103515625e-05, "predicted": 9.5367431640625e-07, "encoded": 0.0}}
{"event": "spatial_source_complete", "source_id": 96, "old_global_max_abs": {"p3": 6.103515625e-05, "predicted": 9.5367431640625e-07, "encoded": 0.0}}
{"event": "spatial_source_complete", "source_id": 97, "old_global_max_abs": {"p3": 6.103515625e-05, "predicted": 1.1920928955078125e-06, "encoded": 0.0}}
{"event": "spatial_source_complete", "source_id": 98, "old_global_max_abs": {"p3": 6.103515625e-05, "predicted": 1.1771917343139648e-06, "encoded": 0.0}}
{"event": "spatial_source_complete", "source_id": 99, "old_global_max_abs": {"p3": 6.103515625e-05, "predicted": 9.5367431640625e-07, "encoded": 0.0}}
{"event": "spatial_source_complete", "source_id": 100, "old_global_max_abs": {"p3": 6.103515625e-05, "predicted": 1.9073486328125e-06, "encoded": 0.0}}
{"event": "spatial_source_complete", "source_id": 101, "old_global_max_abs": {"p3": 6.103515625e-05, "predicted": 9.5367431640625e-07, "encoded": 0.0}}
{"event": "spatial_source_complete", "source_id": 102, "old_global_max_abs": {"p3": 6.103515625e-05, "predicted": 9.5367431640625e-07, "encoded": 0.0}}
{"event": "spatial_source_complete", "source_id": 103, "old_global_max_abs": {"p3": 6.103515625e-05, "predicted": 1.9073486328125e-06, "encoded": 0.0}}
{"event": "spatial_source_complete", "source_id": 104, "old_global_max_abs": {"p3": 6.103515625e-05, "predicted": 1.9073486328125e-06, "encoded": 0.0}}
{"event": "spatial_source_complete", "source_id": 105, "old_global_max_abs": {"p3": 6.103515625e-05, "predicted": 9.5367431640625e-07, "encoded": 0.0}}
{"event": "spatial_source_complete", "source_id": 106, "old_global_max_abs": {"p3": 6.103515625e-05, "predicted": 1.9073486328125e-06, "encoded": 0.0}}
{"event": "spatial_source_complete", "source_id": 107, "old_global_max_abs": {"p3": 6.103515625e-05, "predicted": 9.5367431640625e-07, "encoded": 0.0}}
{"event": "spatial_source_complete", "source_id": 108, "old_global_max_abs": {"p3": 6.103515625e-05, "predicted": 9.5367431640625e-07, "encoded": 0.0}}
{"event": "spatial_source_complete", "source_id": 109, "old_global_max_abs": {"p3": 6.103515625e-05, "predicted": 9.5367431640625e-07, "encoded": 0.0}}
{"event": "spatial_source_complete", "source_id": 110, "old_global_max_abs": {"p3": 3.0517578125e-05, "predicted": 1.9073486328125e-06, "encoded": 0.0}}
{"event": "spatial_source_complete", "source_id": 111, "old_global_max_abs": {"p3": 3.0517578125e-05, "predicted": 1.9073486328125e-06, "encoded": 0.0}}
{"event": "spatial_source_complete", "source_id": 112, "old_global_max_abs": {"p3": 0.0001220703125, "predicted": 9.5367431640625e-07, "encoded": 0.0}}
{"event": "spatial_source_complete", "source_id": 113, "old_global_max_abs": {"p3": 6.103515625e-05, "predicted": 2.1457672119140625e-06, "encoded": 0.0}}
{"event": "spatial_source_complete", "source_id": 114, "old_global_max_abs": {"p3": 6.103515625e-05, "predicted": 9.5367431640625e-07, "encoded": 0.0}}
{"event": "spatial_source_complete", "source_id": 115, "old_global_max_abs": {"p3": 0.0001220703125, "predicted": 9.5367431640625e-07, "encoded": 0.0}}
{"event": "spatial_source_complete", "source_id": 116, "old_global_max_abs": {"p3": 6.103515625e-05, "predicted": 9.5367431640625e-07, "encoded": 0.0}}
{"event": "spatial_source_complete", "source_id": 117, "old_global_max_abs": {"p3": 6.103515625e-05, "predicted": 1.9073486328125e-06, "encoded": 0.0}}
{"event": "spatial_source_complete", "source_id": 118, "old_global_max_abs": {"p3": 6.103515625e-05, "predicted": 9.5367431640625e-07, "encoded": 0.0}}
{"event": "spatial_source_complete", "source_id": 119, "old_global_max_abs": {"p3": 0.0001220703125, "predicted": 9.5367431640625e-07, "encoded": 0.0}}
{"event": "spatial_source_complete", "source_id": 120, "old_global_max_abs": {"p3": 6.103515625e-05, "predicted": 1.1920928955078125e-06, "encoded": 0.0}}
{"event": "spatial_source_complete", "source_id": 121, "old_global_max_abs": {"p3": 6.103515625e-05, "predicted": 9.5367431640625e-07, "encoded": 0.0}}
{"event": "spatial_source_complete", "source_id": 122, "old_global_max_abs": {"p3": 6.103515625e-05, "predicted": 1.430511474609375e-06, "encoded": 0.0}}
{"event": "spatial_source_complete", "source_id": 123, "old_global_max_abs": {"p3": 6.103515625e-05, "predicted": 1.6689300537109375e-06, "encoded": 0.0}}
{"event": "spatial_source_complete", "source_id": 124, "old_global_max_abs": {"p3": 3.0517578125e-05, "predicted": 9.5367431640625e-07, "encoded": 0.0}}
