Gym has been unmaintained since 2022 and does not support NumPy 2.0 amongst other critical functionality.
Please upgrade to Gymnasium, the maintained drop-in replacement of Gym, or contact the authors of your software and request that they upgrade.
See the migration guide at https://gymnasium.farama.org/introduction/migration_guide/ for additional information.
/opt/conda/lib/python3.11/site-packages/pygame/pkgdata.py:25: DeprecationWarning: pkg_resources is deprecated as an API. See https://setuptools.pypa.io/en/latest/pkg_resources.html
  from pkg_resources import resource_stream, resource_exists
[WARNING ][2026-09-06 08:20:50][Cluster utils       ][_build_dataset_paths     ] JEPAWM_DSET environment variable not set. Dataset paths will need to be provided manually or set the environment variable. See README.md for setup instructions.
[WARNING ][2026-09-06 08:20:50][src.utils.yaml_utils][replace_var              ] Environment variable 'JEPAWM_LOGS' not found at folder. Keeping original placeholder: ${JEPAWM_LOGS}
[WARNING ][2026-09-06 08:20:50][src.utils.yaml_utils][replace_var              ] Environment variable 'JEPAWM_CKPT' not found at checkpoint_folder. Keeping original placeholder: ${JEPAWM_CKPT}
[INFO    ][2026-09-06 08:20:50][httpx               ][_send_single_request     ] HTTP Request: HEAD https://huggingface.co/facebook/jepa-wms/resolve/main/jepa_wm_metaworld.pth.tar "HTTP/1.1 302 Found"
Warning: You are sending unauthenticated requests to the HF Hub. Please set a HF_TOKEN to enable higher rate limits and faster downloads.
[WARNING ][2026-09-06 08:20:50][huggingface_hub.utils._http][_warn_on_warning_headers ] Warning: You are sending unauthenticated requests to the HF Hub. Please set a HF_TOKEN to enable higher rate limits and faster downloads.
Using cache found in /root/.cache/torch/hub/facebookresearch_dinov2_main
[INFO    ][2026-09-06 08:20:50][dinov2              ][__init__                 ] using MLP layer as FFN
[INFO    ][2026-09-06 08:20:51][root                ][init_video_model         ] Encoder: DinoEncoder(
  (base_model): DinoVisionTransformer(
    (patch_embed): PatchEmbed(
      (proj): Conv2d(3, 384, kernel_size=(14, 14), stride=(14, 14))
      (norm): Identity()
    )
    (blocks): ModuleList(
      (0-11): 12 x NestedTensorBlock(
        (norm1): LayerNorm((384,), eps=1e-06, elementwise_affine=True)
        (attn): MemEffAttention(
          (qkv): Linear(in_features=384, out_features=1152, bias=True)
          (proj): Linear(in_features=384, out_features=384, bias=True)
          (proj_drop): Dropout(p=0.0, inplace=False)
        )
        (ls1): LayerScale()
        (drop_path1): Identity()
        (norm2): LayerNorm((384,), eps=1e-06, elementwise_affine=True)
        (mlp): Mlp(
          (fc1): Linear(in_features=384, out_features=1536, bias=True)
          (act): GELU(approximate='none')
          (fc2): Linear(in_features=1536, out_features=384, bias=True)
          (drop): Dropout(p=0.0, inplace=False)
        )
        (ls2): LayerScale()
        (drop_path2): Identity()
      )
    )
    (norm): LayerNorm((384,), eps=1e-06, elementwise_affine=True)
    (head): Identity()
  )
)
[INFO    ][2026-09-06 08:20:51][root                ][init_video_model         ] 🧠 Encoder: DinoEncoder (22,056,576 params, frozen=True)
[INFO    ][2026-09-06 08:20:51][app.plan_common.models.AdaLN_vit][__init__                 ] 🔧 Initialized 6 AdaLN blocks (scale_factor=10)
[INFO    ][2026-09-06 08:20:51][root                ][init_video_model         ] Predictor: VisionTransformerAdaLN(
  (predictor_embed): Linear(in_features=384, out_features=384, bias=True)
  (action_encoder): Linear(in_features=20, out_features=400, bias=True)
  (predictor_blocks): ModuleList(
    (0-5): 6 x FWAdaLNBlock(
      (norm1): LayerNorm((400,), eps=1e-06, elementwise_affine=True)
      (attn): RoPEAttention(
        (qkv): Linear(in_features=400, out_features=1200, bias=True)
        (attn_drop): Dropout(p=0.0, inplace=False)
        (proj): Linear(in_features=400, out_features=400, bias=True)
        (proj_drop): Dropout(p=0.0, inplace=False)
      )
      (drop_path): Identity()
      (norm2): LayerNorm((400,), eps=1e-06, elementwise_affine=True)
      (mlp): MLP(
        (fc1): Linear(in_features=400, out_features=1600, bias=True)
        (act): GELU(approximate='none')
        (fc2): Linear(in_features=1600, out_features=400, bias=True)
        (drop): Dropout(p=0.0, inplace=False)
      )
      (adaLN_modulation): Sequential(
        (0): SiLU()
        (1): Linear(in_features=400, out_features=2400, bias=True)
      )
    )
  )
  (predictor_norm): LayerNorm((400,), eps=1e-06, elementwise_affine=True)
  (predictor_proj): Linear(in_features=384, out_features=384, bias=True)
)
[INFO    ][2026-09-06 08:20:51][root                ][init_video_model         ] 🔮 Predictor: VisionTransformerAdaLN (17,630,480 params)
[INFO    ][2026-09-06 08:20:51][root                ][fetch_checkpoint         ] Loading checkpoint from local path: /root/.cache/huggingface/hub/models--facebook--jepa-wms/snapshots/9b9c41ef249466630dbf1a20e78391865d07b3b9/jepa_wm_metaworld.pth.tar
[INFO    ][2026-09-06 08:20:51][root                ][load_checkpoint_state_dict] loaded pretrained predictor from epoch 50 with msg: <All keys matched successfully>
[INFO    ][2026-09-06 08:20:51][root                ][load_checkpoint_state_dict] loaded pretrained proprio encoder from epoch 50 with msg: <All keys matched successfully>
[INFO    ][2026-09-06 08:20:51][root                ][__init__                 ] 📉 Loss weights: L2=1.0
[INFO    ][2026-09-06 08:20:51][OpenGL.platform.ctypesloader][_loadLibraryPosix        ] Failed to load library ( 'libOpenGL.so.0' ): libOpenGL.so.0: cannot open shared object file: No such file or directory
[INFO    ][2026-09-06 08:20:51][OpenGL.acceleratesupport][<module>                 ] No OpenGL_accelerate module loaded: No module named 'OpenGL_accelerate'
[INFO    ][2026-09-06 08:20:51][OpenGL.platform.ctypesloader][_loadLibraryPosix        ] Failed to load library ( 'libOpenGL.so.0' ): libOpenGL.so.0: cannot open shared object file: No such file or directory
[INFO    ][2026-09-06 08:20:52][evals.simu_env_planning.envs.metaworld][make_env                 ] No env_cls so env initialized with seed 1 and env_id='reach-wall-v3-goal-observable'
[INFO    ][2026-09-06 08:20:52][evals.simu_env_planning.planning.gc_agent][__init__                 ] 🏗️  Initializing GC_Agent with WorldModel
[INFO    ][2026-09-06 08:20:52][evals.simu_env_planning.planning.plan_evaluator][get_goal_state_mw        ] Creating expert env ...
[INFO    ][2026-09-06 08:20:52][evals.simu_env_planning.envs.metaworld][make_env                 ] No env_cls so env initialized with seed 1 and env_id='reach-wall-v3-goal-observable'
/opt/conda/lib/python3.11/site-packages/metaworld/policies/policy.py:49: UserWarning: Constant(s) may be too high. Environments clip response to [-1, 1]
  warnings.warn(
[INFO    ][2026-09-06 08:22:13][evals.simu_env_planning.envs.metaworld][render                   ] Reinitializing render MetaworldWrapper
{"event": "episode", "completed": 1, "path": "episode-076.pt", "sha256": "9ab23fc574d7de4c1d82f1b27d83f0402efb7ec18e25c13dfc130ee07f51e35b", "episode": 76, "environment_seed": 2026090576, "planner_seed": 90576, "final_success": false, "ever_success": false, "replan_count": 7, "duration_seconds": 496.0741457352415}
{
  "schema_version": 1,
  "created_utc": "2026-09-06T08:29:09.021385+00:00",
  "complete": true,
  "scope": "unsteered frozen JEPA-WM on-policy cache",
  "task": "mw-reach-wall",
  "model_provenance": {
    "model_name": "jepa_wm_metaworld",
    "config": "/root/geometry-map-jepawm-reach-wall-v1/vendor/jepa-wms/configs/evals/simu_env_planning/mw/jepa-wm/reach-wall_L2_cem_sourcexp_H6_nas3_ctxt2_r256_alpha0.1_ep48_decode.yaml",
    "checkpoint": "/root/.cache/huggingface/hub/models--facebook--jepa-wms/snapshots/9b9c41ef249466630dbf1a20e78391865d07b3b9/jepa_wm_metaworld.pth.tar",
    "loader": "official constructor/checkpoint; heads_cfg cleared"
  },
  "config": "/root/geometry-map-jepawm-reach-wall-v1/vendor/jepa-wms/configs/evals/simu_env_planning/mw/jepa-wm/reach-wall_L2_cem_sourcexp_H6_nas3_ctxt2_r256_alpha0.1_ep48_decode.yaml",
  "config_sha256": "37400233186d343e7a830ce820b75e86ad134bc26fa1adf43ebc3fd7ed4591c3",
  "causal_block": 3,
  "episode_count": 1,
  "episodes": [
    76
  ],
  "duration_seconds": 496.99881287897006
}
