Gym has been unmaintained since 2022 and does not support NumPy 2.0 amongst other critical functionality.
Please upgrade to Gymnasium, the maintained drop-in replacement of Gym, or contact the authors of your software and request that they upgrade.
See the migration guide at https://gymnasium.farama.org/introduction/migration_guide/ for additional information.
/opt/conda/lib/python3.11/site-packages/pygame/pkgdata.py:25: DeprecationWarning: pkg_resources is deprecated as an API. See https://setuptools.pypa.io/en/latest/pkg_resources.html
  from pkg_resources import resource_stream, resource_exists
[WARNING ][2026-09-05 20:48:04][Cluster utils       ][_build_dataset_paths     ] JEPAWM_DSET environment variable not set. Dataset paths will need to be provided manually or set the environment variable. See README.md for setup instructions.
[WARNING ][2026-09-05 20:48:05][src.utils.yaml_utils][replace_var              ] Environment variable 'JEPAWM_LOGS' not found at folder. Keeping original placeholder: ${JEPAWM_LOGS}
[WARNING ][2026-09-05 20:48:05][src.utils.yaml_utils][replace_var              ] Environment variable 'JEPAWM_CKPT' not found at checkpoint_folder. Keeping original placeholder: ${JEPAWM_CKPT}
[INFO    ][2026-09-05 20:48:05][httpx               ][_send_single_request     ] HTTP Request: HEAD https://huggingface.co/facebook/jepa-wms/resolve/main/jepa_wm_metaworld.pth.tar "HTTP/1.1 302 Found"
Using cache found in /root/.cache/torch/hub/facebookresearch_dinov2_main
[INFO    ][2026-09-05 20:48:05][dinov2              ][__init__                 ] using MLP layer as FFN
[INFO    ][2026-09-05 20:48:06][root                ][init_video_model         ] Encoder: DinoEncoder(
  (base_model): DinoVisionTransformer(
    (patch_embed): PatchEmbed(
      (proj): Conv2d(3, 384, kernel_size=(14, 14), stride=(14, 14))
      (norm): Identity()
    )
    (blocks): ModuleList(
      (0-11): 12 x NestedTensorBlock(
        (norm1): LayerNorm((384,), eps=1e-06, elementwise_affine=True)
        (attn): MemEffAttention(
          (qkv): Linear(in_features=384, out_features=1152, bias=True)
          (proj): Linear(in_features=384, out_features=384, bias=True)
          (proj_drop): Dropout(p=0.0, inplace=False)
        )
        (ls1): LayerScale()
        (drop_path1): Identity()
        (norm2): LayerNorm((384,), eps=1e-06, elementwise_affine=True)
        (mlp): Mlp(
          (fc1): Linear(in_features=384, out_features=1536, bias=True)
          (act): GELU(approximate='none')
          (fc2): Linear(in_features=1536, out_features=384, bias=True)
          (drop): Dropout(p=0.0, inplace=False)
        )
        (ls2): LayerScale()
        (drop_path2): Identity()
      )
    )
    (norm): LayerNorm((384,), eps=1e-06, elementwise_affine=True)
    (head): Identity()
  )
)
[INFO    ][2026-09-05 20:48:06][root                ][init_video_model         ] 🧠 Encoder: DinoEncoder (22,056,576 params, frozen=True)
[INFO    ][2026-09-05 20:48:06][app.plan_common.models.AdaLN_vit][__init__                 ] 🔧 Initialized 6 AdaLN blocks (scale_factor=10)
[INFO    ][2026-09-05 20:48:06][root                ][init_video_model         ] Predictor: VisionTransformerAdaLN(
  (predictor_embed): Linear(in_features=384, out_features=384, bias=True)
  (action_encoder): Linear(in_features=20, out_features=400, bias=True)
  (predictor_blocks): ModuleList(
    (0-5): 6 x FWAdaLNBlock(
      (norm1): LayerNorm((400,), eps=1e-06, elementwise_affine=True)
      (attn): RoPEAttention(
        (qkv): Linear(in_features=400, out_features=1200, bias=True)
        (attn_drop): Dropout(p=0.0, inplace=False)
        (proj): Linear(in_features=400, out_features=400, bias=True)
        (proj_drop): Dropout(p=0.0, inplace=False)
      )
      (drop_path): Identity()
      (norm2): LayerNorm((400,), eps=1e-06, elementwise_affine=True)
      (mlp): MLP(
        (fc1): Linear(in_features=400, out_features=1600, bias=True)
        (act): GELU(approximate='none')
        (fc2): Linear(in_features=1600, out_features=400, bias=True)
        (drop): Dropout(p=0.0, inplace=False)
      )
      (adaLN_modulation): Sequential(
        (0): SiLU()
        (1): Linear(in_features=400, out_features=2400, bias=True)
      )
    )
  )
  (predictor_norm): LayerNorm((400,), eps=1e-06, elementwise_affine=True)
  (predictor_proj): Linear(in_features=384, out_features=384, bias=True)
)
[INFO    ][2026-09-05 20:48:06][root                ][init_video_model         ] 🔮 Predictor: VisionTransformerAdaLN (17,630,480 params)
[INFO    ][2026-09-05 20:48:06][root                ][fetch_checkpoint         ] Loading checkpoint from local path: /root/.cache/huggingface/hub/models--facebook--jepa-wms/snapshots/9b9c41ef249466630dbf1a20e78391865d07b3b9/jepa_wm_metaworld.pth.tar
[INFO    ][2026-09-05 20:48:06][root                ][load_checkpoint_state_dict] loaded pretrained predictor from epoch 50 with msg: <All keys matched successfully>
[INFO    ][2026-09-05 20:48:06][root                ][load_checkpoint_state_dict] loaded pretrained proprio encoder from epoch 50 with msg: <All keys matched successfully>
[INFO    ][2026-09-05 20:48:06][root                ][__init__                 ] 📉 Loss weights: L2=1.0
[INFO    ][2026-09-05 20:48:06][OpenGL.platform.ctypesloader][_loadLibraryPosix        ] Failed to load library ( 'libOpenGL.so.0' ): libOpenGL.so.0: cannot open shared object file: No such file or directory
[INFO    ][2026-09-05 20:48:06][OpenGL.acceleratesupport][<module>                 ] No OpenGL_accelerate module loaded: No module named 'OpenGL_accelerate'
[INFO    ][2026-09-05 20:48:06][OpenGL.platform.ctypesloader][_loadLibraryPosix        ] Failed to load library ( 'libOpenGL.so.0' ): libOpenGL.so.0: cannot open shared object file: No such file or directory
[INFO    ][2026-09-05 20:48:06][evals.simu_env_planning.envs.metaworld][make_env                 ] No env_cls so env initialized with seed 1 and env_id='reach-wall-v3-goal-observable'
[INFO    ][2026-09-05 20:48:06][evals.simu_env_planning.planning.gc_agent][__init__                 ] 🏗️  Initializing GC_Agent with WorldModel
[INFO    ][2026-09-05 20:48:06][evals.simu_env_planning.planning.plan_evaluator][get_goal_state_mw        ] Creating expert env ...
[INFO    ][2026-09-05 20:48:07][evals.simu_env_planning.envs.metaworld][make_env                 ] No env_cls so env initialized with seed 1 and env_id='reach-wall-v3-goal-observable'
/opt/conda/lib/python3.11/site-packages/metaworld/policies/policy.py:49: UserWarning: Constant(s) may be too high. Environments clip response to [-1, 1]
  warnings.warn(
{"event": "replay_start_errors", "pixels": 0.0, "proprio": 0.0, "qpos": 0.0, "goal_pixels": 0.0}
{"event": "fixed_candidates_unroll_started", "arm": "unsteered", "horizon": 6, "candidates": 300}
{"event": "support_arm_complete", "arm": "unsteered", "seconds": 7.763199134264141, "cross_process_checks": {"costs": {"max_absolute_error": 2.384185791015625e-07, "bound": 1e-06, "actual_dtype": "torch.float32", "cached_dtype": "torch.float32"}, "pooled_visual": {"max_absolute_error": 0.0, "bound": 1e-06, "actual_dtype": "torch.float32", "cached_dtype": "torch.float32"}, "proprio": {"max_absolute_error": 0.0, "bound": 1e-06, "actual_dtype": "torch.float32", "cached_dtype": "torch.float32"}}, "mean_requested_raw_edit_l2": 0.0, "max_realized_standardized_orthogonal_l2": 0.0}
[INFO    ][2026-09-05 20:48:14][evals.simu_env_planning.envs.metaworld][make_env                 ] No env_cls so env initialized with seed 1 and env_id='reach-wall-v3-goal-observable'
[INFO    ][2026-09-05 20:48:14][evals.simu_env_planning.planning.gc_agent][__init__                 ] 🏗️  Initializing GC_Agent with WorldModel
[INFO    ][2026-09-05 20:48:14][evals.simu_env_planning.planning.plan_evaluator][get_goal_state_mw        ] Creating expert env ...
[INFO    ][2026-09-05 20:48:14][evals.simu_env_planning.envs.metaworld][make_env                 ] No env_cls so env initialized with seed 1 and env_id='reach-wall-v3-goal-observable'
{"event": "replay_start_errors", "pixels": 0.0, "proprio": 0.0, "qpos": 0.0, "goal_pixels": 0.0}
{"event": "fixed_candidates_unroll_started", "arm": "identity", "horizon": 6, "candidates": 300}
{"event": "support_arm_complete", "arm": "identity", "seconds": 7.412686704657972, "cross_process_checks": {"costs": {"max_absolute_error": 2.384185791015625e-07, "bound": 1e-06, "actual_dtype": "torch.float32", "cached_dtype": "torch.float32"}, "pooled_visual": {"max_absolute_error": 0.0, "bound": 1e-06, "actual_dtype": "torch.float32", "cached_dtype": "torch.float32"}, "proprio": {"max_absolute_error": 0.0, "bound": 1e-06, "actual_dtype": "torch.float32", "cached_dtype": "torch.float32"}}, "mean_requested_raw_edit_l2": 0.0, "max_realized_standardized_orthogonal_l2": 0.0}
[INFO    ][2026-09-05 20:48:21][evals.simu_env_planning.envs.metaworld][make_env                 ] No env_cls so env initialized with seed 1 and env_id='reach-wall-v3-goal-observable'
[INFO    ][2026-09-05 20:48:21][evals.simu_env_planning.planning.gc_agent][__init__                 ] 🏗️  Initializing GC_Agent with WorldModel
[INFO    ][2026-09-05 20:48:21][evals.simu_env_planning.planning.plan_evaluator][get_goal_state_mw        ] Creating expert env ...
[INFO    ][2026-09-05 20:48:22][evals.simu_env_planning.envs.metaworld][make_env                 ] No env_cls so env initialized with seed 1 and env_id='reach-wall-v3-goal-observable'
{"event": "replay_start_errors", "pixels": 0.0, "proprio": 0.0, "qpos": 0.0, "goal_pixels": 0.0}
{"event": "fixed_candidates_unroll_started", "arm": "subspace_up", "horizon": 6, "candidates": 300}
{"event": "support_arm_complete", "arm": "subspace_up", "seconds": 7.391123031266034, "cross_process_checks": {"costs": {"max_absolute_error": 0.0, "bound": 1e-06, "actual_dtype": "torch.float32", "cached_dtype": "torch.float32"}, "pooled_visual": {"max_absolute_error": 0.0, "bound": 1e-06, "actual_dtype": "torch.float32", "cached_dtype": "torch.float32"}, "proprio": {"max_absolute_error": 0.0, "bound": 1e-06, "actual_dtype": "torch.float32", "cached_dtype": "torch.float32"}}, "mean_requested_raw_edit_l2": 0.8320543169975281, "max_realized_standardized_orthogonal_l2": 8.867028554959688e-06}
[INFO    ][2026-09-05 20:48:29][evals.simu_env_planning.envs.metaworld][make_env                 ] No env_cls so env initialized with seed 1 and env_id='reach-wall-v3-goal-observable'
[INFO    ][2026-09-05 20:48:29][evals.simu_env_planning.planning.gc_agent][__init__                 ] 🏗️  Initializing GC_Agent with WorldModel
[INFO    ][2026-09-05 20:48:29][evals.simu_env_planning.planning.plan_evaluator][get_goal_state_mw        ] Creating expert env ...
[INFO    ][2026-09-05 20:48:29][evals.simu_env_planning.envs.metaworld][make_env                 ] No env_cls so env initialized with seed 1 and env_id='reach-wall-v3-goal-observable'
{"event": "replay_start_errors", "pixels": 0.0, "proprio": 0.0, "qpos": 0.0, "goal_pixels": 0.0}
{"event": "fixed_candidates_unroll_started", "arm": "sham_up", "horizon": 6, "candidates": 300}
{"event": "support_arm_complete", "arm": "sham_up", "seconds": 7.366706168279052, "cross_process_checks": {"costs": {"max_absolute_error": 2.384185791015625e-07, "bound": 1e-06, "actual_dtype": "torch.float32", "cached_dtype": "torch.float32"}, "pooled_visual": {"max_absolute_error": 0.0, "bound": 1e-06, "actual_dtype": "torch.float32", "cached_dtype": "torch.float32"}, "proprio": {"max_absolute_error": 0.0, "bound": 1e-06, "actual_dtype": "torch.float32", "cached_dtype": "torch.float32"}}, "mean_requested_raw_edit_l2": 0.8320543169975281, "max_realized_standardized_orthogonal_l2": 2.6471924781799316}
[INFO    ][2026-09-05 20:48:36][evals.simu_env_planning.envs.metaworld][make_env                 ] No env_cls so env initialized with seed 1 and env_id='reach-wall-v3-goal-observable'
[INFO    ][2026-09-05 20:48:36][evals.simu_env_planning.planning.gc_agent][__init__                 ] 🏗️  Initializing GC_Agent with WorldModel
[INFO    ][2026-09-05 20:48:36][evals.simu_env_planning.planning.plan_evaluator][get_goal_state_mw        ] Creating expert env ...
[INFO    ][2026-09-05 20:48:36][evals.simu_env_planning.envs.metaworld][make_env                 ] No env_cls so env initialized with seed 1 and env_id='reach-wall-v3-goal-observable'
{"event": "replay_start_errors", "pixels": 0.0, "proprio": 0.0, "qpos": 0.0, "goal_pixels": 0.0}
{"event": "fixed_candidates_unroll_started", "arm": "subspace_down", "horizon": 6, "candidates": 300}
{"event": "support_arm_complete", "arm": "subspace_down", "seconds": 7.41855799080804, "cross_process_checks": {"costs": {"max_absolute_error": 2.384185791015625e-07, "bound": 1e-06, "actual_dtype": "torch.float32", "cached_dtype": "torch.float32"}, "pooled_visual": {"max_absolute_error": 0.0, "bound": 1e-06, "actual_dtype": "torch.float32", "cached_dtype": "torch.float32"}, "proprio": {"max_absolute_error": 0.0, "bound": 1e-06, "actual_dtype": "torch.float32", "cached_dtype": "torch.float32"}}, "mean_requested_raw_edit_l2": 0.8198146820068359, "max_realized_standardized_orthogonal_l2": 8.186982086044736e-06}
[INFO    ][2026-09-05 20:48:44][evals.simu_env_planning.envs.metaworld][make_env                 ] No env_cls so env initialized with seed 1 and env_id='reach-wall-v3-goal-observable'
[INFO    ][2026-09-05 20:48:44][evals.simu_env_planning.planning.gc_agent][__init__                 ] 🏗️  Initializing GC_Agent with WorldModel
[INFO    ][2026-09-05 20:48:44][evals.simu_env_planning.planning.plan_evaluator][get_goal_state_mw        ] Creating expert env ...
[INFO    ][2026-09-05 20:48:44][evals.simu_env_planning.envs.metaworld][make_env                 ] No env_cls so env initialized with seed 1 and env_id='reach-wall-v3-goal-observable'
{"event": "replay_start_errors", "pixels": 0.0, "proprio": 0.0, "qpos": 0.0, "goal_pixels": 0.0}
{"event": "fixed_candidates_unroll_started", "arm": "sham_down", "horizon": 6, "candidates": 300}
{"event": "support_arm_complete", "arm": "sham_down", "seconds": 7.391724090091884, "cross_process_checks": {"costs": {"max_absolute_error": 2.384185791015625e-07, "bound": 1e-06, "actual_dtype": "torch.float32", "cached_dtype": "torch.float32"}, "pooled_visual": {"max_absolute_error": 0.0, "bound": 1e-06, "actual_dtype": "torch.float32", "cached_dtype": "torch.float32"}, "proprio": {"max_absolute_error": 0.0, "bound": 1e-06, "actual_dtype": "torch.float32", "cached_dtype": "torch.float32"}}, "mean_requested_raw_edit_l2": 0.8198146820068359, "max_realized_standardized_orthogonal_l2": 2.2035183906555176}
