[bridge 17:58:15] bridge up pid 11816 python 3.10.21
[33;20m[WARNING] You have set norm_pixel = False, which means the observation will be uint8 values in [0, 255]. Please make sure you have parsed them later before feeding them to network! (metadrive_env.py:116)[0m
:device(error): Error adding inotify watch on /dev/input: No such file or directory
:device(error): Error opening directory /dev/input: No such file or directory
[33;20m[WARNING] You are using too large buffer! The height is 256, and width is 256. It may lower the sample efficiency! Consider reducing buffer size or use cuda image by set [image_on_cuda=True]. (base_camera.py:49)[0m
[33;20m[WARNING] You are using too large buffer! The height is 256, and width is 256. It may lower the sample efficiency! Consider reducing buffer size or use cuda image by set [image_on_cuda=True]. (base_camera.py:49)[0m
[bridge 18:36:37] bridge exit
[bridge 18:37:04] bridge up pid 16414 python 3.10.21
[33;20m[WARNING] You have set norm_pixel = False, which means the observation will be uint8 values in [0, 255]. Please make sure you have parsed them later before feeding them to network! (metadrive_env.py:116)[0m
:device(error): Error adding inotify watch on /dev/input: No such file or directory
:device(error): Error opening directory /dev/input: No such file or directory
[33;20m[WARNING] You are using too large buffer! The height is 256, and width is 256. It may lower the sample efficiency! Consider reducing buffer size or use cuda image by set [image_on_cuda=True]. (base_camera.py:49)[0m
[33;20m[WARNING] You are using too large buffer! The height is 256, and width is 256. It may lower the sample efficiency! Consider reducing buffer size or use cuda image by set [image_on_cuda=True]. (base_camera.py:49)[0m
[bridge 19:38:52] bridge exit
[bridge 19:39:11] bridge up pid 21762 python 3.10.21
[33;20m[WARNING] You have set norm_pixel = False, which means the observation will be uint8 values in [0, 255]. Please make sure you have parsed them later before feeding them to network! (metadrive_env.py:116)[0m
:device(error): Error adding inotify watch on /dev/input: No such file or directory
:device(error): Error opening directory /dev/input: No such file or directory
[33;20m[WARNING] You are using too large buffer! The height is 256, and width is 256. It may lower the sample efficiency! Consider reducing buffer size or use cuda image by set [image_on_cuda=True]. (base_camera.py:49)[0m
[33;20m[WARNING] You are using too large buffer! The height is 256, and width is 256. It may lower the sample efficiency! Consider reducing buffer size or use cuda image by set [image_on_cuda=True]. (base_camera.py:49)[0m
[bridge 21:37:20] bridge exit
[bridge 21:37:48] bridge up pid 25738 python 3.10.21
[33;20m[WARNING] You have set norm_pixel = False, which means the observation will be uint8 values in [0, 255]. Please make sure you have parsed them later before feeding them to network! (metadrive_env.py:116)[0m
:device(error): Error adding inotify watch on /dev/input: No such file or directory
:device(error): Error opening directory /dev/input: No such file or directory
[33;20m[WARNING] You are using too large buffer! The height is 256, and width is 256. It may lower the sample efficiency! Consider reducing buffer size or use cuda image by set [image_on_cuda=True]. (base_camera.py:49)[0m
[33;20m[WARNING] You are using too large buffer! The height is 256, and width is 256. It may lower the sample efficiency! Consider reducing buffer size or use cuda image by set [image_on_cuda=True]. (base_camera.py:49)[0m
